<html>
<body>
<pre>
<h1>礦ision Build Log</h1>
<h2>Tool Versions:</h2>
IDE-Version: μVision V5.36.0.0
Copyright (C) 2021 ARM Ltd and ARM Germany GmbH. All rights reserved.
License Information: 1 ajin, 11, LIC=MPPLD-8W76T-AR5XW-QDCU1-28WHF-59FI7
 
Tool Versions:
Toolchain:       MDK-ARM Plus  Version: 5.36.0.0
Toolchain Path:  C:\Keil_v5\ARM\ARMCC\Bin
C Compiler:      Armcc.exe V5.06 update 7 (build 960)
Assembler:       Armasm.exe V5.06 update 7 (build 960)
Linker/Locator:  ArmLink.exe V5.06 update 7 (build 960)
Library Manager: ArmAr.exe V5.06 update 7 (build 960)
Hex Converter:   FromElf.exe V5.06 update 7 (build 960)
CPU DLL:         SARMCM3.DLL V5.36.0.0
Dialog DLL:      DCM.DLL V1.17.3.0
Target DLL:      STLink\ST-LINKIII-KEIL_SWO.dll V3.0.9.0
Dialog DLL:      TCM.DLL V1.53.0.0
 
<h2>Project:</h2>
D:\1.课外项目\电梯\ALIENTEK MINISTM32 实验3 串口实验\USER\USART.uvprojx
Project File Date:  12/06/2025

<h2>Output:</h2>
*** Using Compiler 'V5.06 update 7 (build 960)', folder: 'C:\Keil_v5\ARM\ARMCC\Bin'
Build target 'Target 1'
compiling main.c...
main.c(29): warning:  #520-D: initialization with "{...}" expected for aggregate object
  static pkg_date sg_date = 0;
main.c(75): warning:  #167-D: argument of type "u8 *" is incompatible with parameter of type "const char *"
  	json = cJSON_Parse(buf); 
main.c(67): warning:  #177-D: variable "t"  was declared but never referenced
  	u16 t = 0;
main.c(144): warning:  #167-D: argument of type "u8 *" is incompatible with parameter of type "const char *restrict"
  	printf(buf);
main.c(147): warning:  #167-D: argument of type "u8 *" is incompatible with parameter of type "const char *"
  	distance = parse_distance(buf);
main.c(155): warning:  #167-D: argument of type "u8 *" is incompatible with parameter of type "const char *"
  	if(strcmp(buf,"OFF") == 0 || distance > 400)
main.c(135): warning:  #177-D: variable "t"  was declared but never referenced
  	u16 t = 0;
main.c(136): warning:  #177-D: variable "json"  was declared but never referenced
  	cJSON *json,*json_vlaue;
main.c(136): warning:  #177-D: variable "json_vlaue"  was declared but never referenced
  	cJSON *json,*json_vlaue;
main.c(138): warning:  #177-D: variable "youren_flag"  was declared but never referenced
  	static int youren_flag = 0;
main.c(139): warning:  #177-D: variable "wuren_flag"  was declared but never referenced
  	static int wuren_flag = 0;
main.c(281): warning:  #111-D: statement is unreachable
  			break;
main.c(202): warning:  #177-D: variable "buff"  was declared but never referenced
  	char buff[16];
main.c: 13 warnings, 0 errors
linking...
Program Size: Code=22572 RO-data=556 RW-data=128 ZI-data=19360  
FromELF: creating hex file...
"..\OBJ\USART.axf" - 0 Error(s), 13 Warning(s).

<h2>Software Packages used:</h2>

Package Vendor: Keil
                http://www.keil.com/pack/Keil.STM32F1xx_DFP.2.4.0.pack
                Keil.STM32F1xx_DFP.2.4.0
                STMicroelectronics STM32F1 Series Device Support, Drivers and Examples

<h2>Collection of Component include folders:</h2>
  C:\Users\ajin\AppData\Local\Arm\Packs\Keil\STM32F1xx_DFP\2.4.0\Device\Include

<h2>Collection of Component Files used:</h2>
Build Time Elapsed:  00:00:01
</pre>
</body>
</html>
