<!doctype html public "-//w3c//dtd html 4.0 transitional//en">
<html><head>
<title>Static Call Graph - [..\OBJ\USART.axf]</title></head>
<body><HR>
<H1>Static Call Graph for image ..\OBJ\USART.axf</H1><HR>
<BR><P>#&#060CALLGRAPH&#062# ARM Linker, 5060960: Last Updated: Sat Jan 17 02:01:55 2026
<BR><P>
<H3>Maximum Stack Usage =        688 bytes + Unknown(Cycles, Untraceable Function Pointers)</H3><H3>
Call chain for Maximum Stack Depth:</H3>
main &rArr; hc13_recv_process &rArr; hc13_send_date &rArr; cJSON_Print &rArr; print_value &rArr; print_object &rArr;  print_value (Cycle)
<P>
<H3>
Mutually Recursive functions
</H3> <LI><a href="#[9a]">parse_array</a>&nbsp;&nbsp;&nbsp;&rArr;&nbsp;&nbsp;&nbsp;<a href="#[99]">parse_value</a><BR>
 <LI><a href="#[97]">parse_object</a>&nbsp;&nbsp;&nbsp;&rArr;&nbsp;&nbsp;&nbsp;<a href="#[99]">parse_value</a><BR>
 <LI><a href="#[65]">cJSON_Delete</a>&nbsp;&nbsp;&nbsp;&rArr;&nbsp;&nbsp;&nbsp;<a href="#[65]">cJSON_Delete</a><BR>
 <LI><a href="#[9f]">print_array</a>&nbsp;&nbsp;&nbsp;&rArr;&nbsp;&nbsp;&nbsp;<a href="#[9e]">print_value</a><BR>
 <LI><a href="#[9d]">print_object</a>&nbsp;&nbsp;&nbsp;&rArr;&nbsp;&nbsp;&nbsp;<a href="#[9e]">print_value</a><BR>
 <LI><a href="#[1c]">ADC1_2_IRQHandler</a>&nbsp;&nbsp;&nbsp;&rArr;&nbsp;&nbsp;&nbsp;<a href="#[1c]">ADC1_2_IRQHandler</a><BR>
</UL>
<P>
<H3>
Function Pointers
</H3><UL>
 <LI><a href="#[1c]">ADC1_2_IRQHandler</a> from startup_stm32f10x_hd.o(.text) referenced from startup_stm32f10x_hd.o(RESET)
 <LI><a href="#[39]">ADC3_IRQHandler</a> from startup_stm32f10x_hd.o(.text) referenced from startup_stm32f10x_hd.o(RESET)
 <LI><a href="#[4]">BusFault_Handler</a> from stm32f10x_it.o(.text) referenced from startup_stm32f10x_hd.o(RESET)
 <LI><a href="#[1f]">CAN1_RX1_IRQHandler</a> from startup_stm32f10x_hd.o(.text) referenced from startup_stm32f10x_hd.o(RESET)
 <LI><a href="#[20]">CAN1_SCE_IRQHandler</a> from startup_stm32f10x_hd.o(.text) referenced from startup_stm32f10x_hd.o(RESET)
 <LI><a href="#[15]">DMA1_Channel1_IRQHandler</a> from startup_stm32f10x_hd.o(.text) referenced from startup_stm32f10x_hd.o(RESET)
 <LI><a href="#[16]">DMA1_Channel2_IRQHandler</a> from startup_stm32f10x_hd.o(.text) referenced from startup_stm32f10x_hd.o(RESET)
 <LI><a href="#[17]">DMA1_Channel3_IRQHandler</a> from startup_stm32f10x_hd.o(.text) referenced from startup_stm32f10x_hd.o(RESET)
 <LI><a href="#[18]">DMA1_Channel4_IRQHandler</a> from startup_stm32f10x_hd.o(.text) referenced from startup_stm32f10x_hd.o(RESET)
 <LI><a href="#[19]">DMA1_Channel5_IRQHandler</a> from startup_stm32f10x_hd.o(.text) referenced from startup_stm32f10x_hd.o(RESET)
 <LI><a href="#[1a]">DMA1_Channel6_IRQHandler</a> from startup_stm32f10x_hd.o(.text) referenced from startup_stm32f10x_hd.o(RESET)
 <LI><a href="#[1b]">DMA1_Channel7_IRQHandler</a> from startup_stm32f10x_hd.o(.text) referenced from startup_stm32f10x_hd.o(RESET)
 <LI><a href="#[42]">DMA2_Channel1_IRQHandler</a> from startup_stm32f10x_hd.o(.text) referenced from startup_stm32f10x_hd.o(RESET)
 <LI><a href="#[43]">DMA2_Channel2_IRQHandler</a> from startup_stm32f10x_hd.o(.text) referenced from startup_stm32f10x_hd.o(RESET)
 <LI><a href="#[44]">DMA2_Channel3_IRQHandler</a> from startup_stm32f10x_hd.o(.text) referenced from startup_stm32f10x_hd.o(RESET)
 <LI><a href="#[45]">DMA2_Channel4_5_IRQHandler</a> from startup_stm32f10x_hd.o(.text) referenced from startup_stm32f10x_hd.o(RESET)
 <LI><a href="#[7]">DebugMon_Handler</a> from stm32f10x_it.o(.text) referenced from startup_stm32f10x_hd.o(RESET)
 <LI><a href="#[10]">EXTI0_IRQHandler</a> from startup_stm32f10x_hd.o(.text) referenced from startup_stm32f10x_hd.o(RESET)
 <LI><a href="#[32]">EXTI15_10_IRQHandler</a> from startup_stm32f10x_hd.o(.text) referenced from startup_stm32f10x_hd.o(RESET)
 <LI><a href="#[11]">EXTI1_IRQHandler</a> from startup_stm32f10x_hd.o(.text) referenced from startup_stm32f10x_hd.o(RESET)
 <LI><a href="#[12]">EXTI2_IRQHandler</a> from startup_stm32f10x_hd.o(.text) referenced from startup_stm32f10x_hd.o(RESET)
 <LI><a href="#[13]">EXTI3_IRQHandler</a> from startup_stm32f10x_hd.o(.text) referenced from startup_stm32f10x_hd.o(RESET)
 <LI><a href="#[14]">EXTI4_IRQHandler</a> from startup_stm32f10x_hd.o(.text) referenced from startup_stm32f10x_hd.o(RESET)
 <LI><a href="#[21]">EXTI9_5_IRQHandler</a> from startup_stm32f10x_hd.o(.text) referenced from startup_stm32f10x_hd.o(RESET)
 <LI><a href="#[e]">FLASH_IRQHandler</a> from startup_stm32f10x_hd.o(.text) referenced from startup_stm32f10x_hd.o(RESET)
 <LI><a href="#[3a]">FSMC_IRQHandler</a> from startup_stm32f10x_hd.o(.text) referenced from startup_stm32f10x_hd.o(RESET)
 <LI><a href="#[2]">HardFault_Handler</a> from stm32f10x_it.o(.text) referenced from startup_stm32f10x_hd.o(RESET)
 <LI><a href="#[2a]">I2C1_ER_IRQHandler</a> from startup_stm32f10x_hd.o(.text) referenced from startup_stm32f10x_hd.o(RESET)
 <LI><a href="#[29]">I2C1_EV_IRQHandler</a> from startup_stm32f10x_hd.o(.text) referenced from startup_stm32f10x_hd.o(RESET)
 <LI><a href="#[2c]">I2C2_ER_IRQHandler</a> from startup_stm32f10x_hd.o(.text) referenced from startup_stm32f10x_hd.o(RESET)
 <LI><a href="#[2b]">I2C2_EV_IRQHandler</a> from startup_stm32f10x_hd.o(.text) referenced from startup_stm32f10x_hd.o(RESET)
 <LI><a href="#[3]">MemManage_Handler</a> from stm32f10x_it.o(.text) referenced from startup_stm32f10x_hd.o(RESET)
 <LI><a href="#[1]">NMI_Handler</a> from stm32f10x_it.o(.text) referenced from startup_stm32f10x_hd.o(RESET)
 <LI><a href="#[b]">PVD_IRQHandler</a> from startup_stm32f10x_hd.o(.text) referenced from startup_stm32f10x_hd.o(RESET)
 <LI><a href="#[8]">PendSV_Handler</a> from stm32f10x_it.o(.text) referenced from startup_stm32f10x_hd.o(RESET)
 <LI><a href="#[f]">RCC_IRQHandler</a> from startup_stm32f10x_hd.o(.text) referenced from startup_stm32f10x_hd.o(RESET)
 <LI><a href="#[33]">RTCAlarm_IRQHandler</a> from startup_stm32f10x_hd.o(.text) referenced from startup_stm32f10x_hd.o(RESET)
 <LI><a href="#[d]">RTC_IRQHandler</a> from startup_stm32f10x_hd.o(.text) referenced from startup_stm32f10x_hd.o(RESET)
 <LI><a href="#[0]">Reset_Handler</a> from startup_stm32f10x_hd.o(.text) referenced from startup_stm32f10x_hd.o(RESET)
 <LI><a href="#[3b]">SDIO_IRQHandler</a> from startup_stm32f10x_hd.o(.text) referenced from startup_stm32f10x_hd.o(RESET)
 <LI><a href="#[2d]">SPI1_IRQHandler</a> from startup_stm32f10x_hd.o(.text) referenced from startup_stm32f10x_hd.o(RESET)
 <LI><a href="#[2e]">SPI2_IRQHandler</a> from startup_stm32f10x_hd.o(.text) referenced from startup_stm32f10x_hd.o(RESET)
 <LI><a href="#[3d]">SPI3_IRQHandler</a> from startup_stm32f10x_hd.o(.text) referenced from startup_stm32f10x_hd.o(RESET)
 <LI><a href="#[6]">SVC_Handler</a> from stm32f10x_it.o(.text) referenced from startup_stm32f10x_hd.o(RESET)
 <LI><a href="#[9]">SysTick_Handler</a> from stm32f10x_it.o(.text) referenced from startup_stm32f10x_hd.o(RESET)
 <LI><a href="#[4b]">SystemInit</a> from system_stm32f10x.o(.text) referenced from startup_stm32f10x_hd.o(.text)
 <LI><a href="#[c]">TAMPER_IRQHandler</a> from startup_stm32f10x_hd.o(.text) referenced from startup_stm32f10x_hd.o(RESET)
 <LI><a href="#[22]">TIM1_BRK_IRQHandler</a> from startup_stm32f10x_hd.o(.text) referenced from startup_stm32f10x_hd.o(RESET)
 <LI><a href="#[25]">TIM1_CC_IRQHandler</a> from startup_stm32f10x_hd.o(.text) referenced from startup_stm32f10x_hd.o(RESET)
 <LI><a href="#[24]">TIM1_TRG_COM_IRQHandler</a> from startup_stm32f10x_hd.o(.text) referenced from startup_stm32f10x_hd.o(RESET)
 <LI><a href="#[23]">TIM1_UP_IRQHandler</a> from startup_stm32f10x_hd.o(.text) referenced from startup_stm32f10x_hd.o(RESET)
 <LI><a href="#[26]">TIM2_IRQHandler</a> from startup_stm32f10x_hd.o(.text) referenced from startup_stm32f10x_hd.o(RESET)
 <LI><a href="#[27]">TIM3_IRQHandler</a> from startup_stm32f10x_hd.o(.text) referenced from startup_stm32f10x_hd.o(RESET)
 <LI><a href="#[28]">TIM4_IRQHandler</a> from startup_stm32f10x_hd.o(.text) referenced from startup_stm32f10x_hd.o(RESET)
 <LI><a href="#[3c]">TIM5_IRQHandler</a> from startup_stm32f10x_hd.o(.text) referenced from startup_stm32f10x_hd.o(RESET)
 <LI><a href="#[40]">TIM6_IRQHandler</a> from startup_stm32f10x_hd.o(.text) referenced from startup_stm32f10x_hd.o(RESET)
 <LI><a href="#[41]">TIM7_IRQHandler</a> from startup_stm32f10x_hd.o(.text) referenced from startup_stm32f10x_hd.o(RESET)
 <LI><a href="#[35]">TIM8_BRK_IRQHandler</a> from startup_stm32f10x_hd.o(.text) referenced from startup_stm32f10x_hd.o(RESET)
 <LI><a href="#[38]">TIM8_CC_IRQHandler</a> from startup_stm32f10x_hd.o(.text) referenced from startup_stm32f10x_hd.o(RESET)
 <LI><a href="#[37]">TIM8_TRG_COM_IRQHandler</a> from startup_stm32f10x_hd.o(.text) referenced from startup_stm32f10x_hd.o(RESET)
 <LI><a href="#[36]">TIM8_UP_IRQHandler</a> from startup_stm32f10x_hd.o(.text) referenced from startup_stm32f10x_hd.o(RESET)
 <LI><a href="#[3e]">UART4_IRQHandler</a> from startup_stm32f10x_hd.o(.text) referenced from startup_stm32f10x_hd.o(RESET)
 <LI><a href="#[3f]">UART5_IRQHandler</a> from startup_stm32f10x_hd.o(.text) referenced from startup_stm32f10x_hd.o(RESET)
 <LI><a href="#[2f]">USART1_IRQHandler</a> from usart.o(.text) referenced from startup_stm32f10x_hd.o(RESET)
 <LI><a href="#[30]">USART2_IRQHandler</a> from usart.o(.text) referenced from startup_stm32f10x_hd.o(RESET)
 <LI><a href="#[31]">USART3_IRQHandler</a> from usart.o(.text) referenced from startup_stm32f10x_hd.o(RESET)
 <LI><a href="#[34]">USBWakeUp_IRQHandler</a> from startup_stm32f10x_hd.o(.text) referenced from startup_stm32f10x_hd.o(RESET)
 <LI><a href="#[1d]">USB_HP_CAN1_TX_IRQHandler</a> from startup_stm32f10x_hd.o(.text) referenced from startup_stm32f10x_hd.o(RESET)
 <LI><a href="#[1e]">USB_LP_CAN1_RX0_IRQHandler</a> from startup_stm32f10x_hd.o(.text) referenced from startup_stm32f10x_hd.o(RESET)
 <LI><a href="#[5]">UsageFault_Handler</a> from stm32f10x_it.o(.text) referenced from startup_stm32f10x_hd.o(RESET)
 <LI><a href="#[a]">WWDG_IRQHandler</a> from startup_stm32f10x_hd.o(.text) referenced from startup_stm32f10x_hd.o(RESET)
 <LI><a href="#[4c]">__main</a> from entry.o(.ARM.Collect$$$$00000000) referenced from startup_stm32f10x_hd.o(.text)
 <LI><a href="#[4e]">_sbackspace</a> from _sgetc.o(.text) referenced from __0sscanf.o(.text)
 <LI><a href="#[4f]">_scanf_char_input</a> from scanf_char.o(.text) referenced from scanf_char.o(.text)
 <LI><a href="#[4d]">_sgetc</a> from _sgetc.o(.text) referenced from __0sscanf.o(.text)
 <LI><a href="#[52]">_sputc</a> from printfa.o(i._sputc) referenced from printfa.o(i.__0sprintf)
 <LI><a href="#[52]">_sputc</a> from printfa.o(i._sputc) referenced from printfa.o(i.__0vsprintf)
 <LI><a href="#[51]">fputc</a> from usart.o(.text) referenced from printfa.o(i.__0printf)
 <LI><a href="#[48]">free</a> from malloc.o(i.free) referenced from cjson.o(.text)
 <LI><a href="#[50]">isspace</a> from isspace_c.o(.text) referenced from scanf_char.o(.text)
 <LI><a href="#[46]">main</a> from main.o(.text) referenced from entry9a.o(.ARM.Collect$$$$0000000B)
 <LI><a href="#[47]">malloc</a> from malloc.o(i.malloc) referenced from cjson.o(.text)
 <LI><a href="#[53]">mem_init</a> from malloc.o(.text) referenced from malloc.o(.data)
 <LI><a href="#[54]">mem_perused</a> from malloc.o(.text) referenced from malloc.o(.data)
 <LI><a href="#[4a]">myfree</a> from malloc.o(.text) referenced from cjson.o(.data)
 <LI><a href="#[4a]">myfree</a> from malloc.o(.text) referenced from cjson.o(.text)
 <LI><a href="#[49]">mymalloc</a> from malloc.o(.text) referenced from cjson.o(.data)
 <LI><a href="#[49]">mymalloc</a> from malloc.o(.text) referenced from cjson.o(.text)
</UL>
<P>
<H3>
Global Symbols
</H3>
<P><STRONG><a name="[4c]"></a>__main</STRONG> (Thumb, 0 bytes, Stack size unknown bytes, entry.o(.ARM.Collect$$$$00000000))
<BR>[Address Reference Count : 1]<UL><LI> startup_stm32f10x_hd.o(.text)
</UL>
<P><STRONG><a name="[103]"></a>_main_stk</STRONG> (Thumb, 0 bytes, Stack size unknown bytes, entry2.o(.ARM.Collect$$$$00000001))

<P><STRONG><a name="[55]"></a>_main_scatterload</STRONG> (Thumb, 0 bytes, Stack size unknown bytes, entry5.o(.ARM.Collect$$$$00000004))
<BR><BR>[Calls]<UL><LI><a href="#[56]">&gt;&gt;</a>&nbsp;&nbsp;&nbsp;__scatterload
</UL>

<P><STRONG><a name="[ee]"></a>__main_after_scatterload</STRONG> (Thumb, 0 bytes, Stack size unknown bytes, entry5.o(.ARM.Collect$$$$00000004))
<BR><BR>[Called By]<UL><LI><a href="#[56]">&gt;&gt;</a>&nbsp;&nbsp;&nbsp;__scatterload
</UL>

<P><STRONG><a name="[104]"></a>_main_clock</STRONG> (Thumb, 0 bytes, Stack size unknown bytes, entry7b.o(.ARM.Collect$$$$00000008))

<P><STRONG><a name="[105]"></a>_main_cpp_init</STRONG> (Thumb, 0 bytes, Stack size unknown bytes, entry8b.o(.ARM.Collect$$$$0000000A))

<P><STRONG><a name="[106]"></a>_main_init</STRONG> (Thumb, 0 bytes, Stack size unknown bytes, entry9a.o(.ARM.Collect$$$$0000000B))

<P><STRONG><a name="[107]"></a>__rt_lib_shutdown_fini</STRONG> (Thumb, 0 bytes, Stack size unknown bytes, entry12b.o(.ARM.Collect$$$$0000000E))

<P><STRONG><a name="[108]"></a>__rt_final_cpp</STRONG> (Thumb, 0 bytes, Stack size unknown bytes, entry10a.o(.ARM.Collect$$$$0000000F))

<P><STRONG><a name="[109]"></a>__rt_final_exit</STRONG> (Thumb, 0 bytes, Stack size unknown bytes, entry11a.o(.ARM.Collect$$$$00000011))

<P><STRONG><a name="[57]"></a>dump_hex</STRONG> (Thumb, 100 bytes, Stack size 24 bytes, main.o(.text))
<BR><BR>[Stack]<UL><LI>Max Depth = 48<LI>Call Chain = dump_hex &rArr; __2printf
</UL>
<BR>[Calls]<UL><LI><a href="#[58]">&gt;&gt;</a>&nbsp;&nbsp;&nbsp;__2printf
</UL>
<BR>[Called By]<UL><LI><a href="#[68]">&gt;&gt;</a>&nbsp;&nbsp;&nbsp;hc13_recv_process
<LI><a href="#[59]">&gt;&gt;</a>&nbsp;&nbsp;&nbsp;hc13_send_date
</UL>

<P><STRONG><a name="[59]"></a>hc13_send_date</STRONG> (Thumb, 326 bytes, Stack size 256 bytes, main.o(.text))
<BR><BR>[Stack]<UL><LI>Max Depth = 440<LI>Call Chain = hc13_send_date &rArr; cJSON_Print &rArr; print_value &rArr; print_object &rArr;  print_value (Cycle)
</UL>
<BR>[Calls]<UL><LI><a href="#[64]">&gt;&gt;</a>&nbsp;&nbsp;&nbsp;u3_send_bytes
<LI><a href="#[5c]">&gt;&gt;</a>&nbsp;&nbsp;&nbsp;mymemset
<LI><a href="#[4a]">&gt;&gt;</a>&nbsp;&nbsp;&nbsp;myfree
<LI><a href="#[61]">&gt;&gt;</a>&nbsp;&nbsp;&nbsp;cJSON_Print
<LI><a href="#[65]">&gt;&gt;</a>&nbsp;&nbsp;&nbsp;cJSON_Delete
<LI><a href="#[5b]">&gt;&gt;</a>&nbsp;&nbsp;&nbsp;cJSON_CreateObject
<LI><a href="#[5e]">&gt;&gt;</a>&nbsp;&nbsp;&nbsp;cJSON_CreateNumber
<LI><a href="#[5f]">&gt;&gt;</a>&nbsp;&nbsp;&nbsp;cJSON_AddItemToObject
<LI><a href="#[63]">&gt;&gt;</a>&nbsp;&nbsp;&nbsp;aes_encrypt
<LI><a href="#[60]">&gt;&gt;</a>&nbsp;&nbsp;&nbsp;__aeabi_ui2d
<LI><a href="#[5d]">&gt;&gt;</a>&nbsp;&nbsp;&nbsp;__aeabi_i2d
<LI><a href="#[57]">&gt;&gt;</a>&nbsp;&nbsp;&nbsp;dump_hex
<LI><a href="#[58]">&gt;&gt;</a>&nbsp;&nbsp;&nbsp;__2printf
<LI><a href="#[62]">&gt;&gt;</a>&nbsp;&nbsp;&nbsp;strlen
<LI><a href="#[5a]">&gt;&gt;</a>&nbsp;&nbsp;&nbsp;__aeabi_memclr4
</UL>
<BR>[Called By]<UL><LI><a href="#[46]">&gt;&gt;</a>&nbsp;&nbsp;&nbsp;main
<LI><a href="#[68]">&gt;&gt;</a>&nbsp;&nbsp;&nbsp;hc13_recv_process
</UL>

<P><STRONG><a name="[66]"></a>parse_distance</STRONG> (Thumb, 22 bytes, Stack size 16 bytes, main.o(.text), UNUSED)
<BR><BR>[Calls]<UL><LI><a href="#[67]">&gt;&gt;</a>&nbsp;&nbsp;&nbsp;__0sscanf
</UL>

<P><STRONG><a name="[68]"></a>hc13_recv_process</STRONG> (Thumb, 340 bytes, Stack size 248 bytes, main.o(.text))
<BR><BR>[Stack]<UL><LI>Max Depth = 688<LI>Call Chain = hc13_recv_process &rArr; hc13_send_date &rArr; cJSON_Print &rArr; print_value &rArr; print_object &rArr;  print_value (Cycle)
</UL>
<BR>[Calls]<UL><LI><a href="#[5c]">&gt;&gt;</a>&nbsp;&nbsp;&nbsp;mymemset
<LI><a href="#[6c]">&gt;&gt;</a>&nbsp;&nbsp;&nbsp;delay_ms
<LI><a href="#[6a]">&gt;&gt;</a>&nbsp;&nbsp;&nbsp;cJSON_Parse
<LI><a href="#[6b]">&gt;&gt;</a>&nbsp;&nbsp;&nbsp;cJSON_GetObjectItem
<LI><a href="#[65]">&gt;&gt;</a>&nbsp;&nbsp;&nbsp;cJSON_Delete
<LI><a href="#[69]">&gt;&gt;</a>&nbsp;&nbsp;&nbsp;aes_decrypt
<LI><a href="#[59]">&gt;&gt;</a>&nbsp;&nbsp;&nbsp;hc13_send_date
<LI><a href="#[57]">&gt;&gt;</a>&nbsp;&nbsp;&nbsp;dump_hex
<LI><a href="#[58]">&gt;&gt;</a>&nbsp;&nbsp;&nbsp;__2printf
<LI><a href="#[5a]">&gt;&gt;</a>&nbsp;&nbsp;&nbsp;__aeabi_memclr4
</UL>
<BR>[Called By]<UL><LI><a href="#[46]">&gt;&gt;</a>&nbsp;&nbsp;&nbsp;main
</UL>

<P><STRONG><a name="[6d]"></a>ld2402_recv_process</STRONG> (Thumb, 698 bytes, Stack size 16 bytes, main.o(.text))
<BR><BR>[Stack]<UL><LI>Max Depth = 40<LI>Call Chain = ld2402_recv_process &rArr; __2printf
</UL>
<BR>[Calls]<UL><LI><a href="#[58]">&gt;&gt;</a>&nbsp;&nbsp;&nbsp;__2printf
<LI><a href="#[6e]">&gt;&gt;</a>&nbsp;&nbsp;&nbsp;strcmp
</UL>
<BR>[Called By]<UL><LI><a href="#[46]">&gt;&gt;</a>&nbsp;&nbsp;&nbsp;main
</UL>

<P><STRONG><a name="[46]"></a>main</STRONG> (Thumb, 386 bytes, Stack size 0 bytes, main.o(.text))
<BR><BR>[Stack]<UL><LI>Max Depth = 688<LI>Call Chain = main &rArr; hc13_recv_process &rArr; hc13_send_date &rArr; cJSON_Print &rArr; print_value &rArr; print_object &rArr;  print_value (Cycle)
</UL>
<BR>[Calls]<UL><LI><a href="#[77]">&gt;&gt;</a>&nbsp;&nbsp;&nbsp;usart3_init
<LI><a href="#[76]">&gt;&gt;</a>&nbsp;&nbsp;&nbsp;usart2_init
<LI><a href="#[75]">&gt;&gt;</a>&nbsp;&nbsp;&nbsp;uart_init
<LI><a href="#[5c]">&gt;&gt;</a>&nbsp;&nbsp;&nbsp;mymemset
<LI><a href="#[6c]">&gt;&gt;</a>&nbsp;&nbsp;&nbsp;delay_ms
<LI><a href="#[70]">&gt;&gt;</a>&nbsp;&nbsp;&nbsp;delay_init
<LI><a href="#[6f]">&gt;&gt;</a>&nbsp;&nbsp;&nbsp;aes_init
<LI><a href="#[71]">&gt;&gt;</a>&nbsp;&nbsp;&nbsp;NVIC_PriorityGroupConfig
<LI><a href="#[72]">&gt;&gt;</a>&nbsp;&nbsp;&nbsp;LED_Init
<LI><a href="#[73]">&gt;&gt;</a>&nbsp;&nbsp;&nbsp;KEY_Init
<LI><a href="#[74]">&gt;&gt;</a>&nbsp;&nbsp;&nbsp;GPIO_ReadInputDataBit
<LI><a href="#[6d]">&gt;&gt;</a>&nbsp;&nbsp;&nbsp;ld2402_recv_process
<LI><a href="#[68]">&gt;&gt;</a>&nbsp;&nbsp;&nbsp;hc13_recv_process
<LI><a href="#[59]">&gt;&gt;</a>&nbsp;&nbsp;&nbsp;hc13_send_date
<LI><a href="#[58]">&gt;&gt;</a>&nbsp;&nbsp;&nbsp;__2printf
</UL>
<BR>[Address Reference Count : 1]<UL><LI> entry9a.o(.ARM.Collect$$$$0000000B)
</UL>
<P><STRONG><a name="[1]"></a>NMI_Handler</STRONG> (Thumb, 2 bytes, Stack size 0 bytes, stm32f10x_it.o(.text))
<BR>[Address Reference Count : 1]<UL><LI> startup_stm32f10x_hd.o(RESET)
</UL>
<P><STRONG><a name="[2]"></a>HardFault_Handler</STRONG> (Thumb, 4 bytes, Stack size 0 bytes, stm32f10x_it.o(.text))
<BR>[Address Reference Count : 1]<UL><LI> startup_stm32f10x_hd.o(RESET)
</UL>
<P><STRONG><a name="[3]"></a>MemManage_Handler</STRONG> (Thumb, 4 bytes, Stack size 0 bytes, stm32f10x_it.o(.text))
<BR>[Address Reference Count : 1]<UL><LI> startup_stm32f10x_hd.o(RESET)
</UL>
<P><STRONG><a name="[4]"></a>BusFault_Handler</STRONG> (Thumb, 4 bytes, Stack size 0 bytes, stm32f10x_it.o(.text))
<BR>[Address Reference Count : 1]<UL><LI> startup_stm32f10x_hd.o(RESET)
</UL>
<P><STRONG><a name="[5]"></a>UsageFault_Handler</STRONG> (Thumb, 4 bytes, Stack size 0 bytes, stm32f10x_it.o(.text))
<BR>[Address Reference Count : 1]<UL><LI> startup_stm32f10x_hd.o(RESET)
</UL>
<P><STRONG><a name="[6]"></a>SVC_Handler</STRONG> (Thumb, 2 bytes, Stack size 0 bytes, stm32f10x_it.o(.text))
<BR>[Address Reference Count : 1]<UL><LI> startup_stm32f10x_hd.o(RESET)
</UL>
<P><STRONG><a name="[7]"></a>DebugMon_Handler</STRONG> (Thumb, 2 bytes, Stack size 0 bytes, stm32f10x_it.o(.text))
<BR>[Address Reference Count : 1]<UL><LI> startup_stm32f10x_hd.o(RESET)
</UL>
<P><STRONG><a name="[8]"></a>PendSV_Handler</STRONG> (Thumb, 2 bytes, Stack size 0 bytes, stm32f10x_it.o(.text))
<BR>[Address Reference Count : 1]<UL><LI> startup_stm32f10x_hd.o(RESET)
</UL>
<P><STRONG><a name="[9]"></a>SysTick_Handler</STRONG> (Thumb, 2 bytes, Stack size 0 bytes, stm32f10x_it.o(.text))
<BR>[Address Reference Count : 1]<UL><LI> startup_stm32f10x_hd.o(RESET)
</UL>
<P><STRONG><a name="[4b]"></a>SystemInit</STRONG> (Thumb, 78 bytes, Stack size 8 bytes, system_stm32f10x.o(.text))
<BR><BR>[Stack]<UL><LI>Max Depth = 28<LI>Call Chain = SystemInit &rArr; SetSysClock &rArr; SetSysClockTo72
</UL>
<BR>[Calls]<UL><LI><a href="#[78]">&gt;&gt;</a>&nbsp;&nbsp;&nbsp;SetSysClock
</UL>
<BR>[Address Reference Count : 1]<UL><LI> startup_stm32f10x_hd.o(.text)
</UL>
<P><STRONG><a name="[10a]"></a>SystemCoreClockUpdate</STRONG> (Thumb, 142 bytes, Stack size 8 bytes, system_stm32f10x.o(.text), UNUSED)

<P><STRONG><a name="[72]"></a>LED_Init</STRONG> (Thumb, 72 bytes, Stack size 8 bytes, led.o(.text))
<BR><BR>[Stack]<UL><LI>Max Depth = 32<LI>Call Chain = LED_Init &rArr; GPIO_Init
</UL>
<BR>[Calls]<UL><LI><a href="#[7a]">&gt;&gt;</a>&nbsp;&nbsp;&nbsp;RCC_APB2PeriphClockCmd
<LI><a href="#[7c]">&gt;&gt;</a>&nbsp;&nbsp;&nbsp;GPIO_SetBits
<LI><a href="#[7b]">&gt;&gt;</a>&nbsp;&nbsp;&nbsp;GPIO_Init
</UL>
<BR>[Called By]<UL><LI><a href="#[46]">&gt;&gt;</a>&nbsp;&nbsp;&nbsp;main
</UL>

<P><STRONG><a name="[10b]"></a>cJSON_GetErrorPtr</STRONG> (Thumb, 6 bytes, Stack size 0 bytes, cjson.o(.text), UNUSED)

<P><STRONG><a name="[10c]"></a>cJSON_InitHooks</STRONG> (Thumb, 48 bytes, Stack size 0 bytes, cjson.o(.text), UNUSED)

<P><STRONG><a name="[65]"></a>cJSON_Delete</STRONG> (Thumb, 82 bytes, Stack size 16 bytes, cjson.o(.text))
<BR><BR>[Stack]<UL><LI>Max Depth = 16 + In Cycle
<LI>Call Chain = cJSON_Delete &rArr;  cJSON_Delete (Cycle)
</UL>
<BR>[Calls]<UL><LI><a href="#[65]">&gt;&gt;</a>&nbsp;&nbsp;&nbsp;cJSON_Delete
</UL>
<BR>[Called By]<UL><LI><a href="#[bb]">&gt;&gt;</a>&nbsp;&nbsp;&nbsp;cJSON_Duplicate
<LI><a href="#[ae]">&gt;&gt;</a>&nbsp;&nbsp;&nbsp;cJSON_ReplaceItemInArray
<LI><a href="#[ac]">&gt;&gt;</a>&nbsp;&nbsp;&nbsp;cJSON_DeleteItemFromObject
<LI><a href="#[a9]">&gt;&gt;</a>&nbsp;&nbsp;&nbsp;cJSON_DeleteItemFromArray
<LI><a href="#[9c]">&gt;&gt;</a>&nbsp;&nbsp;&nbsp;cJSON_ParseWithOpts
<LI><a href="#[65]">&gt;&gt;</a>&nbsp;&nbsp;&nbsp;cJSON_Delete
<LI><a href="#[68]">&gt;&gt;</a>&nbsp;&nbsp;&nbsp;hc13_recv_process
<LI><a href="#[59]">&gt;&gt;</a>&nbsp;&nbsp;&nbsp;hc13_send_date
</UL>

<P><STRONG><a name="[9c]"></a>cJSON_ParseWithOpts</STRONG> (Thumb, 96 bytes, Stack size 32 bytes, cjson.o(.text))
<BR><BR>[Stack]<UL><LI>Max Depth = 368<LI>Call Chain = cJSON_ParseWithOpts &rArr; parse_value &rArr; parse_number &rArr; pow &rArr; __kernel_poly &rArr; __aeabi_dmul &rArr; _double_epilogue &rArr; _double_round
</UL>
<BR>[Calls]<UL><LI><a href="#[99]">&gt;&gt;</a>&nbsp;&nbsp;&nbsp;parse_value
<LI><a href="#[98]">&gt;&gt;</a>&nbsp;&nbsp;&nbsp;skip
<LI><a href="#[81]">&gt;&gt;</a>&nbsp;&nbsp;&nbsp;cJSON_New_Item
<LI><a href="#[65]">&gt;&gt;</a>&nbsp;&nbsp;&nbsp;cJSON_Delete
</UL>
<BR>[Called By]<UL><LI><a href="#[6a]">&gt;&gt;</a>&nbsp;&nbsp;&nbsp;cJSON_Parse
</UL>

<P><STRONG><a name="[6a]"></a>cJSON_Parse</STRONG> (Thumb, 16 bytes, Stack size 8 bytes, cjson.o(.text))
<BR><BR>[Stack]<UL><LI>Max Depth = 376<LI>Call Chain = cJSON_Parse &rArr; cJSON_ParseWithOpts &rArr; parse_value &rArr; parse_number &rArr; pow &rArr; __kernel_poly &rArr; __aeabi_dmul &rArr; _double_epilogue &rArr; _double_round
</UL>
<BR>[Calls]<UL><LI><a href="#[9c]">&gt;&gt;</a>&nbsp;&nbsp;&nbsp;cJSON_ParseWithOpts
</UL>
<BR>[Called By]<UL><LI><a href="#[68]">&gt;&gt;</a>&nbsp;&nbsp;&nbsp;hc13_recv_process
</UL>

<P><STRONG><a name="[61]"></a>cJSON_Print</STRONG> (Thumb, 18 bytes, Stack size 8 bytes, cjson.o(.text))
<BR><BR>[Stack]<UL><LI>Max Depth = 184<LI>Call Chain = cJSON_Print &rArr; print_value &rArr; print_object &rArr;  print_value (Cycle)
</UL>
<BR>[Calls]<UL><LI><a href="#[9e]">&gt;&gt;</a>&nbsp;&nbsp;&nbsp;print_value
</UL>
<BR>[Called By]<UL><LI><a href="#[59]">&gt;&gt;</a>&nbsp;&nbsp;&nbsp;hc13_send_date
</UL>

<P><STRONG><a name="[a0]"></a>cJSON_PrintUnformatted</STRONG> (Thumb, 18 bytes, Stack size 8 bytes, cjson.o(.text), UNUSED)
<BR><BR>[Calls]<UL><LI><a href="#[9e]">&gt;&gt;</a>&nbsp;&nbsp;&nbsp;print_value
</UL>

<P><STRONG><a name="[a1]"></a>cJSON_PrintBuffered</STRONG> (Thumb, 54 bytes, Stack size 32 bytes, cjson.o(.text), UNUSED)
<BR><BR>[Calls]<UL><LI><a href="#[9e]">&gt;&gt;</a>&nbsp;&nbsp;&nbsp;print_value
</UL>

<P><STRONG><a name="[10d]"></a>cJSON_GetArraySize</STRONG> (Thumb, 18 bytes, Stack size 0 bytes, cjson.o(.text), UNUSED)

<P><STRONG><a name="[10e]"></a>cJSON_GetArrayItem</STRONG> (Thumb, 18 bytes, Stack size 0 bytes, cjson.o(.text), UNUSED)

<P><STRONG><a name="[6b]"></a>cJSON_GetObjectItem</STRONG> (Thumb, 30 bytes, Stack size 16 bytes, cjson.o(.text))
<BR><BR>[Stack]<UL><LI>Max Depth = 32<LI>Call Chain = cJSON_GetObjectItem &rArr; cJSON_strcasecmp
</UL>
<BR>[Calls]<UL><LI><a href="#[7d]">&gt;&gt;</a>&nbsp;&nbsp;&nbsp;cJSON_strcasecmp
</UL>
<BR>[Called By]<UL><LI><a href="#[68]">&gt;&gt;</a>&nbsp;&nbsp;&nbsp;hc13_recv_process
</UL>

<P><STRONG><a name="[a4]"></a>cJSON_AddItemToArray</STRONG> (Thumb, 42 bytes, Stack size 16 bytes, cjson.o(.text))
<BR><BR>[Stack]<UL><LI>Max Depth = 16<LI>Call Chain = cJSON_AddItemToArray
</UL>
<BR>[Calls]<UL><LI><a href="#[a5]">&gt;&gt;</a>&nbsp;&nbsp;&nbsp;suffix_object
</UL>
<BR>[Called By]<UL><LI><a href="#[ad]">&gt;&gt;</a>&nbsp;&nbsp;&nbsp;cJSON_InsertItemInArray
<LI><a href="#[a7]">&gt;&gt;</a>&nbsp;&nbsp;&nbsp;cJSON_AddItemReferenceToArray
<LI><a href="#[a6]">&gt;&gt;</a>&nbsp;&nbsp;&nbsp;cJSON_AddItemToObjectCS
<LI><a href="#[5f]">&gt;&gt;</a>&nbsp;&nbsp;&nbsp;cJSON_AddItemToObject
</UL>

<P><STRONG><a name="[5f]"></a>cJSON_AddItemToObject</STRONG> (Thumb, 44 bytes, Stack size 16 bytes, cjson.o(.text))
<BR><BR>[Stack]<UL><LI>Max Depth = 32<LI>Call Chain = cJSON_AddItemToObject &rArr; cJSON_AddItemToArray
</UL>
<BR>[Calls]<UL><LI><a href="#[a4]">&gt;&gt;</a>&nbsp;&nbsp;&nbsp;cJSON_AddItemToArray
<LI><a href="#[7f]">&gt;&gt;</a>&nbsp;&nbsp;&nbsp;cJSON_strdup
</UL>
<BR>[Called By]<UL><LI><a href="#[a8]">&gt;&gt;</a>&nbsp;&nbsp;&nbsp;cJSON_AddItemReferenceToObject
<LI><a href="#[59]">&gt;&gt;</a>&nbsp;&nbsp;&nbsp;hc13_send_date
</UL>

<P><STRONG><a name="[a6]"></a>cJSON_AddItemToObjectCS</STRONG> (Thumb, 54 bytes, Stack size 16 bytes, cjson.o(.text), UNUSED)
<BR><BR>[Calls]<UL><LI><a href="#[a4]">&gt;&gt;</a>&nbsp;&nbsp;&nbsp;cJSON_AddItemToArray
</UL>

<P><STRONG><a name="[a7]"></a>cJSON_AddItemReferenceToArray</STRONG> (Thumb, 24 bytes, Stack size 16 bytes, cjson.o(.text), UNUSED)
<BR><BR>[Calls]<UL><LI><a href="#[a4]">&gt;&gt;</a>&nbsp;&nbsp;&nbsp;cJSON_AddItemToArray
<LI><a href="#[a2]">&gt;&gt;</a>&nbsp;&nbsp;&nbsp;create_reference
</UL>

<P><STRONG><a name="[a8]"></a>cJSON_AddItemReferenceToObject</STRONG> (Thumb, 32 bytes, Stack size 24 bytes, cjson.o(.text), UNUSED)
<BR><BR>[Calls]<UL><LI><a href="#[a2]">&gt;&gt;</a>&nbsp;&nbsp;&nbsp;create_reference
<LI><a href="#[5f]">&gt;&gt;</a>&nbsp;&nbsp;&nbsp;cJSON_AddItemToObject
</UL>

<P><STRONG><a name="[aa]"></a>cJSON_DetachItemFromArray</STRONG> (Thumb, 66 bytes, Stack size 8 bytes, cjson.o(.text), UNUSED)
<BR><BR>[Called By]<UL><LI><a href="#[ab]">&gt;&gt;</a>&nbsp;&nbsp;&nbsp;cJSON_DetachItemFromObject
<LI><a href="#[a9]">&gt;&gt;</a>&nbsp;&nbsp;&nbsp;cJSON_DeleteItemFromArray
</UL>

<P><STRONG><a name="[a9]"></a>cJSON_DeleteItemFromArray</STRONG> (Thumb, 22 bytes, Stack size 16 bytes, cjson.o(.text), UNUSED)
<BR><BR>[Calls]<UL><LI><a href="#[aa]">&gt;&gt;</a>&nbsp;&nbsp;&nbsp;cJSON_DetachItemFromArray
<LI><a href="#[65]">&gt;&gt;</a>&nbsp;&nbsp;&nbsp;cJSON_Delete
</UL>

<P><STRONG><a name="[ab]"></a>cJSON_DetachItemFromObject</STRONG> (Thumb, 50 bytes, Stack size 24 bytes, cjson.o(.text), UNUSED)
<BR><BR>[Calls]<UL><LI><a href="#[aa]">&gt;&gt;</a>&nbsp;&nbsp;&nbsp;cJSON_DetachItemFromArray
<LI><a href="#[7d]">&gt;&gt;</a>&nbsp;&nbsp;&nbsp;cJSON_strcasecmp
</UL>
<BR>[Called By]<UL><LI><a href="#[ac]">&gt;&gt;</a>&nbsp;&nbsp;&nbsp;cJSON_DeleteItemFromObject
</UL>

<P><STRONG><a name="[ac]"></a>cJSON_DeleteItemFromObject</STRONG> (Thumb, 22 bytes, Stack size 16 bytes, cjson.o(.text), UNUSED)
<BR><BR>[Calls]<UL><LI><a href="#[ab]">&gt;&gt;</a>&nbsp;&nbsp;&nbsp;cJSON_DetachItemFromObject
<LI><a href="#[65]">&gt;&gt;</a>&nbsp;&nbsp;&nbsp;cJSON_Delete
</UL>

<P><STRONG><a name="[ad]"></a>cJSON_InsertItemInArray</STRONG> (Thumb, 64 bytes, Stack size 24 bytes, cjson.o(.text), UNUSED)
<BR><BR>[Calls]<UL><LI><a href="#[a4]">&gt;&gt;</a>&nbsp;&nbsp;&nbsp;cJSON_AddItemToArray
</UL>

<P><STRONG><a name="[ae]"></a>cJSON_ReplaceItemInArray</STRONG> (Thumb, 76 bytes, Stack size 24 bytes, cjson.o(.text), UNUSED)
<BR><BR>[Calls]<UL><LI><a href="#[65]">&gt;&gt;</a>&nbsp;&nbsp;&nbsp;cJSON_Delete
</UL>
<BR>[Called By]<UL><LI><a href="#[af]">&gt;&gt;</a>&nbsp;&nbsp;&nbsp;cJSON_ReplaceItemInObject
</UL>

<P><STRONG><a name="[af]"></a>cJSON_ReplaceItemInObject</STRONG> (Thumb, 62 bytes, Stack size 24 bytes, cjson.o(.text), UNUSED)
<BR><BR>[Calls]<UL><LI><a href="#[ae]">&gt;&gt;</a>&nbsp;&nbsp;&nbsp;cJSON_ReplaceItemInArray
<LI><a href="#[7f]">&gt;&gt;</a>&nbsp;&nbsp;&nbsp;cJSON_strdup
<LI><a href="#[7d]">&gt;&gt;</a>&nbsp;&nbsp;&nbsp;cJSON_strcasecmp
</UL>

<P><STRONG><a name="[b0]"></a>cJSON_CreateNull</STRONG> (Thumb, 18 bytes, Stack size 8 bytes, cjson.o(.text), UNUSED)
<BR><BR>[Calls]<UL><LI><a href="#[81]">&gt;&gt;</a>&nbsp;&nbsp;&nbsp;cJSON_New_Item
</UL>

<P><STRONG><a name="[b1]"></a>cJSON_CreateTrue</STRONG> (Thumb, 18 bytes, Stack size 8 bytes, cjson.o(.text), UNUSED)
<BR><BR>[Calls]<UL><LI><a href="#[81]">&gt;&gt;</a>&nbsp;&nbsp;&nbsp;cJSON_New_Item
</UL>

<P><STRONG><a name="[b2]"></a>cJSON_CreateFalse</STRONG> (Thumb, 18 bytes, Stack size 8 bytes, cjson.o(.text), UNUSED)
<BR><BR>[Calls]<UL><LI><a href="#[81]">&gt;&gt;</a>&nbsp;&nbsp;&nbsp;cJSON_New_Item
</UL>

<P><STRONG><a name="[b3]"></a>cJSON_CreateBool</STRONG> (Thumb, 26 bytes, Stack size 16 bytes, cjson.o(.text), UNUSED)
<BR><BR>[Calls]<UL><LI><a href="#[81]">&gt;&gt;</a>&nbsp;&nbsp;&nbsp;cJSON_New_Item
</UL>

<P><STRONG><a name="[5e]"></a>cJSON_CreateNumber</STRONG> (Thumb, 36 bytes, Stack size 16 bytes, cjson.o(.text))
<BR><BR>[Stack]<UL><LI>Max Depth = 32<LI>Call Chain = cJSON_CreateNumber &rArr; __aeabi_d2iz
</UL>
<BR>[Calls]<UL><LI><a href="#[87]">&gt;&gt;</a>&nbsp;&nbsp;&nbsp;__aeabi_d2iz
<LI><a href="#[81]">&gt;&gt;</a>&nbsp;&nbsp;&nbsp;cJSON_New_Item
</UL>
<BR>[Called By]<UL><LI><a href="#[b9]">&gt;&gt;</a>&nbsp;&nbsp;&nbsp;cJSON_CreateDoubleArray
<LI><a href="#[b7]">&gt;&gt;</a>&nbsp;&nbsp;&nbsp;cJSON_CreateFloatArray
<LI><a href="#[b6]">&gt;&gt;</a>&nbsp;&nbsp;&nbsp;cJSON_CreateIntArray
<LI><a href="#[59]">&gt;&gt;</a>&nbsp;&nbsp;&nbsp;hc13_send_date
</UL>

<P><STRONG><a name="[b4]"></a>cJSON_CreateString</STRONG> (Thumb, 28 bytes, Stack size 16 bytes, cjson.o(.text), UNUSED)
<BR><BR>[Calls]<UL><LI><a href="#[81]">&gt;&gt;</a>&nbsp;&nbsp;&nbsp;cJSON_New_Item
<LI><a href="#[7f]">&gt;&gt;</a>&nbsp;&nbsp;&nbsp;cJSON_strdup
</UL>
<BR>[Called By]<UL><LI><a href="#[ba]">&gt;&gt;</a>&nbsp;&nbsp;&nbsp;cJSON_CreateStringArray
</UL>

<P><STRONG><a name="[b5]"></a>cJSON_CreateArray</STRONG> (Thumb, 18 bytes, Stack size 8 bytes, cjson.o(.text), UNUSED)
<BR><BR>[Calls]<UL><LI><a href="#[81]">&gt;&gt;</a>&nbsp;&nbsp;&nbsp;cJSON_New_Item
</UL>
<BR>[Called By]<UL><LI><a href="#[ba]">&gt;&gt;</a>&nbsp;&nbsp;&nbsp;cJSON_CreateStringArray
<LI><a href="#[b9]">&gt;&gt;</a>&nbsp;&nbsp;&nbsp;cJSON_CreateDoubleArray
<LI><a href="#[b7]">&gt;&gt;</a>&nbsp;&nbsp;&nbsp;cJSON_CreateFloatArray
<LI><a href="#[b6]">&gt;&gt;</a>&nbsp;&nbsp;&nbsp;cJSON_CreateIntArray
</UL>

<P><STRONG><a name="[5b]"></a>cJSON_CreateObject</STRONG> (Thumb, 18 bytes, Stack size 8 bytes, cjson.o(.text))
<BR><BR>[Stack]<UL><LI>Max Depth = 16<LI>Call Chain = cJSON_CreateObject &rArr; cJSON_New_Item
</UL>
<BR>[Calls]<UL><LI><a href="#[81]">&gt;&gt;</a>&nbsp;&nbsp;&nbsp;cJSON_New_Item
</UL>
<BR>[Called By]<UL><LI><a href="#[59]">&gt;&gt;</a>&nbsp;&nbsp;&nbsp;hc13_send_date
</UL>

<P><STRONG><a name="[b6]"></a>cJSON_CreateIntArray</STRONG> (Thumb, 68 bytes, Stack size 40 bytes, cjson.o(.text), UNUSED)
<BR><BR>[Calls]<UL><LI><a href="#[b5]">&gt;&gt;</a>&nbsp;&nbsp;&nbsp;cJSON_CreateArray
<LI><a href="#[a5]">&gt;&gt;</a>&nbsp;&nbsp;&nbsp;suffix_object
<LI><a href="#[5e]">&gt;&gt;</a>&nbsp;&nbsp;&nbsp;cJSON_CreateNumber
<LI><a href="#[5d]">&gt;&gt;</a>&nbsp;&nbsp;&nbsp;__aeabi_i2d
</UL>

<P><STRONG><a name="[b7]"></a>cJSON_CreateFloatArray</STRONG> (Thumb, 68 bytes, Stack size 40 bytes, cjson.o(.text), UNUSED)
<BR><BR>[Calls]<UL><LI><a href="#[b8]">&gt;&gt;</a>&nbsp;&nbsp;&nbsp;__aeabi_f2d
<LI><a href="#[b5]">&gt;&gt;</a>&nbsp;&nbsp;&nbsp;cJSON_CreateArray
<LI><a href="#[a5]">&gt;&gt;</a>&nbsp;&nbsp;&nbsp;suffix_object
<LI><a href="#[5e]">&gt;&gt;</a>&nbsp;&nbsp;&nbsp;cJSON_CreateNumber
</UL>

<P><STRONG><a name="[b9]"></a>cJSON_CreateDoubleArray</STRONG> (Thumb, 68 bytes, Stack size 32 bytes, cjson.o(.text), UNUSED)
<BR><BR>[Calls]<UL><LI><a href="#[b5]">&gt;&gt;</a>&nbsp;&nbsp;&nbsp;cJSON_CreateArray
<LI><a href="#[a5]">&gt;&gt;</a>&nbsp;&nbsp;&nbsp;suffix_object
<LI><a href="#[5e]">&gt;&gt;</a>&nbsp;&nbsp;&nbsp;cJSON_CreateNumber
</UL>

<P><STRONG><a name="[ba]"></a>cJSON_CreateStringArray</STRONG> (Thumb, 62 bytes, Stack size 32 bytes, cjson.o(.text), UNUSED)
<BR><BR>[Calls]<UL><LI><a href="#[b5]">&gt;&gt;</a>&nbsp;&nbsp;&nbsp;cJSON_CreateArray
<LI><a href="#[b4]">&gt;&gt;</a>&nbsp;&nbsp;&nbsp;cJSON_CreateString
<LI><a href="#[a5]">&gt;&gt;</a>&nbsp;&nbsp;&nbsp;suffix_object
</UL>

<P><STRONG><a name="[bb]"></a>cJSON_Duplicate</STRONG> (Thumb, 180 bytes, Stack size 32 bytes, cjson.o(.text), UNUSED)
<BR><BR>[Calls]<UL><LI><a href="#[bb]">&gt;&gt;</a>&nbsp;&nbsp;&nbsp;cJSON_Duplicate
<LI><a href="#[81]">&gt;&gt;</a>&nbsp;&nbsp;&nbsp;cJSON_New_Item
<LI><a href="#[7f]">&gt;&gt;</a>&nbsp;&nbsp;&nbsp;cJSON_strdup
<LI><a href="#[65]">&gt;&gt;</a>&nbsp;&nbsp;&nbsp;cJSON_Delete
</UL>
<BR>[Called By]<UL><LI><a href="#[bb]">&gt;&gt;</a>&nbsp;&nbsp;&nbsp;cJSON_Duplicate
</UL>

<P><STRONG><a name="[10f]"></a>cJSON_Minify</STRONG> (Thumb, 186 bytes, Stack size 0 bytes, cjson.o(.text), UNUSED)

<P><STRONG><a name="[bf]"></a>mymemcpy</STRONG> (Thumb, 26 bytes, Stack size 16 bytes, malloc.o(.text), UNUSED)
<BR><BR>[Called By]<UL><LI><a href="#[be]">&gt;&gt;</a>&nbsp;&nbsp;&nbsp;myrealloc
</UL>

<P><STRONG><a name="[5c]"></a>mymemset</STRONG> (Thumb, 20 bytes, Stack size 12 bytes, malloc.o(.text))
<BR><BR>[Stack]<UL><LI>Max Depth = 12<LI>Call Chain = mymemset
</UL>
<BR>[Called By]<UL><LI><a href="#[53]">&gt;&gt;</a>&nbsp;&nbsp;&nbsp;mem_init
<LI><a href="#[46]">&gt;&gt;</a>&nbsp;&nbsp;&nbsp;main
<LI><a href="#[68]">&gt;&gt;</a>&nbsp;&nbsp;&nbsp;hc13_recv_process
<LI><a href="#[59]">&gt;&gt;</a>&nbsp;&nbsp;&nbsp;hc13_send_date
</UL>

<P><STRONG><a name="[53]"></a>mem_init</STRONG> (Thumb, 38 bytes, Stack size 4 bytes, malloc.o(.text))
<BR><BR>[Stack]<UL><LI>Max Depth = 16<LI>Call Chain = mem_init &rArr; mymemset
</UL>
<BR>[Calls]<UL><LI><a href="#[5c]">&gt;&gt;</a>&nbsp;&nbsp;&nbsp;mymemset
</UL>
<BR>[Address Reference Count : 1]<UL><LI> malloc.o(.data)
</UL>
<P><STRONG><a name="[54]"></a>mem_perused</STRONG> (Thumb, 36 bytes, Stack size 0 bytes, malloc.o(.text))
<BR>[Address Reference Count : 1]<UL><LI> malloc.o(.data)
</UL>
<P><STRONG><a name="[bd]"></a>mem_malloc</STRONG> (Thumb, 116 bytes, Stack size 24 bytes, malloc.o(.text))
<BR><BR>[Stack]<UL><LI>Max Depth = 24<LI>Call Chain = mem_malloc
</UL>
<BR>[Called By]<UL><LI><a href="#[be]">&gt;&gt;</a>&nbsp;&nbsp;&nbsp;myrealloc
<LI><a href="#[49]">&gt;&gt;</a>&nbsp;&nbsp;&nbsp;mymalloc
</UL>

<P><STRONG><a name="[bc]"></a>mem_free</STRONG> (Thumb, 66 bytes, Stack size 16 bytes, malloc.o(.text))
<BR><BR>[Stack]<UL><LI>Max Depth = 16<LI>Call Chain = mem_free
</UL>
<BR>[Called By]<UL><LI><a href="#[4a]">&gt;&gt;</a>&nbsp;&nbsp;&nbsp;myfree
</UL>

<P><STRONG><a name="[4a]"></a>myfree</STRONG> (Thumb, 24 bytes, Stack size 16 bytes, malloc.o(.text))
<BR><BR>[Stack]<UL><LI>Max Depth = 32<LI>Call Chain = myfree &rArr; mem_free
</UL>
<BR>[Calls]<UL><LI><a href="#[bc]">&gt;&gt;</a>&nbsp;&nbsp;&nbsp;mem_free
</UL>
<BR>[Called By]<UL><LI><a href="#[be]">&gt;&gt;</a>&nbsp;&nbsp;&nbsp;myrealloc
<LI><a href="#[59]">&gt;&gt;</a>&nbsp;&nbsp;&nbsp;hc13_send_date
</UL>
<BR>[Address Reference Count : 2]<UL><LI> cjson.o(.text)
<LI> cjson.o(.data)
</UL>
<P><STRONG><a name="[49]"></a>mymalloc</STRONG> (Thumb, 28 bytes, Stack size 16 bytes, malloc.o(.text))
<BR><BR>[Stack]<UL><LI>Max Depth = 40<LI>Call Chain = mymalloc &rArr; mem_malloc
</UL>
<BR>[Calls]<UL><LI><a href="#[bd]">&gt;&gt;</a>&nbsp;&nbsp;&nbsp;mem_malloc
</UL>
<BR>[Address Reference Count : 2]<UL><LI> cjson.o(.text)
<LI> cjson.o(.data)
</UL>
<P><STRONG><a name="[be]"></a>myrealloc</STRONG> (Thumb, 50 bytes, Stack size 16 bytes, malloc.o(.text), UNUSED)
<BR><BR>[Calls]<UL><LI><a href="#[bd]">&gt;&gt;</a>&nbsp;&nbsp;&nbsp;mem_malloc
<LI><a href="#[bf]">&gt;&gt;</a>&nbsp;&nbsp;&nbsp;mymemcpy
<LI><a href="#[4a]">&gt;&gt;</a>&nbsp;&nbsp;&nbsp;myfree
</UL>

<P><STRONG><a name="[73]"></a>KEY_Init</STRONG> (Thumb, 40 bytes, Stack size 8 bytes, key.o(.text))
<BR><BR>[Stack]<UL><LI>Max Depth = 32<LI>Call Chain = KEY_Init &rArr; GPIO_Init
</UL>
<BR>[Calls]<UL><LI><a href="#[c0]">&gt;&gt;</a>&nbsp;&nbsp;&nbsp;GPIO_PinRemapConfig
<LI><a href="#[7a]">&gt;&gt;</a>&nbsp;&nbsp;&nbsp;RCC_APB2PeriphClockCmd
<LI><a href="#[7b]">&gt;&gt;</a>&nbsp;&nbsp;&nbsp;GPIO_Init
</UL>
<BR>[Called By]<UL><LI><a href="#[46]">&gt;&gt;</a>&nbsp;&nbsp;&nbsp;main
</UL>

<P><STRONG><a name="[6f]"></a>aes_init</STRONG> (Thumb, 114 bytes, Stack size 24 bytes, aes.o(.text))
<BR><BR>[Stack]<UL><LI>Max Depth = 36<LI>Call Chain = aes_init &rArr; sub_bytes
</UL>
<BR>[Calls]<UL><LI><a href="#[c2]">&gt;&gt;</a>&nbsp;&nbsp;&nbsp;gf_mult_by02
<LI><a href="#[c5]">&gt;&gt;</a>&nbsp;&nbsp;&nbsp;sub_bytes
<LI><a href="#[c4]">&gt;&gt;</a>&nbsp;&nbsp;&nbsp;xor_bytes
<LI><a href="#[c8]">&gt;&gt;</a>&nbsp;&nbsp;&nbsp;rotation_word
<LI><a href="#[80]">&gt;&gt;</a>&nbsp;&nbsp;&nbsp;__aeabi_memcpy
</UL>
<BR>[Called By]<UL><LI><a href="#[46]">&gt;&gt;</a>&nbsp;&nbsp;&nbsp;main
</UL>

<P><STRONG><a name="[63]"></a>aes_encrypt</STRONG> (Thumb, 62 bytes, Stack size 24 bytes, aes.o(.text))
<BR><BR>[Stack]<UL><LI>Max Depth = 80<LI>Call Chain = aes_encrypt &rArr; block_encrypt &rArr; mix_columns
</UL>
<BR>[Calls]<UL><LI><a href="#[c3]">&gt;&gt;</a>&nbsp;&nbsp;&nbsp;block_encrypt
<LI><a href="#[c4]">&gt;&gt;</a>&nbsp;&nbsp;&nbsp;xor_bytes
<LI><a href="#[80]">&gt;&gt;</a>&nbsp;&nbsp;&nbsp;__aeabi_memcpy
</UL>
<BR>[Called By]<UL><LI><a href="#[59]">&gt;&gt;</a>&nbsp;&nbsp;&nbsp;hc13_send_date
</UL>

<P><STRONG><a name="[69]"></a>aes_decrypt</STRONG> (Thumb, 82 bytes, Stack size 24 bytes, aes.o(.text))
<BR><BR>[Stack]<UL><LI>Max Depth = 80<LI>Call Chain = aes_decrypt &rArr; block_decrypt &rArr; mix_columns
</UL>
<BR>[Calls]<UL><LI><a href="#[c7]">&gt;&gt;</a>&nbsp;&nbsp;&nbsp;block_decrypt
<LI><a href="#[c4]">&gt;&gt;</a>&nbsp;&nbsp;&nbsp;xor_bytes
<LI><a href="#[80]">&gt;&gt;</a>&nbsp;&nbsp;&nbsp;__aeabi_memcpy
</UL>
<BR>[Called By]<UL><LI><a href="#[68]">&gt;&gt;</a>&nbsp;&nbsp;&nbsp;hc13_recv_process
</UL>

<P><STRONG><a name="[70]"></a>delay_init</STRONG> (Thumb, 50 bytes, Stack size 8 bytes, delay.o(.text))
<BR><BR>[Stack]<UL><LI>Max Depth = 8<LI>Call Chain = delay_init
</UL>
<BR>[Calls]<UL><LI><a href="#[c9]">&gt;&gt;</a>&nbsp;&nbsp;&nbsp;SysTick_CLKSourceConfig
</UL>
<BR>[Called By]<UL><LI><a href="#[46]">&gt;&gt;</a>&nbsp;&nbsp;&nbsp;main
</UL>

<P><STRONG><a name="[110]"></a>delay_us</STRONG> (Thumb, 72 bytes, Stack size 0 bytes, delay.o(.text), UNUSED)

<P><STRONG><a name="[6c]"></a>delay_ms</STRONG> (Thumb, 72 bytes, Stack size 0 bytes, delay.o(.text))
<BR><BR>[Called By]<UL><LI><a href="#[46]">&gt;&gt;</a>&nbsp;&nbsp;&nbsp;main
<LI><a href="#[68]">&gt;&gt;</a>&nbsp;&nbsp;&nbsp;hc13_recv_process
</UL>

<P><STRONG><a name="[111]"></a>_sys_exit</STRONG> (Thumb, 6 bytes, Stack size 0 bytes, usart.o(.text), UNUSED)

<P><STRONG><a name="[51]"></a>fputc</STRONG> (Thumb, 24 bytes, Stack size 0 bytes, usart.o(.text))
<BR>[Address Reference Count : 1]<UL><LI> printfa.o(i.__0printf)
</UL>
<P><STRONG><a name="[75]"></a>uart_init</STRONG> (Thumb, 152 bytes, Stack size 32 bytes, usart.o(.text))
<BR><BR>[Stack]<UL><LI>Max Depth = 100<LI>Call Chain = uart_init &rArr; USART_Init &rArr; RCC_GetClocksFreq
</UL>
<BR>[Calls]<UL><LI><a href="#[cb]">&gt;&gt;</a>&nbsp;&nbsp;&nbsp;USART_Init
<LI><a href="#[cc]">&gt;&gt;</a>&nbsp;&nbsp;&nbsp;USART_ITConfig
<LI><a href="#[cd]">&gt;&gt;</a>&nbsp;&nbsp;&nbsp;USART_Cmd
<LI><a href="#[ca]">&gt;&gt;</a>&nbsp;&nbsp;&nbsp;NVIC_Init
<LI><a href="#[7a]">&gt;&gt;</a>&nbsp;&nbsp;&nbsp;RCC_APB2PeriphClockCmd
<LI><a href="#[7b]">&gt;&gt;</a>&nbsp;&nbsp;&nbsp;GPIO_Init
</UL>
<BR>[Called By]<UL><LI><a href="#[46]">&gt;&gt;</a>&nbsp;&nbsp;&nbsp;main
</UL>

<P><STRONG><a name="[2f]"></a>USART1_IRQHandler</STRONG> (Thumb, 122 bytes, Stack size 8 bytes, usart.o(.text))
<BR><BR>[Stack]<UL><LI>Max Depth = 24<LI>Call Chain = USART1_IRQHandler &rArr; USART_GetITStatus
</UL>
<BR>[Calls]<UL><LI><a href="#[cf]">&gt;&gt;</a>&nbsp;&nbsp;&nbsp;USART_ReceiveData
<LI><a href="#[ce]">&gt;&gt;</a>&nbsp;&nbsp;&nbsp;USART_GetITStatus
</UL>
<BR>[Address Reference Count : 1]<UL><LI> startup_stm32f10x_hd.o(RESET)
</UL>
<P><STRONG><a name="[76]"></a>usart2_init</STRONG> (Thumb, 154 bytes, Stack size 32 bytes, usart.o(.text))
<BR><BR>[Stack]<UL><LI>Max Depth = 100<LI>Call Chain = usart2_init &rArr; USART_Init &rArr; RCC_GetClocksFreq
</UL>
<BR>[Calls]<UL><LI><a href="#[cb]">&gt;&gt;</a>&nbsp;&nbsp;&nbsp;USART_Init
<LI><a href="#[cc]">&gt;&gt;</a>&nbsp;&nbsp;&nbsp;USART_ITConfig
<LI><a href="#[cd]">&gt;&gt;</a>&nbsp;&nbsp;&nbsp;USART_Cmd
<LI><a href="#[d0]">&gt;&gt;</a>&nbsp;&nbsp;&nbsp;RCC_APB1PeriphClockCmd
<LI><a href="#[ca]">&gt;&gt;</a>&nbsp;&nbsp;&nbsp;NVIC_Init
<LI><a href="#[7a]">&gt;&gt;</a>&nbsp;&nbsp;&nbsp;RCC_APB2PeriphClockCmd
<LI><a href="#[7b]">&gt;&gt;</a>&nbsp;&nbsp;&nbsp;GPIO_Init
</UL>
<BR>[Called By]<UL><LI><a href="#[46]">&gt;&gt;</a>&nbsp;&nbsp;&nbsp;main
</UL>

<P><STRONG><a name="[30]"></a>USART2_IRQHandler</STRONG> (Thumb, 122 bytes, Stack size 8 bytes, usart.o(.text))
<BR><BR>[Stack]<UL><LI>Max Depth = 24<LI>Call Chain = USART2_IRQHandler &rArr; USART_GetITStatus
</UL>
<BR>[Calls]<UL><LI><a href="#[cf]">&gt;&gt;</a>&nbsp;&nbsp;&nbsp;USART_ReceiveData
<LI><a href="#[ce]">&gt;&gt;</a>&nbsp;&nbsp;&nbsp;USART_GetITStatus
</UL>
<BR>[Address Reference Count : 1]<UL><LI> startup_stm32f10x_hd.o(RESET)
</UL>
<P><STRONG><a name="[d1]"></a>u2_printf</STRONG> (Thumb, 72 bytes, Stack size 32 bytes, usart.o(.text), UNUSED)
<BR><BR>[Calls]<UL><LI><a href="#[d4]">&gt;&gt;</a>&nbsp;&nbsp;&nbsp;USART_SendData
<LI><a href="#[d3]">&gt;&gt;</a>&nbsp;&nbsp;&nbsp;USART_GetFlagStatus
<LI><a href="#[d2]">&gt;&gt;</a>&nbsp;&nbsp;&nbsp;__c89vsprintf
<LI><a href="#[62]">&gt;&gt;</a>&nbsp;&nbsp;&nbsp;strlen
</UL>

<P><STRONG><a name="[31]"></a>USART3_IRQHandler</STRONG> (Thumb, 228 bytes, Stack size 8 bytes, usart.o(.text))
<BR><BR>[Stack]<UL><LI>Max Depth = 24<LI>Call Chain = USART3_IRQHandler &rArr; USART_GetITStatus
</UL>
<BR>[Calls]<UL><LI><a href="#[cf]">&gt;&gt;</a>&nbsp;&nbsp;&nbsp;USART_ReceiveData
<LI><a href="#[ce]">&gt;&gt;</a>&nbsp;&nbsp;&nbsp;USART_GetITStatus
</UL>
<BR>[Address Reference Count : 1]<UL><LI> startup_stm32f10x_hd.o(RESET)
</UL>
<P><STRONG><a name="[77]"></a>usart3_init</STRONG> (Thumb, 226 bytes, Stack size 32 bytes, usart.o(.text))
<BR><BR>[Stack]<UL><LI>Max Depth = 100<LI>Call Chain = usart3_init &rArr; USART_Init &rArr; RCC_GetClocksFreq
</UL>
<BR>[Calls]<UL><LI><a href="#[cb]">&gt;&gt;</a>&nbsp;&nbsp;&nbsp;USART_Init
<LI><a href="#[cc]">&gt;&gt;</a>&nbsp;&nbsp;&nbsp;USART_ITConfig
<LI><a href="#[cd]">&gt;&gt;</a>&nbsp;&nbsp;&nbsp;USART_Cmd
<LI><a href="#[d0]">&gt;&gt;</a>&nbsp;&nbsp;&nbsp;RCC_APB1PeriphClockCmd
<LI><a href="#[ca]">&gt;&gt;</a>&nbsp;&nbsp;&nbsp;NVIC_Init
<LI><a href="#[7a]">&gt;&gt;</a>&nbsp;&nbsp;&nbsp;RCC_APB2PeriphClockCmd
<LI><a href="#[7b]">&gt;&gt;</a>&nbsp;&nbsp;&nbsp;GPIO_Init
</UL>
<BR>[Called By]<UL><LI><a href="#[46]">&gt;&gt;</a>&nbsp;&nbsp;&nbsp;main
</UL>

<P><STRONG><a name="[d5]"></a>u3_printf</STRONG> (Thumb, 72 bytes, Stack size 32 bytes, usart.o(.text), UNUSED)
<BR><BR>[Calls]<UL><LI><a href="#[d4]">&gt;&gt;</a>&nbsp;&nbsp;&nbsp;USART_SendData
<LI><a href="#[d3]">&gt;&gt;</a>&nbsp;&nbsp;&nbsp;USART_GetFlagStatus
<LI><a href="#[d2]">&gt;&gt;</a>&nbsp;&nbsp;&nbsp;__c89vsprintf
<LI><a href="#[62]">&gt;&gt;</a>&nbsp;&nbsp;&nbsp;strlen
</UL>

<P><STRONG><a name="[64]"></a>u3_send_bytes</STRONG> (Thumb, 44 bytes, Stack size 16 bytes, usart.o(.text))
<BR><BR>[Stack]<UL><LI>Max Depth = 16<LI>Call Chain = u3_send_bytes
</UL>
<BR>[Calls]<UL><LI><a href="#[d4]">&gt;&gt;</a>&nbsp;&nbsp;&nbsp;USART_SendData
<LI><a href="#[d3]">&gt;&gt;</a>&nbsp;&nbsp;&nbsp;USART_GetFlagStatus
</UL>
<BR>[Called By]<UL><LI><a href="#[59]">&gt;&gt;</a>&nbsp;&nbsp;&nbsp;hc13_send_date
</UL>

<P><STRONG><a name="[0]"></a>Reset_Handler</STRONG> (Thumb, 8 bytes, Stack size 0 bytes, startup_stm32f10x_hd.o(.text))
<BR>[Address Reference Count : 1]<UL><LI> startup_stm32f10x_hd.o(RESET)
</UL>
<P><STRONG><a name="[1c]"></a>ADC1_2_IRQHandler</STRONG> (Thumb, 0 bytes, Stack size 0 bytes, startup_stm32f10x_hd.o(.text))
<BR><BR>[Calls]<UL><LI><a href="#[1c]">&gt;&gt;</a>&nbsp;&nbsp;&nbsp;ADC1_2_IRQHandler
</UL>
<BR>[Called By]<UL><LI><a href="#[1c]">&gt;&gt;</a>&nbsp;&nbsp;&nbsp;ADC1_2_IRQHandler
</UL>
<BR>[Address Reference Count : 1]<UL><LI> startup_stm32f10x_hd.o(RESET)
</UL>
<P><STRONG><a name="[39]"></a>ADC3_IRQHandler</STRONG> (Thumb, 0 bytes, Stack size 0 bytes, startup_stm32f10x_hd.o(.text))
<BR>[Address Reference Count : 1]<UL><LI> startup_stm32f10x_hd.o(RESET)
</UL>
<P><STRONG><a name="[1f]"></a>CAN1_RX1_IRQHandler</STRONG> (Thumb, 0 bytes, Stack size 0 bytes, startup_stm32f10x_hd.o(.text))
<BR>[Address Reference Count : 1]<UL><LI> startup_stm32f10x_hd.o(RESET)
</UL>
<P><STRONG><a name="[20]"></a>CAN1_SCE_IRQHandler</STRONG> (Thumb, 0 bytes, Stack size 0 bytes, startup_stm32f10x_hd.o(.text))
<BR>[Address Reference Count : 1]<UL><LI> startup_stm32f10x_hd.o(RESET)
</UL>
<P><STRONG><a name="[15]"></a>DMA1_Channel1_IRQHandler</STRONG> (Thumb, 0 bytes, Stack size 0 bytes, startup_stm32f10x_hd.o(.text))
<BR>[Address Reference Count : 1]<UL><LI> startup_stm32f10x_hd.o(RESET)
</UL>
<P><STRONG><a name="[16]"></a>DMA1_Channel2_IRQHandler</STRONG> (Thumb, 0 bytes, Stack size 0 bytes, startup_stm32f10x_hd.o(.text))
<BR>[Address Reference Count : 1]<UL><LI> startup_stm32f10x_hd.o(RESET)
</UL>
<P><STRONG><a name="[17]"></a>DMA1_Channel3_IRQHandler</STRONG> (Thumb, 0 bytes, Stack size 0 bytes, startup_stm32f10x_hd.o(.text))
<BR>[Address Reference Count : 1]<UL><LI> startup_stm32f10x_hd.o(RESET)
</UL>
<P><STRONG><a name="[18]"></a>DMA1_Channel4_IRQHandler</STRONG> (Thumb, 0 bytes, Stack size 0 bytes, startup_stm32f10x_hd.o(.text))
<BR>[Address Reference Count : 1]<UL><LI> startup_stm32f10x_hd.o(RESET)
</UL>
<P><STRONG><a name="[19]"></a>DMA1_Channel5_IRQHandler</STRONG> (Thumb, 0 bytes, Stack size 0 bytes, startup_stm32f10x_hd.o(.text))
<BR>[Address Reference Count : 1]<UL><LI> startup_stm32f10x_hd.o(RESET)
</UL>
<P><STRONG><a name="[1a]"></a>DMA1_Channel6_IRQHandler</STRONG> (Thumb, 0 bytes, Stack size 0 bytes, startup_stm32f10x_hd.o(.text))
<BR>[Address Reference Count : 1]<UL><LI> startup_stm32f10x_hd.o(RESET)
</UL>
<P><STRONG><a name="[1b]"></a>DMA1_Channel7_IRQHandler</STRONG> (Thumb, 0 bytes, Stack size 0 bytes, startup_stm32f10x_hd.o(.text))
<BR>[Address Reference Count : 1]<UL><LI> startup_stm32f10x_hd.o(RESET)
</UL>
<P><STRONG><a name="[42]"></a>DMA2_Channel1_IRQHandler</STRONG> (Thumb, 0 bytes, Stack size 0 bytes, startup_stm32f10x_hd.o(.text))
<BR>[Address Reference Count : 1]<UL><LI> startup_stm32f10x_hd.o(RESET)
</UL>
<P><STRONG><a name="[43]"></a>DMA2_Channel2_IRQHandler</STRONG> (Thumb, 0 bytes, Stack size 0 bytes, startup_stm32f10x_hd.o(.text))
<BR>[Address Reference Count : 1]<UL><LI> startup_stm32f10x_hd.o(RESET)
</UL>
<P><STRONG><a name="[44]"></a>DMA2_Channel3_IRQHandler</STRONG> (Thumb, 0 bytes, Stack size 0 bytes, startup_stm32f10x_hd.o(.text))
<BR>[Address Reference Count : 1]<UL><LI> startup_stm32f10x_hd.o(RESET)
</UL>
<P><STRONG><a name="[45]"></a>DMA2_Channel4_5_IRQHandler</STRONG> (Thumb, 0 bytes, Stack size 0 bytes, startup_stm32f10x_hd.o(.text))
<BR>[Address Reference Count : 1]<UL><LI> startup_stm32f10x_hd.o(RESET)
</UL>
<P><STRONG><a name="[10]"></a>EXTI0_IRQHandler</STRONG> (Thumb, 0 bytes, Stack size 0 bytes, startup_stm32f10x_hd.o(.text))
<BR>[Address Reference Count : 1]<UL><LI> startup_stm32f10x_hd.o(RESET)
</UL>
<P><STRONG><a name="[32]"></a>EXTI15_10_IRQHandler</STRONG> (Thumb, 0 bytes, Stack size 0 bytes, startup_stm32f10x_hd.o(.text))
<BR>[Address Reference Count : 1]<UL><LI> startup_stm32f10x_hd.o(RESET)
</UL>
<P><STRONG><a name="[11]"></a>EXTI1_IRQHandler</STRONG> (Thumb, 0 bytes, Stack size 0 bytes, startup_stm32f10x_hd.o(.text))
<BR>[Address Reference Count : 1]<UL><LI> startup_stm32f10x_hd.o(RESET)
</UL>
<P><STRONG><a name="[12]"></a>EXTI2_IRQHandler</STRONG> (Thumb, 0 bytes, Stack size 0 bytes, startup_stm32f10x_hd.o(.text))
<BR>[Address Reference Count : 1]<UL><LI> startup_stm32f10x_hd.o(RESET)
</UL>
<P><STRONG><a name="[13]"></a>EXTI3_IRQHandler</STRONG> (Thumb, 0 bytes, Stack size 0 bytes, startup_stm32f10x_hd.o(.text))
<BR>[Address Reference Count : 1]<UL><LI> startup_stm32f10x_hd.o(RESET)
</UL>
<P><STRONG><a name="[14]"></a>EXTI4_IRQHandler</STRONG> (Thumb, 0 bytes, Stack size 0 bytes, startup_stm32f10x_hd.o(.text))
<BR>[Address Reference Count : 1]<UL><LI> startup_stm32f10x_hd.o(RESET)
</UL>
<P><STRONG><a name="[21]"></a>EXTI9_5_IRQHandler</STRONG> (Thumb, 0 bytes, Stack size 0 bytes, startup_stm32f10x_hd.o(.text))
<BR>[Address Reference Count : 1]<UL><LI> startup_stm32f10x_hd.o(RESET)
</UL>
<P><STRONG><a name="[e]"></a>FLASH_IRQHandler</STRONG> (Thumb, 0 bytes, Stack size 0 bytes, startup_stm32f10x_hd.o(.text))
<BR>[Address Reference Count : 1]<UL><LI> startup_stm32f10x_hd.o(RESET)
</UL>
<P><STRONG><a name="[3a]"></a>FSMC_IRQHandler</STRONG> (Thumb, 0 bytes, Stack size 0 bytes, startup_stm32f10x_hd.o(.text))
<BR>[Address Reference Count : 1]<UL><LI> startup_stm32f10x_hd.o(RESET)
</UL>
<P><STRONG><a name="[2a]"></a>I2C1_ER_IRQHandler</STRONG> (Thumb, 0 bytes, Stack size 0 bytes, startup_stm32f10x_hd.o(.text))
<BR>[Address Reference Count : 1]<UL><LI> startup_stm32f10x_hd.o(RESET)
</UL>
<P><STRONG><a name="[29]"></a>I2C1_EV_IRQHandler</STRONG> (Thumb, 0 bytes, Stack size 0 bytes, startup_stm32f10x_hd.o(.text))
<BR>[Address Reference Count : 1]<UL><LI> startup_stm32f10x_hd.o(RESET)
</UL>
<P><STRONG><a name="[2c]"></a>I2C2_ER_IRQHandler</STRONG> (Thumb, 0 bytes, Stack size 0 bytes, startup_stm32f10x_hd.o(.text))
<BR>[Address Reference Count : 1]<UL><LI> startup_stm32f10x_hd.o(RESET)
</UL>
<P><STRONG><a name="[2b]"></a>I2C2_EV_IRQHandler</STRONG> (Thumb, 0 bytes, Stack size 0 bytes, startup_stm32f10x_hd.o(.text))
<BR>[Address Reference Count : 1]<UL><LI> startup_stm32f10x_hd.o(RESET)
</UL>
<P><STRONG><a name="[b]"></a>PVD_IRQHandler</STRONG> (Thumb, 0 bytes, Stack size 0 bytes, startup_stm32f10x_hd.o(.text))
<BR>[Address Reference Count : 1]<UL><LI> startup_stm32f10x_hd.o(RESET)
</UL>
<P><STRONG><a name="[f]"></a>RCC_IRQHandler</STRONG> (Thumb, 0 bytes, Stack size 0 bytes, startup_stm32f10x_hd.o(.text))
<BR>[Address Reference Count : 1]<UL><LI> startup_stm32f10x_hd.o(RESET)
</UL>
<P><STRONG><a name="[33]"></a>RTCAlarm_IRQHandler</STRONG> (Thumb, 0 bytes, Stack size 0 bytes, startup_stm32f10x_hd.o(.text))
<BR>[Address Reference Count : 1]<UL><LI> startup_stm32f10x_hd.o(RESET)
</UL>
<P><STRONG><a name="[d]"></a>RTC_IRQHandler</STRONG> (Thumb, 0 bytes, Stack size 0 bytes, startup_stm32f10x_hd.o(.text))
<BR>[Address Reference Count : 1]<UL><LI> startup_stm32f10x_hd.o(RESET)
</UL>
<P><STRONG><a name="[3b]"></a>SDIO_IRQHandler</STRONG> (Thumb, 0 bytes, Stack size 0 bytes, startup_stm32f10x_hd.o(.text))
<BR>[Address Reference Count : 1]<UL><LI> startup_stm32f10x_hd.o(RESET)
</UL>
<P><STRONG><a name="[2d]"></a>SPI1_IRQHandler</STRONG> (Thumb, 0 bytes, Stack size 0 bytes, startup_stm32f10x_hd.o(.text))
<BR>[Address Reference Count : 1]<UL><LI> startup_stm32f10x_hd.o(RESET)
</UL>
<P><STRONG><a name="[2e]"></a>SPI2_IRQHandler</STRONG> (Thumb, 0 bytes, Stack size 0 bytes, startup_stm32f10x_hd.o(.text))
<BR>[Address Reference Count : 1]<UL><LI> startup_stm32f10x_hd.o(RESET)
</UL>
<P><STRONG><a name="[3d]"></a>SPI3_IRQHandler</STRONG> (Thumb, 0 bytes, Stack size 0 bytes, startup_stm32f10x_hd.o(.text))
<BR>[Address Reference Count : 1]<UL><LI> startup_stm32f10x_hd.o(RESET)
</UL>
<P><STRONG><a name="[c]"></a>TAMPER_IRQHandler</STRONG> (Thumb, 0 bytes, Stack size 0 bytes, startup_stm32f10x_hd.o(.text))
<BR>[Address Reference Count : 1]<UL><LI> startup_stm32f10x_hd.o(RESET)
</UL>
<P><STRONG><a name="[22]"></a>TIM1_BRK_IRQHandler</STRONG> (Thumb, 0 bytes, Stack size 0 bytes, startup_stm32f10x_hd.o(.text))
<BR>[Address Reference Count : 1]<UL><LI> startup_stm32f10x_hd.o(RESET)
</UL>
<P><STRONG><a name="[25]"></a>TIM1_CC_IRQHandler</STRONG> (Thumb, 0 bytes, Stack size 0 bytes, startup_stm32f10x_hd.o(.text))
<BR>[Address Reference Count : 1]<UL><LI> startup_stm32f10x_hd.o(RESET)
</UL>
<P><STRONG><a name="[24]"></a>TIM1_TRG_COM_IRQHandler</STRONG> (Thumb, 0 bytes, Stack size 0 bytes, startup_stm32f10x_hd.o(.text))
<BR>[Address Reference Count : 1]<UL><LI> startup_stm32f10x_hd.o(RESET)
</UL>
<P><STRONG><a name="[23]"></a>TIM1_UP_IRQHandler</STRONG> (Thumb, 0 bytes, Stack size 0 bytes, startup_stm32f10x_hd.o(.text))
<BR>[Address Reference Count : 1]<UL><LI> startup_stm32f10x_hd.o(RESET)
</UL>
<P><STRONG><a name="[26]"></a>TIM2_IRQHandler</STRONG> (Thumb, 0 bytes, Stack size 0 bytes, startup_stm32f10x_hd.o(.text))
<BR>[Address Reference Count : 1]<UL><LI> startup_stm32f10x_hd.o(RESET)
</UL>
<P><STRONG><a name="[27]"></a>TIM3_IRQHandler</STRONG> (Thumb, 0 bytes, Stack size 0 bytes, startup_stm32f10x_hd.o(.text))
<BR>[Address Reference Count : 1]<UL><LI> startup_stm32f10x_hd.o(RESET)
</UL>
<P><STRONG><a name="[28]"></a>TIM4_IRQHandler</STRONG> (Thumb, 0 bytes, Stack size 0 bytes, startup_stm32f10x_hd.o(.text))
<BR>[Address Reference Count : 1]<UL><LI> startup_stm32f10x_hd.o(RESET)
</UL>
<P><STRONG><a name="[3c]"></a>TIM5_IRQHandler</STRONG> (Thumb, 0 bytes, Stack size 0 bytes, startup_stm32f10x_hd.o(.text))
<BR>[Address Reference Count : 1]<UL><LI> startup_stm32f10x_hd.o(RESET)
</UL>
<P><STRONG><a name="[40]"></a>TIM6_IRQHandler</STRONG> (Thumb, 0 bytes, Stack size 0 bytes, startup_stm32f10x_hd.o(.text))
<BR>[Address Reference Count : 1]<UL><LI> startup_stm32f10x_hd.o(RESET)
</UL>
<P><STRONG><a name="[41]"></a>TIM7_IRQHandler</STRONG> (Thumb, 0 bytes, Stack size 0 bytes, startup_stm32f10x_hd.o(.text))
<BR>[Address Reference Count : 1]<UL><LI> startup_stm32f10x_hd.o(RESET)
</UL>
<P><STRONG><a name="[35]"></a>TIM8_BRK_IRQHandler</STRONG> (Thumb, 0 bytes, Stack size 0 bytes, startup_stm32f10x_hd.o(.text))
<BR>[Address Reference Count : 1]<UL><LI> startup_stm32f10x_hd.o(RESET)
</UL>
<P><STRONG><a name="[38]"></a>TIM8_CC_IRQHandler</STRONG> (Thumb, 0 bytes, Stack size 0 bytes, startup_stm32f10x_hd.o(.text))
<BR>[Address Reference Count : 1]<UL><LI> startup_stm32f10x_hd.o(RESET)
</UL>
<P><STRONG><a name="[37]"></a>TIM8_TRG_COM_IRQHandler</STRONG> (Thumb, 0 bytes, Stack size 0 bytes, startup_stm32f10x_hd.o(.text))
<BR>[Address Reference Count : 1]<UL><LI> startup_stm32f10x_hd.o(RESET)
</UL>
<P><STRONG><a name="[36]"></a>TIM8_UP_IRQHandler</STRONG> (Thumb, 0 bytes, Stack size 0 bytes, startup_stm32f10x_hd.o(.text))
<BR>[Address Reference Count : 1]<UL><LI> startup_stm32f10x_hd.o(RESET)
</UL>
<P><STRONG><a name="[3e]"></a>UART4_IRQHandler</STRONG> (Thumb, 0 bytes, Stack size 0 bytes, startup_stm32f10x_hd.o(.text))
<BR>[Address Reference Count : 1]<UL><LI> startup_stm32f10x_hd.o(RESET)
</UL>
<P><STRONG><a name="[3f]"></a>UART5_IRQHandler</STRONG> (Thumb, 0 bytes, Stack size 0 bytes, startup_stm32f10x_hd.o(.text))
<BR>[Address Reference Count : 1]<UL><LI> startup_stm32f10x_hd.o(RESET)
</UL>
<P><STRONG><a name="[34]"></a>USBWakeUp_IRQHandler</STRONG> (Thumb, 0 bytes, Stack size 0 bytes, startup_stm32f10x_hd.o(.text))
<BR>[Address Reference Count : 1]<UL><LI> startup_stm32f10x_hd.o(RESET)
</UL>
<P><STRONG><a name="[1d]"></a>USB_HP_CAN1_TX_IRQHandler</STRONG> (Thumb, 0 bytes, Stack size 0 bytes, startup_stm32f10x_hd.o(.text))
<BR>[Address Reference Count : 1]<UL><LI> startup_stm32f10x_hd.o(RESET)
</UL>
<P><STRONG><a name="[1e]"></a>USB_LP_CAN1_RX0_IRQHandler</STRONG> (Thumb, 0 bytes, Stack size 0 bytes, startup_stm32f10x_hd.o(.text))
<BR>[Address Reference Count : 1]<UL><LI> startup_stm32f10x_hd.o(RESET)
</UL>
<P><STRONG><a name="[a]"></a>WWDG_IRQHandler</STRONG> (Thumb, 0 bytes, Stack size 0 bytes, startup_stm32f10x_hd.o(.text))
<BR>[Address Reference Count : 1]<UL><LI> startup_stm32f10x_hd.o(RESET)
</UL>
<P><STRONG><a name="[d6]"></a>GPIO_DeInit</STRONG> (Thumb, 172 bytes, Stack size 8 bytes, stm32f10x_gpio.o(.text), UNUSED)
<BR><BR>[Calls]<UL><LI><a href="#[d7]">&gt;&gt;</a>&nbsp;&nbsp;&nbsp;RCC_APB2PeriphResetCmd
</UL>

<P><STRONG><a name="[d8]"></a>GPIO_AFIODeInit</STRONG> (Thumb, 20 bytes, Stack size 8 bytes, stm32f10x_gpio.o(.text), UNUSED)
<BR><BR>[Calls]<UL><LI><a href="#[d7]">&gt;&gt;</a>&nbsp;&nbsp;&nbsp;RCC_APB2PeriphResetCmd
</UL>

<P><STRONG><a name="[7b]"></a>GPIO_Init</STRONG> (Thumb, 278 bytes, Stack size 24 bytes, stm32f10x_gpio.o(.text))
<BR><BR>[Stack]<UL><LI>Max Depth = 24<LI>Call Chain = GPIO_Init
</UL>
<BR>[Called By]<UL><LI><a href="#[77]">&gt;&gt;</a>&nbsp;&nbsp;&nbsp;usart3_init
<LI><a href="#[76]">&gt;&gt;</a>&nbsp;&nbsp;&nbsp;usart2_init
<LI><a href="#[75]">&gt;&gt;</a>&nbsp;&nbsp;&nbsp;uart_init
<LI><a href="#[72]">&gt;&gt;</a>&nbsp;&nbsp;&nbsp;LED_Init
<LI><a href="#[73]">&gt;&gt;</a>&nbsp;&nbsp;&nbsp;KEY_Init
</UL>

<P><STRONG><a name="[112]"></a>GPIO_StructInit</STRONG> (Thumb, 16 bytes, Stack size 0 bytes, stm32f10x_gpio.o(.text), UNUSED)

<P><STRONG><a name="[74]"></a>GPIO_ReadInputDataBit</STRONG> (Thumb, 18 bytes, Stack size 0 bytes, stm32f10x_gpio.o(.text))
<BR><BR>[Called By]<UL><LI><a href="#[46]">&gt;&gt;</a>&nbsp;&nbsp;&nbsp;main
</UL>

<P><STRONG><a name="[113]"></a>GPIO_ReadInputData</STRONG> (Thumb, 8 bytes, Stack size 0 bytes, stm32f10x_gpio.o(.text), UNUSED)

<P><STRONG><a name="[114]"></a>GPIO_ReadOutputDataBit</STRONG> (Thumb, 18 bytes, Stack size 0 bytes, stm32f10x_gpio.o(.text), UNUSED)

<P><STRONG><a name="[115]"></a>GPIO_ReadOutputData</STRONG> (Thumb, 8 bytes, Stack size 0 bytes, stm32f10x_gpio.o(.text), UNUSED)

<P><STRONG><a name="[7c]"></a>GPIO_SetBits</STRONG> (Thumb, 4 bytes, Stack size 0 bytes, stm32f10x_gpio.o(.text))
<BR><BR>[Called By]<UL><LI><a href="#[72]">&gt;&gt;</a>&nbsp;&nbsp;&nbsp;LED_Init
</UL>

<P><STRONG><a name="[116]"></a>GPIO_ResetBits</STRONG> (Thumb, 4 bytes, Stack size 0 bytes, stm32f10x_gpio.o(.text), UNUSED)

<P><STRONG><a name="[117]"></a>GPIO_WriteBit</STRONG> (Thumb, 10 bytes, Stack size 0 bytes, stm32f10x_gpio.o(.text), UNUSED)

<P><STRONG><a name="[118]"></a>GPIO_Write</STRONG> (Thumb, 4 bytes, Stack size 0 bytes, stm32f10x_gpio.o(.text), UNUSED)

<P><STRONG><a name="[119]"></a>GPIO_PinLockConfig</STRONG> (Thumb, 18 bytes, Stack size 0 bytes, stm32f10x_gpio.o(.text), UNUSED)

<P><STRONG><a name="[11a]"></a>GPIO_EventOutputConfig</STRONG> (Thumb, 26 bytes, Stack size 0 bytes, stm32f10x_gpio.o(.text), UNUSED)

<P><STRONG><a name="[11b]"></a>GPIO_EventOutputCmd</STRONG> (Thumb, 6 bytes, Stack size 0 bytes, stm32f10x_gpio.o(.text), UNUSED)

<P><STRONG><a name="[c0]"></a>GPIO_PinRemapConfig</STRONG> (Thumb, 138 bytes, Stack size 20 bytes, stm32f10x_gpio.o(.text))
<BR><BR>[Stack]<UL><LI>Max Depth = 20<LI>Call Chain = GPIO_PinRemapConfig
</UL>
<BR>[Called By]<UL><LI><a href="#[73]">&gt;&gt;</a>&nbsp;&nbsp;&nbsp;KEY_Init
</UL>

<P><STRONG><a name="[11c]"></a>GPIO_EXTILineConfig</STRONG> (Thumb, 66 bytes, Stack size 12 bytes, stm32f10x_gpio.o(.text), UNUSED)

<P><STRONG><a name="[11d]"></a>GPIO_ETH_MediaInterfaceConfig</STRONG> (Thumb, 8 bytes, Stack size 0 bytes, stm32f10x_gpio.o(.text), UNUSED)

<P><STRONG><a name="[11e]"></a>RCC_DeInit</STRONG> (Thumb, 64 bytes, Stack size 0 bytes, stm32f10x_rcc.o(.text), UNUSED)

<P><STRONG><a name="[11f]"></a>RCC_HSEConfig</STRONG> (Thumb, 70 bytes, Stack size 0 bytes, stm32f10x_rcc.o(.text), UNUSED)

<P><STRONG><a name="[da]"></a>RCC_GetFlagStatus</STRONG> (Thumb, 56 bytes, Stack size 8 bytes, stm32f10x_rcc.o(.text), UNUSED)
<BR><BR>[Called By]<UL><LI><a href="#[d9]">&gt;&gt;</a>&nbsp;&nbsp;&nbsp;RCC_WaitForHSEStartUp
</UL>

<P><STRONG><a name="[d9]"></a>RCC_WaitForHSEStartUp</STRONG> (Thumb, 56 bytes, Stack size 16 bytes, stm32f10x_rcc.o(.text), UNUSED)
<BR><BR>[Calls]<UL><LI><a href="#[da]">&gt;&gt;</a>&nbsp;&nbsp;&nbsp;RCC_GetFlagStatus
</UL>

<P><STRONG><a name="[120]"></a>RCC_AdjustHSICalibrationValue</STRONG> (Thumb, 20 bytes, Stack size 0 bytes, stm32f10x_rcc.o(.text), UNUSED)

<P><STRONG><a name="[121]"></a>RCC_HSICmd</STRONG> (Thumb, 6 bytes, Stack size 0 bytes, stm32f10x_rcc.o(.text), UNUSED)

<P><STRONG><a name="[122]"></a>RCC_PLLConfig</STRONG> (Thumb, 24 bytes, Stack size 0 bytes, stm32f10x_rcc.o(.text), UNUSED)

<P><STRONG><a name="[123]"></a>RCC_PLLCmd</STRONG> (Thumb, 6 bytes, Stack size 0 bytes, stm32f10x_rcc.o(.text), UNUSED)

<P><STRONG><a name="[124]"></a>RCC_SYSCLKConfig</STRONG> (Thumb, 18 bytes, Stack size 0 bytes, stm32f10x_rcc.o(.text), UNUSED)

<P><STRONG><a name="[125]"></a>RCC_GetSYSCLKSource</STRONG> (Thumb, 10 bytes, Stack size 0 bytes, stm32f10x_rcc.o(.text), UNUSED)

<P><STRONG><a name="[126]"></a>RCC_HCLKConfig</STRONG> (Thumb, 18 bytes, Stack size 0 bytes, stm32f10x_rcc.o(.text), UNUSED)

<P><STRONG><a name="[127]"></a>RCC_PCLK1Config</STRONG> (Thumb, 18 bytes, Stack size 0 bytes, stm32f10x_rcc.o(.text), UNUSED)

<P><STRONG><a name="[128]"></a>RCC_PCLK2Config</STRONG> (Thumb, 20 bytes, Stack size 0 bytes, stm32f10x_rcc.o(.text), UNUSED)

<P><STRONG><a name="[129]"></a>RCC_ITConfig</STRONG> (Thumb, 26 bytes, Stack size 0 bytes, stm32f10x_rcc.o(.text), UNUSED)

<P><STRONG><a name="[12a]"></a>RCC_USBCLKConfig</STRONG> (Thumb, 8 bytes, Stack size 0 bytes, stm32f10x_rcc.o(.text), UNUSED)

<P><STRONG><a name="[12b]"></a>RCC_ADCCLKConfig</STRONG> (Thumb, 18 bytes, Stack size 0 bytes, stm32f10x_rcc.o(.text), UNUSED)

<P><STRONG><a name="[12c]"></a>RCC_LSEConfig</STRONG> (Thumb, 50 bytes, Stack size 0 bytes, stm32f10x_rcc.o(.text), UNUSED)

<P><STRONG><a name="[12d]"></a>RCC_LSICmd</STRONG> (Thumb, 6 bytes, Stack size 0 bytes, stm32f10x_rcc.o(.text), UNUSED)

<P><STRONG><a name="[12e]"></a>RCC_RTCCLKConfig</STRONG> (Thumb, 12 bytes, Stack size 0 bytes, stm32f10x_rcc.o(.text), UNUSED)

<P><STRONG><a name="[12f]"></a>RCC_RTCCLKCmd</STRONG> (Thumb, 8 bytes, Stack size 0 bytes, stm32f10x_rcc.o(.text), UNUSED)

<P><STRONG><a name="[dd]"></a>RCC_GetClocksFreq</STRONG> (Thumb, 192 bytes, Stack size 12 bytes, stm32f10x_rcc.o(.text))
<BR><BR>[Stack]<UL><LI>Max Depth = 12<LI>Call Chain = RCC_GetClocksFreq
</UL>
<BR>[Called By]<UL><LI><a href="#[cb]">&gt;&gt;</a>&nbsp;&nbsp;&nbsp;USART_Init
</UL>

<P><STRONG><a name="[130]"></a>RCC_AHBPeriphClockCmd</STRONG> (Thumb, 26 bytes, Stack size 0 bytes, stm32f10x_rcc.o(.text), UNUSED)

<P><STRONG><a name="[7a]"></a>RCC_APB2PeriphClockCmd</STRONG> (Thumb, 26 bytes, Stack size 0 bytes, stm32f10x_rcc.o(.text))
<BR><BR>[Called By]<UL><LI><a href="#[77]">&gt;&gt;</a>&nbsp;&nbsp;&nbsp;usart3_init
<LI><a href="#[76]">&gt;&gt;</a>&nbsp;&nbsp;&nbsp;usart2_init
<LI><a href="#[75]">&gt;&gt;</a>&nbsp;&nbsp;&nbsp;uart_init
<LI><a href="#[72]">&gt;&gt;</a>&nbsp;&nbsp;&nbsp;LED_Init
<LI><a href="#[73]">&gt;&gt;</a>&nbsp;&nbsp;&nbsp;KEY_Init
</UL>

<P><STRONG><a name="[d0]"></a>RCC_APB1PeriphClockCmd</STRONG> (Thumb, 26 bytes, Stack size 0 bytes, stm32f10x_rcc.o(.text))
<BR><BR>[Called By]<UL><LI><a href="#[77]">&gt;&gt;</a>&nbsp;&nbsp;&nbsp;usart3_init
<LI><a href="#[76]">&gt;&gt;</a>&nbsp;&nbsp;&nbsp;usart2_init
</UL>

<P><STRONG><a name="[d7]"></a>RCC_APB2PeriphResetCmd</STRONG> (Thumb, 26 bytes, Stack size 0 bytes, stm32f10x_rcc.o(.text), UNUSED)
<BR><BR>[Called By]<UL><LI><a href="#[db]">&gt;&gt;</a>&nbsp;&nbsp;&nbsp;USART_DeInit
<LI><a href="#[d8]">&gt;&gt;</a>&nbsp;&nbsp;&nbsp;GPIO_AFIODeInit
<LI><a href="#[d6]">&gt;&gt;</a>&nbsp;&nbsp;&nbsp;GPIO_DeInit
</UL>

<P><STRONG><a name="[dc]"></a>RCC_APB1PeriphResetCmd</STRONG> (Thumb, 26 bytes, Stack size 0 bytes, stm32f10x_rcc.o(.text), UNUSED)
<BR><BR>[Called By]<UL><LI><a href="#[db]">&gt;&gt;</a>&nbsp;&nbsp;&nbsp;USART_DeInit
</UL>

<P><STRONG><a name="[131]"></a>RCC_BackupResetCmd</STRONG> (Thumb, 8 bytes, Stack size 0 bytes, stm32f10x_rcc.o(.text), UNUSED)

<P><STRONG><a name="[132]"></a>RCC_ClockSecuritySystemCmd</STRONG> (Thumb, 6 bytes, Stack size 0 bytes, stm32f10x_rcc.o(.text), UNUSED)

<P><STRONG><a name="[133]"></a>RCC_MCOConfig</STRONG> (Thumb, 6 bytes, Stack size 0 bytes, stm32f10x_rcc.o(.text), UNUSED)

<P><STRONG><a name="[134]"></a>RCC_ClearFlag</STRONG> (Thumb, 14 bytes, Stack size 0 bytes, stm32f10x_rcc.o(.text), UNUSED)

<P><STRONG><a name="[135]"></a>RCC_GetITStatus</STRONG> (Thumb, 20 bytes, Stack size 0 bytes, stm32f10x_rcc.o(.text), UNUSED)

<P><STRONG><a name="[136]"></a>RCC_ClearITPendingBit</STRONG> (Thumb, 6 bytes, Stack size 0 bytes, stm32f10x_rcc.o(.text), UNUSED)

<P><STRONG><a name="[db]"></a>USART_DeInit</STRONG> (Thumb, 134 bytes, Stack size 8 bytes, stm32f10x_usart.o(.text), UNUSED)
<BR><BR>[Calls]<UL><LI><a href="#[dc]">&gt;&gt;</a>&nbsp;&nbsp;&nbsp;RCC_APB1PeriphResetCmd
<LI><a href="#[d7]">&gt;&gt;</a>&nbsp;&nbsp;&nbsp;RCC_APB2PeriphResetCmd
</UL>

<P><STRONG><a name="[cb]"></a>USART_Init</STRONG> (Thumb, 210 bytes, Stack size 56 bytes, stm32f10x_usart.o(.text))
<BR><BR>[Stack]<UL><LI>Max Depth = 68<LI>Call Chain = USART_Init &rArr; RCC_GetClocksFreq
</UL>
<BR>[Calls]<UL><LI><a href="#[dd]">&gt;&gt;</a>&nbsp;&nbsp;&nbsp;RCC_GetClocksFreq
</UL>
<BR>[Called By]<UL><LI><a href="#[77]">&gt;&gt;</a>&nbsp;&nbsp;&nbsp;usart3_init
<LI><a href="#[76]">&gt;&gt;</a>&nbsp;&nbsp;&nbsp;usart2_init
<LI><a href="#[75]">&gt;&gt;</a>&nbsp;&nbsp;&nbsp;uart_init
</UL>

<P><STRONG><a name="[137]"></a>USART_StructInit</STRONG> (Thumb, 24 bytes, Stack size 0 bytes, stm32f10x_usart.o(.text), UNUSED)

<P><STRONG><a name="[138]"></a>USART_ClockInit</STRONG> (Thumb, 34 bytes, Stack size 8 bytes, stm32f10x_usart.o(.text), UNUSED)

<P><STRONG><a name="[139]"></a>USART_ClockStructInit</STRONG> (Thumb, 12 bytes, Stack size 0 bytes, stm32f10x_usart.o(.text), UNUSED)

<P><STRONG><a name="[cd]"></a>USART_Cmd</STRONG> (Thumb, 24 bytes, Stack size 0 bytes, stm32f10x_usart.o(.text))
<BR><BR>[Called By]<UL><LI><a href="#[77]">&gt;&gt;</a>&nbsp;&nbsp;&nbsp;usart3_init
<LI><a href="#[76]">&gt;&gt;</a>&nbsp;&nbsp;&nbsp;usart2_init
<LI><a href="#[75]">&gt;&gt;</a>&nbsp;&nbsp;&nbsp;uart_init
</UL>

<P><STRONG><a name="[cc]"></a>USART_ITConfig</STRONG> (Thumb, 74 bytes, Stack size 20 bytes, stm32f10x_usart.o(.text))
<BR><BR>[Stack]<UL><LI>Max Depth = 20<LI>Call Chain = USART_ITConfig
</UL>
<BR>[Called By]<UL><LI><a href="#[77]">&gt;&gt;</a>&nbsp;&nbsp;&nbsp;usart3_init
<LI><a href="#[76]">&gt;&gt;</a>&nbsp;&nbsp;&nbsp;usart2_init
<LI><a href="#[75]">&gt;&gt;</a>&nbsp;&nbsp;&nbsp;uart_init
</UL>

<P><STRONG><a name="[13a]"></a>USART_DMACmd</STRONG> (Thumb, 18 bytes, Stack size 0 bytes, stm32f10x_usart.o(.text), UNUSED)

<P><STRONG><a name="[13b]"></a>USART_SetAddress</STRONG> (Thumb, 18 bytes, Stack size 0 bytes, stm32f10x_usart.o(.text), UNUSED)

<P><STRONG><a name="[13c]"></a>USART_WakeUpConfig</STRONG> (Thumb, 18 bytes, Stack size 0 bytes, stm32f10x_usart.o(.text), UNUSED)

<P><STRONG><a name="[13d]"></a>USART_ReceiverWakeUpCmd</STRONG> (Thumb, 24 bytes, Stack size 0 bytes, stm32f10x_usart.o(.text), UNUSED)

<P><STRONG><a name="[13e]"></a>USART_LINBreakDetectLengthConfig</STRONG> (Thumb, 18 bytes, Stack size 0 bytes, stm32f10x_usart.o(.text), UNUSED)

<P><STRONG><a name="[13f]"></a>USART_LINCmd</STRONG> (Thumb, 24 bytes, Stack size 0 bytes, stm32f10x_usart.o(.text), UNUSED)

<P><STRONG><a name="[d4]"></a>USART_SendData</STRONG> (Thumb, 8 bytes, Stack size 0 bytes, stm32f10x_usart.o(.text))
<BR><BR>[Called By]<UL><LI><a href="#[d5]">&gt;&gt;</a>&nbsp;&nbsp;&nbsp;u3_printf
<LI><a href="#[d1]">&gt;&gt;</a>&nbsp;&nbsp;&nbsp;u2_printf
<LI><a href="#[64]">&gt;&gt;</a>&nbsp;&nbsp;&nbsp;u3_send_bytes
</UL>

<P><STRONG><a name="[cf]"></a>USART_ReceiveData</STRONG> (Thumb, 10 bytes, Stack size 0 bytes, stm32f10x_usart.o(.text))
<BR><BR>[Called By]<UL><LI><a href="#[31]">&gt;&gt;</a>&nbsp;&nbsp;&nbsp;USART3_IRQHandler
<LI><a href="#[30]">&gt;&gt;</a>&nbsp;&nbsp;&nbsp;USART2_IRQHandler
<LI><a href="#[2f]">&gt;&gt;</a>&nbsp;&nbsp;&nbsp;USART1_IRQHandler
</UL>

<P><STRONG><a name="[140]"></a>USART_SendBreak</STRONG> (Thumb, 10 bytes, Stack size 0 bytes, stm32f10x_usart.o(.text), UNUSED)

<P><STRONG><a name="[141]"></a>USART_SetGuardTime</STRONG> (Thumb, 16 bytes, Stack size 0 bytes, stm32f10x_usart.o(.text), UNUSED)

<P><STRONG><a name="[142]"></a>USART_SetPrescaler</STRONG> (Thumb, 16 bytes, Stack size 0 bytes, stm32f10x_usart.o(.text), UNUSED)

<P><STRONG><a name="[143]"></a>USART_SmartCardCmd</STRONG> (Thumb, 24 bytes, Stack size 0 bytes, stm32f10x_usart.o(.text), UNUSED)

<P><STRONG><a name="[144]"></a>USART_SmartCardNACKCmd</STRONG> (Thumb, 24 bytes, Stack size 0 bytes, stm32f10x_usart.o(.text), UNUSED)

<P><STRONG><a name="[145]"></a>USART_HalfDuplexCmd</STRONG> (Thumb, 24 bytes, Stack size 0 bytes, stm32f10x_usart.o(.text), UNUSED)

<P><STRONG><a name="[146]"></a>USART_OverSampling8Cmd</STRONG> (Thumb, 22 bytes, Stack size 0 bytes, stm32f10x_usart.o(.text), UNUSED)

<P><STRONG><a name="[147]"></a>USART_OneBitMethodCmd</STRONG> (Thumb, 24 bytes, Stack size 0 bytes, stm32f10x_usart.o(.text), UNUSED)

<P><STRONG><a name="[148]"></a>USART_IrDAConfig</STRONG> (Thumb, 18 bytes, Stack size 0 bytes, stm32f10x_usart.o(.text), UNUSED)

<P><STRONG><a name="[149]"></a>USART_IrDACmd</STRONG> (Thumb, 24 bytes, Stack size 0 bytes, stm32f10x_usart.o(.text), UNUSED)

<P><STRONG><a name="[d3]"></a>USART_GetFlagStatus</STRONG> (Thumb, 26 bytes, Stack size 0 bytes, stm32f10x_usart.o(.text))
<BR><BR>[Called By]<UL><LI><a href="#[d5]">&gt;&gt;</a>&nbsp;&nbsp;&nbsp;u3_printf
<LI><a href="#[d1]">&gt;&gt;</a>&nbsp;&nbsp;&nbsp;u2_printf
<LI><a href="#[64]">&gt;&gt;</a>&nbsp;&nbsp;&nbsp;u3_send_bytes
</UL>

<P><STRONG><a name="[14a]"></a>USART_ClearFlag</STRONG> (Thumb, 18 bytes, Stack size 0 bytes, stm32f10x_usart.o(.text), UNUSED)

<P><STRONG><a name="[ce]"></a>USART_GetITStatus</STRONG> (Thumb, 84 bytes, Stack size 16 bytes, stm32f10x_usart.o(.text))
<BR><BR>[Stack]<UL><LI>Max Depth = 16<LI>Call Chain = USART_GetITStatus
</UL>
<BR>[Called By]<UL><LI><a href="#[31]">&gt;&gt;</a>&nbsp;&nbsp;&nbsp;USART3_IRQHandler
<LI><a href="#[30]">&gt;&gt;</a>&nbsp;&nbsp;&nbsp;USART2_IRQHandler
<LI><a href="#[2f]">&gt;&gt;</a>&nbsp;&nbsp;&nbsp;USART1_IRQHandler
</UL>

<P><STRONG><a name="[14b]"></a>USART_ClearITPendingBit</STRONG> (Thumb, 52 bytes, Stack size 8 bytes, stm32f10x_usart.o(.text), UNUSED)

<P><STRONG><a name="[71]"></a>NVIC_PriorityGroupConfig</STRONG> (Thumb, 10 bytes, Stack size 0 bytes, misc.o(.text))
<BR><BR>[Called By]<UL><LI><a href="#[46]">&gt;&gt;</a>&nbsp;&nbsp;&nbsp;main
</UL>

<P><STRONG><a name="[ca]"></a>NVIC_Init</STRONG> (Thumb, 100 bytes, Stack size 16 bytes, misc.o(.text))
<BR><BR>[Stack]<UL><LI>Max Depth = 16<LI>Call Chain = NVIC_Init
</UL>
<BR>[Called By]<UL><LI><a href="#[77]">&gt;&gt;</a>&nbsp;&nbsp;&nbsp;usart3_init
<LI><a href="#[76]">&gt;&gt;</a>&nbsp;&nbsp;&nbsp;usart2_init
<LI><a href="#[75]">&gt;&gt;</a>&nbsp;&nbsp;&nbsp;uart_init
</UL>

<P><STRONG><a name="[14c]"></a>NVIC_SetVectorTable</STRONG> (Thumb, 14 bytes, Stack size 0 bytes, misc.o(.text), UNUSED)

<P><STRONG><a name="[14d]"></a>NVIC_SystemLPConfig</STRONG> (Thumb, 34 bytes, Stack size 0 bytes, misc.o(.text), UNUSED)

<P><STRONG><a name="[c9]"></a>SysTick_CLKSourceConfig</STRONG> (Thumb, 40 bytes, Stack size 0 bytes, misc.o(.text))
<BR><BR>[Called By]<UL><LI><a href="#[70]">&gt;&gt;</a>&nbsp;&nbsp;&nbsp;delay_init
</UL>

<P><STRONG><a name="[7e]"></a>tolower</STRONG> (Thumb, 12 bytes, Stack size 0 bytes, tolower.o(.text))
<BR><BR>[Called By]<UL><LI><a href="#[7d]">&gt;&gt;</a>&nbsp;&nbsp;&nbsp;cJSON_strcasecmp
</UL>

<P><STRONG><a name="[80]"></a>__aeabi_memcpy</STRONG> (Thumb, 36 bytes, Stack size 0 bytes, memcpya.o(.text))
<BR><BR>[Called By]<UL><LI><a href="#[9f]">&gt;&gt;</a>&nbsp;&nbsp;&nbsp;print_array
<LI><a href="#[9d]">&gt;&gt;</a>&nbsp;&nbsp;&nbsp;print_object
<LI><a href="#[88]">&gt;&gt;</a>&nbsp;&nbsp;&nbsp;ensure
<LI><a href="#[7f]">&gt;&gt;</a>&nbsp;&nbsp;&nbsp;cJSON_strdup
<LI><a href="#[6f]">&gt;&gt;</a>&nbsp;&nbsp;&nbsp;aes_init
<LI><a href="#[63]">&gt;&gt;</a>&nbsp;&nbsp;&nbsp;aes_encrypt
<LI><a href="#[69]">&gt;&gt;</a>&nbsp;&nbsp;&nbsp;aes_decrypt
</UL>

<P><STRONG><a name="[a3]"></a>__aeabi_memcpy4</STRONG> (Thumb, 0 bytes, Stack size 0 bytes, memcpya.o(.text), UNUSED)
<BR><BR>[Called By]<UL><LI><a href="#[a2]">&gt;&gt;</a>&nbsp;&nbsp;&nbsp;create_reference
</UL>

<P><STRONG><a name="[14e]"></a>__aeabi_memcpy8</STRONG> (Thumb, 0 bytes, Stack size 0 bytes, memcpya.o(.text), UNUSED)

<P><STRONG><a name="[df]"></a>__aeabi_memset</STRONG> (Thumb, 14 bytes, Stack size 0 bytes, memseta.o(.text), UNUSED)
<BR><BR>[Called By]<UL><LI><a href="#[e0]">&gt;&gt;</a>&nbsp;&nbsp;&nbsp;_memset$wrapper
<LI><a href="#[de]">&gt;&gt;</a>&nbsp;&nbsp;&nbsp;__aeabi_memclr
</UL>

<P><STRONG><a name="[14f]"></a>__aeabi_memset4</STRONG> (Thumb, 0 bytes, Stack size 0 bytes, memseta.o(.text), UNUSED)

<P><STRONG><a name="[150]"></a>__aeabi_memset8</STRONG> (Thumb, 0 bytes, Stack size 0 bytes, memseta.o(.text), UNUSED)

<P><STRONG><a name="[de]"></a>__aeabi_memclr</STRONG> (Thumb, 4 bytes, Stack size 0 bytes, memseta.o(.text), UNUSED)
<BR><BR>[Calls]<UL><LI><a href="#[df]">&gt;&gt;</a>&nbsp;&nbsp;&nbsp;__aeabi_memset
</UL>

<P><STRONG><a name="[5a]"></a>__aeabi_memclr4</STRONG> (Thumb, 0 bytes, Stack size 0 bytes, memseta.o(.text))
<BR><BR>[Called By]<UL><LI><a href="#[9f]">&gt;&gt;</a>&nbsp;&nbsp;&nbsp;print_array
<LI><a href="#[9d]">&gt;&gt;</a>&nbsp;&nbsp;&nbsp;print_object
<LI><a href="#[81]">&gt;&gt;</a>&nbsp;&nbsp;&nbsp;cJSON_New_Item
<LI><a href="#[68]">&gt;&gt;</a>&nbsp;&nbsp;&nbsp;hc13_recv_process
<LI><a href="#[59]">&gt;&gt;</a>&nbsp;&nbsp;&nbsp;hc13_send_date
</UL>

<P><STRONG><a name="[151]"></a>__aeabi_memclr8</STRONG> (Thumb, 0 bytes, Stack size 0 bytes, memseta.o(.text), UNUSED)

<P><STRONG><a name="[e0]"></a>_memset$wrapper</STRONG> (Thumb, 18 bytes, Stack size 8 bytes, memseta.o(.text), UNUSED)
<BR><BR>[Calls]<UL><LI><a href="#[df]">&gt;&gt;</a>&nbsp;&nbsp;&nbsp;__aeabi_memset
</UL>

<P><STRONG><a name="[95]"></a>strchr</STRONG> (Thumb, 20 bytes, Stack size 0 bytes, strchr.o(.text))
<BR><BR>[Called By]<UL><LI><a href="#[93]">&gt;&gt;</a>&nbsp;&nbsp;&nbsp;print_string_ptr
</UL>

<P><STRONG><a name="[62]"></a>strlen</STRONG> (Thumb, 14 bytes, Stack size 0 bytes, strlen.o(.text))
<BR><BR>[Called By]<UL><LI><a href="#[d5]">&gt;&gt;</a>&nbsp;&nbsp;&nbsp;u3_printf
<LI><a href="#[d1]">&gt;&gt;</a>&nbsp;&nbsp;&nbsp;u2_printf
<LI><a href="#[9f]">&gt;&gt;</a>&nbsp;&nbsp;&nbsp;print_array
<LI><a href="#[9d]">&gt;&gt;</a>&nbsp;&nbsp;&nbsp;print_object
<LI><a href="#[8a]">&gt;&gt;</a>&nbsp;&nbsp;&nbsp;update
<LI><a href="#[7f]">&gt;&gt;</a>&nbsp;&nbsp;&nbsp;cJSON_strdup
<LI><a href="#[59]">&gt;&gt;</a>&nbsp;&nbsp;&nbsp;hc13_send_date
</UL>

<P><STRONG><a name="[6e]"></a>strcmp</STRONG> (Thumb, 28 bytes, Stack size 8 bytes, strcmp.o(.text))
<BR><BR>[Stack]<UL><LI>Max Depth = 8<LI>Call Chain = strcmp
</UL>
<BR>[Called By]<UL><LI><a href="#[6d]">&gt;&gt;</a>&nbsp;&nbsp;&nbsp;ld2402_recv_process
</UL>

<P><STRONG><a name="[94]"></a>strcpy</STRONG> (Thumb, 18 bytes, Stack size 0 bytes, strcpy.o(.text))
<BR><BR>[Called By]<UL><LI><a href="#[9e]">&gt;&gt;</a>&nbsp;&nbsp;&nbsp;print_value
<LI><a href="#[9f]">&gt;&gt;</a>&nbsp;&nbsp;&nbsp;print_array
<LI><a href="#[9d]">&gt;&gt;</a>&nbsp;&nbsp;&nbsp;print_object
<LI><a href="#[93]">&gt;&gt;</a>&nbsp;&nbsp;&nbsp;print_string_ptr
</UL>

<P><STRONG><a name="[9b]"></a>strncmp</STRONG> (Thumb, 30 bytes, Stack size 12 bytes, strncmp.o(.text))
<BR><BR>[Stack]<UL><LI>Max Depth = 12<LI>Call Chain = strncmp
</UL>
<BR>[Called By]<UL><LI><a href="#[99]">&gt;&gt;</a>&nbsp;&nbsp;&nbsp;parse_value
</UL>

<P><STRONG><a name="[67]"></a>__0sscanf</STRONG> (Thumb, 48 bytes, Stack size 72 bytes, __0sscanf.o(.text), UNUSED)
<BR><BR>[Calls]<UL><LI><a href="#[e1]">&gt;&gt;</a>&nbsp;&nbsp;&nbsp;__vfscanf_char
</UL>
<BR>[Called By]<UL><LI><a href="#[66]">&gt;&gt;</a>&nbsp;&nbsp;&nbsp;parse_distance
</UL>

<P><STRONG><a name="[e2]"></a>_scanf_int</STRONG> (Thumb, 332 bytes, Stack size 56 bytes, _scanf_int.o(.text), UNUSED)
<BR><BR>[Calls]<UL><LI><a href="#[e3]">&gt;&gt;</a>&nbsp;&nbsp;&nbsp;_chval
</UL>
<BR>[Called By]<UL><LI><a href="#[eb]">&gt;&gt;</a>&nbsp;&nbsp;&nbsp;__vfscanf
</UL>

<P><STRONG><a name="[84]"></a>__aeabi_dadd</STRONG> (Thumb, 322 bytes, Stack size 48 bytes, dadd.o(.text))
<BR><BR>[Stack]<UL><LI>Max Depth = 88<LI>Call Chain = __aeabi_dadd &rArr; _double_epilogue &rArr; _double_round
</UL>
<BR>[Calls]<UL><LI><a href="#[e5]">&gt;&gt;</a>&nbsp;&nbsp;&nbsp;__aeabi_lasr
<LI><a href="#[e4]">&gt;&gt;</a>&nbsp;&nbsp;&nbsp;__aeabi_llsl
<LI><a href="#[e7]">&gt;&gt;</a>&nbsp;&nbsp;&nbsp;_double_round
<LI><a href="#[e6]">&gt;&gt;</a>&nbsp;&nbsp;&nbsp;_double_epilogue
</UL>
<BR>[Called By]<UL><LI><a href="#[86]">&gt;&gt;</a>&nbsp;&nbsp;&nbsp;pow
<LI><a href="#[e8]">&gt;&gt;</a>&nbsp;&nbsp;&nbsp;__aeabi_drsub
<LI><a href="#[90]">&gt;&gt;</a>&nbsp;&nbsp;&nbsp;floor
<LI><a href="#[85]">&gt;&gt;</a>&nbsp;&nbsp;&nbsp;__aeabi_dsub
<LI><a href="#[82]">&gt;&gt;</a>&nbsp;&nbsp;&nbsp;parse_number
<LI><a href="#[f5]">&gt;&gt;</a>&nbsp;&nbsp;&nbsp;__kernel_poly
<LI><a href="#[f7]">&gt;&gt;</a>&nbsp;&nbsp;&nbsp;__mathlib_dbl_infnan2
<LI><a href="#[fc]">&gt;&gt;</a>&nbsp;&nbsp;&nbsp;_fp_digits
</UL>

<P><STRONG><a name="[85]"></a>__aeabi_dsub</STRONG> (Thumb, 6 bytes, Stack size 0 bytes, dadd.o(.text))
<BR><BR>[Stack]<UL><LI>Max Depth = 88<LI>Call Chain = __aeabi_dsub &rArr; __aeabi_dadd &rArr; _double_epilogue &rArr; _double_round
</UL>
<BR>[Calls]<UL><LI><a href="#[84]">&gt;&gt;</a>&nbsp;&nbsp;&nbsp;__aeabi_dadd
</UL>
<BR>[Called By]<UL><LI><a href="#[86]">&gt;&gt;</a>&nbsp;&nbsp;&nbsp;pow
<LI><a href="#[8b]">&gt;&gt;</a>&nbsp;&nbsp;&nbsp;print_number
<LI><a href="#[82]">&gt;&gt;</a>&nbsp;&nbsp;&nbsp;parse_number
</UL>

<P><STRONG><a name="[e8]"></a>__aeabi_drsub</STRONG> (Thumb, 6 bytes, Stack size 0 bytes, dadd.o(.text))
<BR><BR>[Stack]<UL><LI>Max Depth = 88<LI>Call Chain = __aeabi_drsub &rArr; __aeabi_dadd &rArr; _double_epilogue &rArr; _double_round
</UL>
<BR>[Calls]<UL><LI><a href="#[84]">&gt;&gt;</a>&nbsp;&nbsp;&nbsp;__aeabi_dadd
</UL>
<BR>[Called By]<UL><LI><a href="#[86]">&gt;&gt;</a>&nbsp;&nbsp;&nbsp;pow
<LI><a href="#[90]">&gt;&gt;</a>&nbsp;&nbsp;&nbsp;floor
</UL>

<P><STRONG><a name="[83]"></a>__aeabi_dmul</STRONG> (Thumb, 228 bytes, Stack size 48 bytes, dmul.o(.text))
<BR><BR>[Stack]<UL><LI>Max Depth = 88<LI>Call Chain = __aeabi_dmul &rArr; _double_epilogue &rArr; _double_round
</UL>
<BR>[Calls]<UL><LI><a href="#[e6]">&gt;&gt;</a>&nbsp;&nbsp;&nbsp;_double_epilogue
</UL>
<BR>[Called By]<UL><LI><a href="#[86]">&gt;&gt;</a>&nbsp;&nbsp;&nbsp;pow
<LI><a href="#[82]">&gt;&gt;</a>&nbsp;&nbsp;&nbsp;parse_number
<LI><a href="#[f5]">&gt;&gt;</a>&nbsp;&nbsp;&nbsp;__kernel_poly
<LI><a href="#[fc]">&gt;&gt;</a>&nbsp;&nbsp;&nbsp;_fp_digits
</UL>

<P><STRONG><a name="[5d]"></a>__aeabi_i2d</STRONG> (Thumb, 34 bytes, Stack size 16 bytes, dflti.o(.text))
<BR><BR>[Stack]<UL><LI>Max Depth = 56<LI>Call Chain = __aeabi_i2d &rArr; _double_epilogue &rArr; _double_round
</UL>
<BR>[Calls]<UL><LI><a href="#[e6]">&gt;&gt;</a>&nbsp;&nbsp;&nbsp;_double_epilogue
</UL>
<BR>[Called By]<UL><LI><a href="#[86]">&gt;&gt;</a>&nbsp;&nbsp;&nbsp;pow
<LI><a href="#[b6]">&gt;&gt;</a>&nbsp;&nbsp;&nbsp;cJSON_CreateIntArray
<LI><a href="#[8b]">&gt;&gt;</a>&nbsp;&nbsp;&nbsp;print_number
[...]
<LI><a href="#[f5]">&gt;&gt;</a>&nbsp;&nbsp;&nbsp;__kernel_poly
<LI><a href="#[102]">&gt;&gt;</a>&nbsp;&nbsp;&nbsp;__ARM_fpclassify
<LI><a href="#[fb]">&gt;&gt;</a>&nbsp;&nbsp;&nbsp;__mathlib_dbl_underflow
<LI><a href="#[f9]">&gt;&gt;</a>&nbsp;&nbsp;&nbsp;__mathlib_dbl_overflow
<LI><a href="#[f8]">&gt;&gt;</a>&nbsp;&nbsp;&nbsp;__mathlib_dbl_invalid
<LI><a href="#[f7]">&gt;&gt;</a>&nbsp;&nbsp;&nbsp;__mathlib_dbl_infnan2
<LI><a href="#[f6]">&gt;&gt;</a>&nbsp;&nbsp;&nbsp;__mathlib_dbl_divzero
</UL>
<BR>[Called By]<UL><LI><a href="#[82]">&gt;&gt;</a>&nbsp;&nbsp;&nbsp;parse_number
</UL>

<P><STRONG><a name="[101]"></a>sqrt</STRONG> (Thumb, 76 bytes, Stack size 24 bytes, sqrt.o(i.sqrt))
<BR><BR>[Stack]<UL><LI>Max Depth = 64<LI>Call Chain = sqrt &rArr; _dsqrt &rArr; _double_round
</UL>
<BR>[Calls]<UL><LI><a href="#[100]">&gt;&gt;</a>&nbsp;&nbsp;&nbsp;__set_errno
<LI><a href="#[f0]">&gt;&gt;</a>&nbsp;&nbsp;&nbsp;_dsqrt
</UL>
<BR>[Called By]<UL><LI><a href="#[86]">&gt;&gt;</a>&nbsp;&nbsp;&nbsp;pow
</UL>
<P>
<H3>
Local Symbols
</H3>
<P><STRONG><a name="[79]"></a>SetSysClockTo72</STRONG> (Thumb, 214 bytes, Stack size 12 bytes, system_stm32f10x.o(.text))
<BR><BR>[Stack]<UL><LI>Max Depth = 12<LI>Call Chain = SetSysClockTo72
</UL>
<BR>[Called By]<UL><LI><a href="#[78]">&gt;&gt;</a>&nbsp;&nbsp;&nbsp;SetSysClock
</UL>

<P><STRONG><a name="[78]"></a>SetSysClock</STRONG> (Thumb, 8 bytes, Stack size 8 bytes, system_stm32f10x.o(.text))
<BR><BR>[Stack]<UL><LI>Max Depth = 20<LI>Call Chain = SetSysClock &rArr; SetSysClockTo72
</UL>
<BR>[Calls]<UL><LI><a href="#[79]">&gt;&gt;</a>&nbsp;&nbsp;&nbsp;SetSysClockTo72
</UL>
<BR>[Called By]<UL><LI><a href="#[4b]">&gt;&gt;</a>&nbsp;&nbsp;&nbsp;SystemInit
</UL>

<P><STRONG><a name="[7d]"></a>cJSON_strcasecmp</STRONG> (Thumb, 76 bytes, Stack size 16 bytes, cjson.o(.text))
<BR><BR>[Stack]<UL><LI>Max Depth = 16<LI>Call Chain = cJSON_strcasecmp
</UL>
<BR>[Calls]<UL><LI><a href="#[7e]">&gt;&gt;</a>&nbsp;&nbsp;&nbsp;tolower
</UL>
<BR>[Called By]<UL><LI><a href="#[af]">&gt;&gt;</a>&nbsp;&nbsp;&nbsp;cJSON_ReplaceItemInObject
<LI><a href="#[ab]">&gt;&gt;</a>&nbsp;&nbsp;&nbsp;cJSON_DetachItemFromObject
<LI><a href="#[6b]">&gt;&gt;</a>&nbsp;&nbsp;&nbsp;cJSON_GetObjectItem
</UL>

<P><STRONG><a name="[7f]"></a>cJSON_strdup</STRONG> (Thumb, 42 bytes, Stack size 16 bytes, cjson.o(.text))
<BR><BR>[Stack]<UL><LI>Max Depth = 16<LI>Call Chain = cJSON_strdup
</UL>
<BR>[Calls]<UL><LI><a href="#[62]">&gt;&gt;</a>&nbsp;&nbsp;&nbsp;strlen
<LI><a href="#[80]">&gt;&gt;</a>&nbsp;&nbsp;&nbsp;__aeabi_memcpy
</UL>
<BR>[Called By]<UL><LI><a href="#[bb]">&gt;&gt;</a>&nbsp;&nbsp;&nbsp;cJSON_Duplicate
<LI><a href="#[b4]">&gt;&gt;</a>&nbsp;&nbsp;&nbsp;cJSON_CreateString
<LI><a href="#[af]">&gt;&gt;</a>&nbsp;&nbsp;&nbsp;cJSON_ReplaceItemInObject
<LI><a href="#[9e]">&gt;&gt;</a>&nbsp;&nbsp;&nbsp;print_value
<LI><a href="#[5f]">&gt;&gt;</a>&nbsp;&nbsp;&nbsp;cJSON_AddItemToObject
</UL>

<P><STRONG><a name="[81]"></a>cJSON_New_Item</STRONG> (Thumb, 26 bytes, Stack size 8 bytes, cjson.o(.text))
<BR><BR>[Stack]<UL><LI>Max Depth = 8<LI>Call Chain = cJSON_New_Item
</UL>
<BR>[Calls]<UL><LI><a href="#[5a]">&gt;&gt;</a>&nbsp;&nbsp;&nbsp;__aeabi_memclr4
</UL>
<BR>[Called By]<UL><LI><a href="#[bb]">&gt;&gt;</a>&nbsp;&nbsp;&nbsp;cJSON_Duplicate
<LI><a href="#[b5]">&gt;&gt;</a>&nbsp;&nbsp;&nbsp;cJSON_CreateArray
<LI><a href="#[b4]">&gt;&gt;</a>&nbsp;&nbsp;&nbsp;cJSON_CreateString
<LI><a href="#[b3]">&gt;&gt;</a>&nbsp;&nbsp;&nbsp;cJSON_CreateBool
<LI><a href="#[b2]">&gt;&gt;</a>&nbsp;&nbsp;&nbsp;cJSON_CreateFalse
<LI><a href="#[b1]">&gt;&gt;</a>&nbsp;&nbsp;&nbsp;cJSON_CreateTrue
<LI><a href="#[b0]">&gt;&gt;</a>&nbsp;&nbsp;&nbsp;cJSON_CreateNull
<LI><a href="#[9c]">&gt;&gt;</a>&nbsp;&nbsp;&nbsp;cJSON_ParseWithOpts
<LI><a href="#[a2]">&gt;&gt;</a>&nbsp;&nbsp;&nbsp;create_reference
<LI><a href="#[9a]">&gt;&gt;</a>&nbsp;&nbsp;&nbsp;parse_array
<LI><a href="#[97]">&gt;&gt;</a>&nbsp;&nbsp;&nbsp;parse_object
<LI><a href="#[5b]">&gt;&gt;</a>&nbsp;&nbsp;&nbsp;cJSON_CreateObject
<LI><a href="#[5e]">&gt;&gt;</a>&nbsp;&nbsp;&nbsp;cJSON_CreateNumber
</UL>

<P><STRONG><a name="[82]"></a>parse_number</STRONG> (Thumb, 432 bytes, Stack size 80 bytes, cjson.o(.text))
<BR><BR>[Stack]<UL><LI>Max Depth = 320<LI>Call Chain = parse_number &rArr; pow &rArr; __kernel_poly &rArr; __aeabi_dmul &rArr; _double_epilogue &rArr; _double_round
</UL>
<BR>[Calls]<UL><LI><a href="#[86]">&gt;&gt;</a>&nbsp;&nbsp;&nbsp;pow
<LI><a href="#[85]">&gt;&gt;</a>&nbsp;&nbsp;&nbsp;__aeabi_dsub
<LI><a href="#[83]">&gt;&gt;</a>&nbsp;&nbsp;&nbsp;__aeabi_dmul
<LI><a href="#[84]">&gt;&gt;</a>&nbsp;&nbsp;&nbsp;__aeabi_dadd
<LI><a href="#[87]">&gt;&gt;</a>&nbsp;&nbsp;&nbsp;__aeabi_d2iz
<LI><a href="#[5d]">&gt;&gt;</a>&nbsp;&nbsp;&nbsp;__aeabi_i2d
</UL>
<BR>[Called By]<UL><LI><a href="#[99]">&gt;&gt;</a>&nbsp;&nbsp;&nbsp;parse_value
</UL>

<P><STRONG><a name="[89]"></a>pow2gt</STRONG> (Thumb, 28 bytes, Stack size 0 bytes, cjson.o(.text))
<BR><BR>[Called By]<UL><LI><a href="#[88]">&gt;&gt;</a>&nbsp;&nbsp;&nbsp;ensure
</UL>

<P><STRONG><a name="[88]"></a>ensure</STRONG> (Thumb, 104 bytes, Stack size 24 bytes, cjson.o(.text))
<BR><BR>[Stack]<UL><LI>Max Depth = 24<LI>Call Chain = ensure
</UL>
<BR>[Calls]<UL><LI><a href="#[89]">&gt;&gt;</a>&nbsp;&nbsp;&nbsp;pow2gt
<LI><a href="#[80]">&gt;&gt;</a>&nbsp;&nbsp;&nbsp;__aeabi_memcpy
</UL>
<BR>[Called By]<UL><LI><a href="#[9e]">&gt;&gt;</a>&nbsp;&nbsp;&nbsp;print_value
<LI><a href="#[9f]">&gt;&gt;</a>&nbsp;&nbsp;&nbsp;print_array
<LI><a href="#[9d]">&gt;&gt;</a>&nbsp;&nbsp;&nbsp;print_object
<LI><a href="#[93]">&gt;&gt;</a>&nbsp;&nbsp;&nbsp;print_string_ptr
<LI><a href="#[8b]">&gt;&gt;</a>&nbsp;&nbsp;&nbsp;print_number
</UL>

<P><STRONG><a name="[8a]"></a>update</STRONG> (Thumb, 32 bytes, Stack size 16 bytes, cjson.o(.text))
<BR><BR>[Stack]<UL><LI>Max Depth = 16<LI>Call Chain = update
</UL>
<BR>[Calls]<UL><LI><a href="#[62]">&gt;&gt;</a>&nbsp;&nbsp;&nbsp;strlen
</UL>
<BR>[Called By]<UL><LI><a href="#[9f]">&gt;&gt;</a>&nbsp;&nbsp;&nbsp;print_array
<LI><a href="#[9d]">&gt;&gt;</a>&nbsp;&nbsp;&nbsp;print_object
</UL>

<P><STRONG><a name="[8b]"></a>print_number</STRONG> (Thumb, 406 bytes, Stack size 40 bytes, cjson.o(.text))
<BR><BR>[Stack]<UL><LI>Max Depth = 152<LI>Call Chain = print_number &rArr; floor &rArr; __aeabi_drsub &rArr; __aeabi_dadd &rArr; _double_epilogue &rArr; _double_round
</UL>
<BR>[Calls]<UL><LI><a href="#[90]">&gt;&gt;</a>&nbsp;&nbsp;&nbsp;floor
<LI><a href="#[85]">&gt;&gt;</a>&nbsp;&nbsp;&nbsp;__aeabi_dsub
<LI><a href="#[8e]">&gt;&gt;</a>&nbsp;&nbsp;&nbsp;__aeabi_cdrcmple
<LI><a href="#[8d]">&gt;&gt;</a>&nbsp;&nbsp;&nbsp;__aeabi_cdcmple
<LI><a href="#[8c]">&gt;&gt;</a>&nbsp;&nbsp;&nbsp;__aeabi_cdcmpeq
<LI><a href="#[88]">&gt;&gt;</a>&nbsp;&nbsp;&nbsp;ensure
<LI><a href="#[5d]">&gt;&gt;</a>&nbsp;&nbsp;&nbsp;__aeabi_i2d
<LI><a href="#[8f]">&gt;&gt;</a>&nbsp;&nbsp;&nbsp;__2sprintf
</UL>
<BR>[Called By]<UL><LI><a href="#[9e]">&gt;&gt;</a>&nbsp;&nbsp;&nbsp;print_value
</UL>

<P><STRONG><a name="[92]"></a>parse_hex4</STRONG> (Thumb, 276 bytes, Stack size 0 bytes, cjson.o(.text))
<BR><BR>[Called By]<UL><LI><a href="#[91]">&gt;&gt;</a>&nbsp;&nbsp;&nbsp;parse_string
</UL>

<P><STRONG><a name="[91]"></a>parse_string</STRONG> (Thumb, 448 bytes, Stack size 40 bytes, cjson.o(.text))
<BR><BR>[Stack]<UL><LI>Max Depth = 40<LI>Call Chain = parse_string
</UL>
<BR>[Calls]<UL><LI><a href="#[92]">&gt;&gt;</a>&nbsp;&nbsp;&nbsp;parse_hex4
</UL>
<BR>[Called By]<UL><LI><a href="#[99]">&gt;&gt;</a>&nbsp;&nbsp;&nbsp;parse_value
<LI><a href="#[97]">&gt;&gt;</a>&nbsp;&nbsp;&nbsp;parse_object
</UL>

<P><STRONG><a name="[93]"></a>print_string_ptr</STRONG> (Thumb, 500 bytes, Stack size 40 bytes, cjson.o(.text))
<BR><BR>[Stack]<UL><LI>Max Depth = 64<LI>Call Chain = print_string_ptr &rArr; ensure
</UL>
<BR>[Calls]<UL><LI><a href="#[88]">&gt;&gt;</a>&nbsp;&nbsp;&nbsp;ensure
<LI><a href="#[8f]">&gt;&gt;</a>&nbsp;&nbsp;&nbsp;__2sprintf
<LI><a href="#[94]">&gt;&gt;</a>&nbsp;&nbsp;&nbsp;strcpy
<LI><a href="#[95]">&gt;&gt;</a>&nbsp;&nbsp;&nbsp;strchr
</UL>
<BR>[Called By]<UL><LI><a href="#[9d]">&gt;&gt;</a>&nbsp;&nbsp;&nbsp;print_object
<LI><a href="#[96]">&gt;&gt;</a>&nbsp;&nbsp;&nbsp;print_string
</UL>

<P><STRONG><a name="[96]"></a>print_string</STRONG> (Thumb, 16 bytes, Stack size 16 bytes, cjson.o(.text))
<BR><BR>[Stack]<UL><LI>Max Depth = 80<LI>Call Chain = print_string &rArr; print_string_ptr &rArr; ensure
</UL>
<BR>[Calls]<UL><LI><a href="#[93]">&gt;&gt;</a>&nbsp;&nbsp;&nbsp;print_string_ptr
</UL>
<BR>[Called By]<UL><LI><a href="#[9e]">&gt;&gt;</a>&nbsp;&nbsp;&nbsp;print_value
</UL>

<P><STRONG><a name="[98]"></a>skip</STRONG> (Thumb, 18 bytes, Stack size 0 bytes, cjson.o(.text))
<BR><BR>[Called By]<UL><LI><a href="#[9c]">&gt;&gt;</a>&nbsp;&nbsp;&nbsp;cJSON_ParseWithOpts
<LI><a href="#[9a]">&gt;&gt;</a>&nbsp;&nbsp;&nbsp;parse_array
<LI><a href="#[97]">&gt;&gt;</a>&nbsp;&nbsp;&nbsp;parse_object
</UL>

<P><STRONG><a name="[97]"></a>parse_object</STRONG> (Thumb, 272 bytes, Stack size 32 bytes, cjson.o(.text))
<BR><BR>[Stack]<UL><LI>Max Depth = 72 + In Cycle
<LI>Call Chain = parse_object &rArr;  parse_value (Cycle)
</UL>
<BR>[Calls]<UL><LI><a href="#[99]">&gt;&gt;</a>&nbsp;&nbsp;&nbsp;parse_value
<LI><a href="#[98]">&gt;&gt;</a>&nbsp;&nbsp;&nbsp;skip
<LI><a href="#[91]">&gt;&gt;</a>&nbsp;&nbsp;&nbsp;parse_string
<LI><a href="#[81]">&gt;&gt;</a>&nbsp;&nbsp;&nbsp;cJSON_New_Item
</UL>
<BR>[Called By]<UL><LI><a href="#[99]">&gt;&gt;</a>&nbsp;&nbsp;&nbsp;parse_value
</UL>

<P><STRONG><a name="[9a]"></a>parse_array</STRONG> (Thumb, 168 bytes, Stack size 32 bytes, cjson.o(.text))
<BR><BR>[Stack]<UL><LI>Max Depth = 40 + In Cycle
<LI>Call Chain = parse_array &rArr;  parse_value (Cycle)
</UL>
<BR>[Calls]<UL><LI><a href="#[99]">&gt;&gt;</a>&nbsp;&nbsp;&nbsp;parse_value
<LI><a href="#[98]">&gt;&gt;</a>&nbsp;&nbsp;&nbsp;skip
<LI><a href="#[81]">&gt;&gt;</a>&nbsp;&nbsp;&nbsp;cJSON_New_Item
</UL>
<BR>[Called By]<UL><LI><a href="#[99]">&gt;&gt;</a>&nbsp;&nbsp;&nbsp;parse_value
</UL>

<P><STRONG><a name="[99]"></a>parse_value</STRONG> (Thumb, 212 bytes, Stack size 16 bytes, cjson.o(.text))
<BR><BR>[Stack]<UL><LI>Max Depth = 336<LI>Call Chain = parse_value &rArr; parse_number &rArr; pow &rArr; __kernel_poly &rArr; __aeabi_dmul &rArr; _double_epilogue &rArr; _double_round
</UL>
<BR>[Calls]<UL><LI><a href="#[9a]">&gt;&gt;</a>&nbsp;&nbsp;&nbsp;parse_array
<LI><a href="#[97]">&gt;&gt;</a>&nbsp;&nbsp;&nbsp;parse_object
<LI><a href="#[91]">&gt;&gt;</a>&nbsp;&nbsp;&nbsp;parse_string
<LI><a href="#[82]">&gt;&gt;</a>&nbsp;&nbsp;&nbsp;parse_number
<LI><a href="#[9b]">&gt;&gt;</a>&nbsp;&nbsp;&nbsp;strncmp
</UL>
<BR>[Called By]<UL><LI><a href="#[9c]">&gt;&gt;</a>&nbsp;&nbsp;&nbsp;cJSON_ParseWithOpts
<LI><a href="#[9a]">&gt;&gt;</a>&nbsp;&nbsp;&nbsp;parse_array
<LI><a href="#[97]">&gt;&gt;</a>&nbsp;&nbsp;&nbsp;parse_object
</UL>

<P><STRONG><a name="[9d]"></a>print_object</STRONG> (Thumb, 1052 bytes, Stack size 88 bytes, cjson.o(.text))
<BR><BR>[Stack]<UL><LI>Max Depth = 152 + In Cycle
<LI>Call Chain = print_object &rArr;  print_value (Cycle)
</UL>
<BR>[Calls]<UL><LI><a href="#[9e]">&gt;&gt;</a>&nbsp;&nbsp;&nbsp;print_value
<LI><a href="#[93]">&gt;&gt;</a>&nbsp;&nbsp;&nbsp;print_string_ptr
<LI><a href="#[8a]">&gt;&gt;</a>&nbsp;&nbsp;&nbsp;update
<LI><a href="#[88]">&gt;&gt;</a>&nbsp;&nbsp;&nbsp;ensure
<LI><a href="#[94]">&gt;&gt;</a>&nbsp;&nbsp;&nbsp;strcpy
<LI><a href="#[62]">&gt;&gt;</a>&nbsp;&nbsp;&nbsp;strlen
<LI><a href="#[5a]">&gt;&gt;</a>&nbsp;&nbsp;&nbsp;__aeabi_memclr4
<LI><a href="#[80]">&gt;&gt;</a>&nbsp;&nbsp;&nbsp;__aeabi_memcpy
</UL>
<BR>[Called By]<UL><LI><a href="#[9e]">&gt;&gt;</a>&nbsp;&nbsp;&nbsp;print_value
</UL>

<P><STRONG><a name="[9f]"></a>print_array</STRONG> (Thumb, 578 bytes, Stack size 72 bytes, cjson.o(.text))
<BR><BR>[Stack]<UL><LI>Max Depth = 96 + In Cycle
<LI>Call Chain = print_array &rArr;  print_value (Cycle)
</UL>
<BR>[Calls]<UL><LI><a href="#[9e]">&gt;&gt;</a>&nbsp;&nbsp;&nbsp;print_value
<LI><a href="#[8a]">&gt;&gt;</a>&nbsp;&nbsp;&nbsp;update
<LI><a href="#[88]">&gt;&gt;</a>&nbsp;&nbsp;&nbsp;ensure
<LI><a href="#[94]">&gt;&gt;</a>&nbsp;&nbsp;&nbsp;strcpy
<LI><a href="#[62]">&gt;&gt;</a>&nbsp;&nbsp;&nbsp;strlen
<LI><a href="#[5a]">&gt;&gt;</a>&nbsp;&nbsp;&nbsp;__aeabi_memclr4
<LI><a href="#[80]">&gt;&gt;</a>&nbsp;&nbsp;&nbsp;__aeabi_memcpy
</UL>
<BR>[Called By]<UL><LI><a href="#[9e]">&gt;&gt;</a>&nbsp;&nbsp;&nbsp;print_value
</UL>

<P><STRONG><a name="[9e]"></a>print_value</STRONG> (Thumb, 290 bytes, Stack size 24 bytes, cjson.o(.text))
<BR><BR>[Stack]<UL><LI>Max Depth = 176<LI>Call Chain = print_value &rArr; print_object &rArr;  print_value (Cycle)
</UL>
<BR>[Calls]<UL><LI><a href="#[9f]">&gt;&gt;</a>&nbsp;&nbsp;&nbsp;print_array
<LI><a href="#[9d]">&gt;&gt;</a>&nbsp;&nbsp;&nbsp;print_object
<LI><a href="#[96]">&gt;&gt;</a>&nbsp;&nbsp;&nbsp;print_string
<LI><a href="#[8b]">&gt;&gt;</a>&nbsp;&nbsp;&nbsp;print_number
<LI><a href="#[88]">&gt;&gt;</a>&nbsp;&nbsp;&nbsp;ensure
<LI><a href="#[7f]">&gt;&gt;</a>&nbsp;&nbsp;&nbsp;cJSON_strdup
<LI><a href="#[94]">&gt;&gt;</a>&nbsp;&nbsp;&nbsp;strcpy
</UL>
<BR>[Called By]<UL><LI><a href="#[a1]">&gt;&gt;</a>&nbsp;&nbsp;&nbsp;cJSON_PrintBuffered
<LI><a href="#[a0]">&gt;&gt;</a>&nbsp;&nbsp;&nbsp;cJSON_PrintUnformatted
<LI><a href="#[9f]">&gt;&gt;</a>&nbsp;&nbsp;&nbsp;print_array
<LI><a href="#[9d]">&gt;&gt;</a>&nbsp;&nbsp;&nbsp;print_object
<LI><a href="#[61]">&gt;&gt;</a>&nbsp;&nbsp;&nbsp;cJSON_Print
</UL>

<P><STRONG><a name="[a5]"></a>suffix_object</STRONG> (Thumb, 6 bytes, Stack size 0 bytes, cjson.o(.text))
<BR><BR>[Called By]<UL><LI><a href="#[ba]">&gt;&gt;</a>&nbsp;&nbsp;&nbsp;cJSON_CreateStringArray
<LI><a href="#[b9]">&gt;&gt;</a>&nbsp;&nbsp;&nbsp;cJSON_CreateDoubleArray
<LI><a href="#[b7]">&gt;&gt;</a>&nbsp;&nbsp;&nbsp;cJSON_CreateFloatArray
<LI><a href="#[b6]">&gt;&gt;</a>&nbsp;&nbsp;&nbsp;cJSON_CreateIntArray
<LI><a href="#[a4]">&gt;&gt;</a>&nbsp;&nbsp;&nbsp;cJSON_AddItemToArray
</UL>

<P><STRONG><a name="[a2]"></a>create_reference</STRONG> (Thumb, 48 bytes, Stack size 16 bytes, cjson.o(.text), UNUSED)
<BR><BR>[Calls]<UL><LI><a href="#[81]">&gt;&gt;</a>&nbsp;&nbsp;&nbsp;cJSON_New_Item
<LI><a href="#[a3]">&gt;&gt;</a>&nbsp;&nbsp;&nbsp;__aeabi_memcpy4
</UL>
<BR>[Called By]<UL><LI><a href="#[a8]">&gt;&gt;</a>&nbsp;&nbsp;&nbsp;cJSON_AddItemReferenceToObject
<LI><a href="#[a7]">&gt;&gt;</a>&nbsp;&nbsp;&nbsp;cJSON_AddItemReferenceToArray
</UL>

<P><STRONG><a name="[c8]"></a>rotation_word</STRONG> (Thumb, 18 bytes, Stack size 0 bytes, aes.o(.text))
<BR><BR>[Called By]<UL><LI><a href="#[6f]">&gt;&gt;</a>&nbsp;&nbsp;&nbsp;aes_init
</UL>

<P><STRONG><a name="[c4]"></a>xor_bytes</STRONG> (Thumb, 26 bytes, Stack size 12 bytes, aes.o(.text))
<BR><BR>[Stack]<UL><LI>Max Depth = 12<LI>Call Chain = xor_bytes
</UL>
<BR>[Called By]<UL><LI><a href="#[c7]">&gt;&gt;</a>&nbsp;&nbsp;&nbsp;block_decrypt
<LI><a href="#[c3]">&gt;&gt;</a>&nbsp;&nbsp;&nbsp;block_encrypt
<LI><a href="#[6f]">&gt;&gt;</a>&nbsp;&nbsp;&nbsp;aes_init
<LI><a href="#[63]">&gt;&gt;</a>&nbsp;&nbsp;&nbsp;aes_encrypt
<LI><a href="#[69]">&gt;&gt;</a>&nbsp;&nbsp;&nbsp;aes_decrypt
</UL>

<P><STRONG><a name="[c5]"></a>sub_bytes</STRONG> (Thumb, 34 bytes, Stack size 12 bytes, aes.o(.text))
<BR><BR>[Stack]<UL><LI>Max Depth = 12<LI>Call Chain = sub_bytes
</UL>
<BR>[Called By]<UL><LI><a href="#[c7]">&gt;&gt;</a>&nbsp;&nbsp;&nbsp;block_decrypt
<LI><a href="#[c3]">&gt;&gt;</a>&nbsp;&nbsp;&nbsp;block_encrypt
<LI><a href="#[6f]">&gt;&gt;</a>&nbsp;&nbsp;&nbsp;aes_init
</UL>

<P><STRONG><a name="[c6]"></a>shift_rows</STRONG> (Thumb, 94 bytes, Stack size 24 bytes, aes.o(.text))
<BR><BR>[Stack]<UL><LI>Max Depth = 24<LI>Call Chain = shift_rows
</UL>
<BR>[Called By]<UL><LI><a href="#[c7]">&gt;&gt;</a>&nbsp;&nbsp;&nbsp;block_decrypt
<LI><a href="#[c3]">&gt;&gt;</a>&nbsp;&nbsp;&nbsp;block_encrypt
</UL>

<P><STRONG><a name="[c2]"></a>gf_mult_by02</STRONG> (Thumb, 22 bytes, Stack size 0 bytes, aes.o(.text))
<BR><BR>[Called By]<UL><LI><a href="#[c1]">&gt;&gt;</a>&nbsp;&nbsp;&nbsp;mix_columns
<LI><a href="#[6f]">&gt;&gt;</a>&nbsp;&nbsp;&nbsp;aes_init
</UL>

<P><STRONG><a name="[c1]"></a>mix_columns</STRONG> (Thumb, 254 bytes, Stack size 40 bytes, aes.o(.text))
<BR><BR>[Stack]<UL><LI>Max Depth = 40<LI>Call Chain = mix_columns
</UL>
<BR>[Calls]<UL><LI><a href="#[c2]">&gt;&gt;</a>&nbsp;&nbsp;&nbsp;gf_mult_by02
</UL>
<BR>[Called By]<UL><LI><a href="#[c7]">&gt;&gt;</a>&nbsp;&nbsp;&nbsp;block_decrypt
<LI><a href="#[c3]">&gt;&gt;</a>&nbsp;&nbsp;&nbsp;block_encrypt
</UL>

<P><STRONG><a name="[c3]"></a>block_encrypt</STRONG> (Thumb, 72 bytes, Stack size 16 bytes, aes.o(.text))
<BR><BR>[Stack]<UL><LI>Max Depth = 56<LI>Call Chain = block_encrypt &rArr; mix_columns
</UL>
<BR>[Calls]<UL><LI><a href="#[c1]">&gt;&gt;</a>&nbsp;&nbsp;&nbsp;mix_columns
<LI><a href="#[c6]">&gt;&gt;</a>&nbsp;&nbsp;&nbsp;shift_rows
<LI><a href="#[c5]">&gt;&gt;</a>&nbsp;&nbsp;&nbsp;sub_bytes
<LI><a href="#[c4]">&gt;&gt;</a>&nbsp;&nbsp;&nbsp;xor_bytes
</UL>
<BR>[Called By]<UL><LI><a href="#[63]">&gt;&gt;</a>&nbsp;&nbsp;&nbsp;aes_encrypt
</UL>

<P><STRONG><a name="[c7]"></a>block_decrypt</STRONG> (Thumb, 78 bytes, Stack size 16 bytes, aes.o(.text))
<BR><BR>[Stack]<UL><LI>Max Depth = 56<LI>Call Chain = block_decrypt &rArr; mix_columns
</UL>
<BR>[Calls]<UL><LI><a href="#[c1]">&gt;&gt;</a>&nbsp;&nbsp;&nbsp;mix_columns
<LI><a href="#[c6]">&gt;&gt;</a>&nbsp;&nbsp;&nbsp;shift_rows
<LI><a href="#[c5]">&gt;&gt;</a>&nbsp;&nbsp;&nbsp;sub_bytes
<LI><a href="#[c4]">&gt;&gt;</a>&nbsp;&nbsp;&nbsp;xor_bytes
</UL>
<BR>[Called By]<UL><LI><a href="#[69]">&gt;&gt;</a>&nbsp;&nbsp;&nbsp;aes_decrypt
</UL>

<P><STRONG><a name="[fc]"></a>_fp_digits</STRONG> (Thumb, 366 bytes, Stack size 64 bytes, printfa.o(i._fp_digits), UNUSED)
<BR><BR>[Calls]<UL><LI><a href="#[ec]">&gt;&gt;</a>&nbsp;&nbsp;&nbsp;__aeabi_ddiv
<LI><a href="#[83]">&gt;&gt;</a>&nbsp;&nbsp;&nbsp;__aeabi_dmul
<LI><a href="#[84]">&gt;&gt;</a>&nbsp;&nbsp;&nbsp;__aeabi_dadd
<LI><a href="#[8e]">&gt;&gt;</a>&nbsp;&nbsp;&nbsp;__aeabi_cdrcmple
<LI><a href="#[ea]">&gt;&gt;</a>&nbsp;&nbsp;&nbsp;__aeabi_uldivmod
<LI><a href="#[ed]">&gt;&gt;</a>&nbsp;&nbsp;&nbsp;__aeabi_d2ulz
</UL>
<BR>[Called By]<UL><LI><a href="#[f2]">&gt;&gt;</a>&nbsp;&nbsp;&nbsp;_printf_core
</UL>

<P><STRONG><a name="[f2]"></a>_printf_core</STRONG> (Thumb, 1704 bytes, Stack size 136 bytes, printfa.o(i._printf_core), UNUSED)
<BR><BR>[Calls]<UL><LI><a href="#[ea]">&gt;&gt;</a>&nbsp;&nbsp;&nbsp;__aeabi_uldivmod
<LI><a href="#[ff]">&gt;&gt;</a>&nbsp;&nbsp;&nbsp;__aeabi_uidivmod
<LI><a href="#[fd]">&gt;&gt;</a>&nbsp;&nbsp;&nbsp;_printf_pre_padding
<LI><a href="#[fe]">&gt;&gt;</a>&nbsp;&nbsp;&nbsp;_printf_post_padding
<LI><a href="#[fc]">&gt;&gt;</a>&nbsp;&nbsp;&nbsp;_fp_digits
</UL>
<BR>[Called By]<UL><LI><a href="#[f4]">&gt;&gt;</a>&nbsp;&nbsp;&nbsp;__0vsprintf
<LI><a href="#[f3]">&gt;&gt;</a>&nbsp;&nbsp;&nbsp;__0sprintf
<LI><a href="#[f1]">&gt;&gt;</a>&nbsp;&nbsp;&nbsp;__0printf
</UL>

<P><STRONG><a name="[fe]"></a>_printf_post_padding</STRONG> (Thumb, 36 bytes, Stack size 24 bytes, printfa.o(i._printf_post_padding), UNUSED)
<BR><BR>[Called By]<UL><LI><a href="#[f2]">&gt;&gt;</a>&nbsp;&nbsp;&nbsp;_printf_core
</UL>

<P><STRONG><a name="[fd]"></a>_printf_pre_padding</STRONG> (Thumb, 46 bytes, Stack size 24 bytes, printfa.o(i._printf_pre_padding), UNUSED)
<BR><BR>[Called By]<UL><LI><a href="#[f2]">&gt;&gt;</a>&nbsp;&nbsp;&nbsp;_printf_core
</UL>

<P><STRONG><a name="[52]"></a>_sputc</STRONG> (Thumb, 10 bytes, Stack size 0 bytes, printfa.o(i._sputc))
<BR><BR>[Called By]<UL><LI><a href="#[f4]">&gt;&gt;</a>&nbsp;&nbsp;&nbsp;__0vsprintf
<LI><a href="#[f3]">&gt;&gt;</a>&nbsp;&nbsp;&nbsp;__0sprintf
</UL>
<BR>[Address Reference Count : 2]<UL><LI> printfa.o(i.__0sprintf)
<LI> printfa.o(i.__0vsprintf)
</UL>
<P><STRONG><a name="[4f]"></a>_scanf_char_input</STRONG> (Thumb, 12 bytes, Stack size 0 bytes, scanf_char.o(.text))
<BR>[Address Reference Count : 1]<UL><LI> scanf_char.o(.text)
</UL><P>
<H3>
Undefined Global Symbols
</H3><HR></body></html>
