Component: ARM Compiler 5.06 update 7 (build 960) Tool: armlink [4d3601]

==============================================================================

Section Cross References

    main.o(.text) refers to _scanf_int.o(.text) for _scanf_int
    main.o(.text) refers to printfa.o(i.__0printf) for __2printf
    main.o(.text) refers to memseta.o(.text) for __aeabi_memclr4
    main.o(.text) refers to cjson.o(.text) for cJSON_CreateObject
    main.o(.text) refers to malloc.o(.text) for mymemset
    main.o(.text) refers to dflti.o(.text) for __aeabi_i2d
    main.o(.text) refers to dfltui.o(.text) for __aeabi_ui2d
    main.o(.text) refers to strlen.o(.text) for strlen
    main.o(.text) refers to aes.o(.text) for aes_encrypt
    main.o(.text) refers to usart.o(.text) for u3_send_bytes
    main.o(.text) refers to __0sscanf.o(.text) for __0sscanf
    main.o(.text) refers to delay.o(.text) for delay_ms
    main.o(.text) refers to strcmp.o(.text) for strcmp
    main.o(.text) refers to main.o(.data) for seq
    main.o(.text) refers to main.o(.bss) for sg_date
    main.o(.text) refers to misc.o(.text) for NVIC_PriorityGroupConfig
    main.o(.text) refers to led.o(.text) for LED_Init
    main.o(.text) refers to key.o(.text) for KEY_Init
    main.o(.text) refers to stm32f10x_gpio.o(.text) for GPIO_ReadInputDataBit
    main.o(.text) refers to usart.o(.data) for USART2_RX_STA
    main.o(.text) refers to usart.o(.bss) for USART2_RX_BUF
    system_stm32f10x.o(.text) refers to system_stm32f10x.o(.data) for SystemCoreClock
    led.o(.text) refers to stm32f10x_rcc.o(.text) for RCC_APB2PeriphClockCmd
    led.o(.text) refers to stm32f10x_gpio.o(.text) for GPIO_Init
    cjson.o(.text) refers to tolower.o(.text) for tolower
    cjson.o(.text) refers to strlen.o(.text) for strlen
    cjson.o(.text) refers to memcpya.o(.text) for __aeabi_memcpy
    cjson.o(.text) refers to memseta.o(.text) for __aeabi_memclr4
    cjson.o(.text) refers to dflti.o(.text) for __aeabi_i2d
    cjson.o(.text) refers to dmul.o(.text) for __aeabi_dmul
    cjson.o(.text) refers to dadd.o(.text) for __aeabi_dadd
    cjson.o(.text) refers to pow.o(i.pow) for pow
    cjson.o(.text) refers to dfixi.o(.text) for __aeabi_d2iz
    cjson.o(.text) refers to cdcmple.o(.text) for __aeabi_cdcmpeq
    cjson.o(.text) refers to cdrcmple.o(.text) for __aeabi_cdrcmple
    cjson.o(.text) refers to cjson.o(.data) for ep
    cjson.o(.text) refers to malloc.o(i.malloc) for malloc
    cjson.o(.text) refers to malloc.o(i.free) for free
    cjson.o(.text) refers to malloc.o(.text) for mymalloc
    cjson.o(.text) refers to printfa.o(i.__0sprintf) for __2sprintf
    cjson.o(.text) refers to floor.o(i.floor) for floor
    cjson.o(.text) refers to cjson.o(.constdata) for firstByteMark
    cjson.o(.text) refers to strcpy.o(.text) for strcpy
    cjson.o(.text) refers to strchr.o(.text) for strchr
    cjson.o(.text) refers to strncmp.o(.text) for strncmp
    cjson.o(.text) refers to f2d.o(.text) for __aeabi_f2d
    cjson.o(.data) refers to malloc.o(.text) for mymalloc
    malloc.o(.text) refers to malloc.o(.data) for mallco_dev
    malloc.o(.data) refers to malloc.o(.text) for mem_init
    malloc.o(.data) refers to malloc.o(.bss) for membase
    key.o(.text) refers to stm32f10x_rcc.o(.text) for RCC_APB2PeriphClockCmd
    key.o(.text) refers to stm32f10x_gpio.o(.text) for GPIO_PinRemapConfig
    aes.o(.text) refers to memcpya.o(.text) for __aeabi_memcpy
    aes.o(.text) refers to aes.o(.constdata) for invSBox
    aes.o(.text) refers to aes.o(.bss) for g_roundKeyTable
    delay.o(.text) refers to misc.o(.text) for SysTick_CLKSourceConfig
    delay.o(.text) refers to system_stm32f10x.o(.data) for SystemCoreClock
    delay.o(.text) refers to delay.o(.data) for fac_us
    usart.o(.text) refers to stm32f10x_rcc.o(.text) for RCC_APB2PeriphClockCmd
    usart.o(.text) refers to stm32f10x_gpio.o(.text) for GPIO_Init
    usart.o(.text) refers to misc.o(.text) for NVIC_Init
    usart.o(.text) refers to stm32f10x_usart.o(.text) for USART_Init
    usart.o(.text) refers to printfa.o(i.__0vsprintf) for __c89vsprintf
    usart.o(.text) refers to strlen.o(.text) for strlen
    usart.o(.text) refers to usart.o(.data) for USART_RX_STA
    usart.o(.text) refers to usart.o(.bss) for USART_RX_BUF
    startup_stm32f10x_hd.o(RESET) refers to startup_stm32f10x_hd.o(STACK) for __initial_sp
    startup_stm32f10x_hd.o(RESET) refers to startup_stm32f10x_hd.o(.text) for Reset_Handler
    startup_stm32f10x_hd.o(RESET) refers to stm32f10x_it.o(.text) for NMI_Handler
    startup_stm32f10x_hd.o(RESET) refers to usart.o(.text) for USART1_IRQHandler
    startup_stm32f10x_hd.o(.text) refers to system_stm32f10x.o(.text) for SystemInit
    startup_stm32f10x_hd.o(.text) refers to entry.o(.ARM.Collect$$$$00000000) for __main
    stm32f10x_gpio.o(.text) refers to stm32f10x_rcc.o(.text) for RCC_APB2PeriphResetCmd
    stm32f10x_rcc.o(.text) refers to stm32f10x_rcc.o(.data) for APBAHBPrescTable
[...]
    malloc.o(i.malloc) refers to mvars.o(.data) for __microlib_freelist_initialised
    malloc.o(i.malloc) refers to mvars.o(.data) for __microlib_freelist
    malloc.o(i.malloc) refers to startup_stm32f10x_hd.o(HEAP) for __heap_base
    mallocr.o(i.__free$realloc) refers to mvars.o(.data) for __microlib_freelist
    mallocr.o(i.__malloc$realloc) refers to mallocr.o(i.internal_alloc) for internal_alloc
    mallocr.o(i.__malloc$realloc) refers to mvars.o(.data) for __microlib_freelist_initialised
    mallocr.o(i.__malloc$realloc) refers to startup_stm32f10x_hd.o(HEAP) for __heap_base
    mallocr.o(i.__malloc$realloc) refers to mvars.o(.data) for __microlib_freelist
    mallocr.o(i.internal_alloc) refers to memcpya.o(.text) for __aeabi_memcpy
    mallocr.o(i.internal_alloc) refers to mvars.o(.data) for __microlib_freelist
    mallocr.o(i.realloc) refers to mallocr.o(i.__free$realloc) for __free$realloc
    mallocr.o(i.realloc) refers to mallocr.o(i.internal_alloc) for internal_alloc
    mallocr.o(i.realloc) refers to mallocr.o(i.__malloc$realloc) for __malloc$realloc
    mallocr.o(i.realloc) refers to mvars.o(.data) for __microlib_freelist
    malloca.o(i.__aligned_malloc) refers to mvars.o(.data) for __microlib_freelist_initialised
    malloca.o(i.__aligned_malloc) refers to mvars.o(.data) for __microlib_freelist
    malloca.o(i.__aligned_malloc) refers to startup_stm32f10x_hd.o(HEAP) for __heap_base
    malloca.o(i.__free$memalign) refers to mvars.o(.data) for __microlib_freelist
    malloca.o(i.__malloc$memalign) refers to malloca.o(i.__aligned_malloc) for __aligned_malloc
    mallocra.o(i.__aligned_malloc$realloc) refers to mallocra.o(i.internal_alloc) for internal_alloc
    mallocra.o(i.__aligned_malloc$realloc) refers to mvars.o(.data) for __microlib_freelist_initialised
    mallocra.o(i.__aligned_malloc$realloc) refers to startup_stm32f10x_hd.o(HEAP) for __heap_base
    mallocra.o(i.__aligned_malloc$realloc) refers to mvars.o(.data) for __microlib_freelist
    mallocra.o(i.__free$realloc$memalign) refers to mvars.o(.data) for __microlib_freelist
    mallocra.o(i.__malloc$realloc$memalign) refers to mallocra.o(i.__aligned_malloc$realloc) for __aligned_malloc$realloc
    mallocra.o(i.__realloc$memalign) refers to mallocra.o(i.__free$realloc$memalign) for __free$realloc$memalign
    mallocra.o(i.__realloc$memalign) refers to mallocra.o(i.internal_alloc) for internal_alloc
    mallocra.o(i.__realloc$memalign) refers to mallocra.o(i.__malloc$realloc$memalign) for __malloc$realloc$memalign
    mallocra.o(i.__realloc$memalign) refers to mvars.o(.data) for __microlib_freelist
    mallocra.o(i.internal_alloc) refers to memcpya.o(.text) for __aeabi_memcpy
    mallocra.o(i.internal_alloc) refers to mvars.o(.data) for __microlib_freelist
    __0sscanf.o(.text) refers to scanf_char.o(.text) for __vfscanf_char
    __0sscanf.o(.text) refers to _sgetc.o(.text) for _sgetc
    _scanf_int.o(.text) refers to _chval.o(.text) for _chval
    dadd.o(.text) refers (Special) to iusefp.o(.text) for __I$use$fp
    dadd.o(.text) refers to llshl.o(.text) for __aeabi_llsl
    dadd.o(.text) refers to llsshr.o(.text) for __aeabi_lasr
    dadd.o(.text) refers to depilogue.o(.text) for _double_epilogue
    dmul.o(.text) refers (Special) to iusefp.o(.text) for __I$use$fp
    dmul.o(.text) refers to depilogue.o(.text) for _double_epilogue
    dflti.o(.text) refers (Special) to iusefp.o(.text) for __I$use$fp
    dflti.o(.text) refers to depilogue.o(.text) for _double_epilogue
    dfltui.o(.text) refers (Special) to iusefp.o(.text) for __I$use$fp
    dfltui.o(.text) refers to depilogue.o(.text) for _double_epilogue
    dfixi.o(.text) refers (Special) to iusefp.o(.text) for __I$use$fp
    dfixi.o(.text) refers to llushr.o(.text) for __aeabi_llsr
    f2d.o(.text) refers (Special) to iusefp.o(.text) for __I$use$fp
    cdcmple.o(.text) refers (Special) to iusefp.o(.text) for __I$use$fp
    cdrcmple.o(.text) refers (Special) to iusefp.o(.text) for __I$use$fp
    dunder.o(i.__mathlib_dbl_divzero) refers to ddiv.o(.text) for __aeabi_ddiv
    dunder.o(i.__mathlib_dbl_infnan) refers to dscalb.o(.text) for __ARM_scalbn
    dunder.o(i.__mathlib_dbl_infnan2) refers to dadd.o(.text) for __aeabi_dadd
    dunder.o(i.__mathlib_dbl_invalid) refers to ddiv.o(.text) for __aeabi_ddiv
    dunder.o(i.__mathlib_dbl_overflow) refers to dscalb.o(.text) for __ARM_scalbn
    dunder.o(i.__mathlib_dbl_posinfnan) refers to dmul.o(.text) for __aeabi_dmul
    dunder.o(i.__mathlib_dbl_underflow) refers to dscalb.o(.text) for __ARM_scalbn
    fpclassify.o(i.__ARM_fpclassify) refers (Special) to iusefp.o(.text) for __I$use$fp
    poly.o(i.__kernel_poly) refers (Special) to iusefp.o(.text) for __I$use$fp
    poly.o(i.__kernel_poly) refers to dmul.o(.text) for __aeabi_dmul
    poly.o(i.__kernel_poly) refers to dadd.o(.text) for __aeabi_dadd
    qnan.o(.constdata) refers (Special) to iusefp.o(.text) for __I$use$fp
    sqrt.o(i.__softfp_sqrt) refers (Special) to iusefp.o(.text) for __I$use$fp
    sqrt.o(i.__softfp_sqrt) refers to dsqrt.o(.text) for _dsqrt
    sqrt.o(i.__softfp_sqrt) refers to errno.o(i.__set_errno) for __set_errno
    sqrt.o(i.sqrt) refers (Special) to iusefp.o(.text) for __I$use$fp
    sqrt.o(i.sqrt) refers to dsqrt.o(.text) for _dsqrt
    sqrt.o(i.sqrt) refers to errno.o(i.__set_errno) for __set_errno
    sqrt_x.o(i.____softfp_sqrt$lsc) refers (Special) to iusefp.o(.text) for __I$use$fp
    sqrt_x.o(i.____softfp_sqrt$lsc) refers to cdcmple.o(.text) for __aeabi_cdcmple
    sqrt_x.o(i.____softfp_sqrt$lsc) refers to errno.o(i.__set_errno) for __set_errno
    sqrt_x.o(i.____softfp_sqrt$lsc) refers to dsqrt.o(.text) for _dsqrt
    sqrt_x.o(i.__sqrt$lsc) refers (Special) to iusefp.o(.text) for __I$use$fp
    sqrt_x.o(i.__sqrt$lsc) refers to cdcmple.o(.text) for __aeabi_cdcmple
    sqrt_x.o(i.__sqrt$lsc) refers to errno.o(i.__set_errno) for __set_errno
    sqrt_x.o(i.__sqrt$lsc) refers to dsqrt.o(.text) for _dsqrt
    entry2.o(.ARM.Collect$$$$00000001) refers to entry2.o(.ARM.Collect$$$$00002712) for __lit__00000000
    entry2.o(.ARM.Collect$$$$00002712) refers to startup_stm32f10x_hd.o(STACK) for __initial_sp
    entry2.o(__vectab_stack_and_reset_area) refers to startup_stm32f10x_hd.o(STACK) for __initial_sp
    entry2.o(__vectab_stack_and_reset_area) refers to entry.o(.ARM.Collect$$$$00000000) for __main
    entry5.o(.ARM.Collect$$$$00000004) refers to init.o(.text) for __scatterload
    entry9a.o(.ARM.Collect$$$$0000000B) refers to main.o(.text) for main
    entry9b.o(.ARM.Collect$$$$0000000C) refers to main.o(.text) for main
    uldiv.o(.text) refers to llushr.o(.text) for __aeabi_llsr
    uldiv.o(.text) refers to llshl.o(.text) for __aeabi_llsl
    errno.o(i.__aeabi_errno_addr) refers to errno.o(.data) for .data
    errno.o(i.__read_errno) refers to errno.o(.data) for .data
    errno.o(i.__set_errno) refers to errno.o(.data) for .data
    scanf_char.o(.text) refers to _scanf.o(.text) for __vfscanf
    scanf_char.o(.text) refers to isspace_c.o(.text) for isspace
    depilogue.o(.text) refers to llshl.o(.text) for __aeabi_llsl
    depilogue.o(.text) refers to llushr.o(.text) for __aeabi_llsr
    ddiv.o(.text) refers to depilogue.o(.text) for _double_round
    dfixul.o(.text) refers to llushr.o(.text) for __aeabi_llsr
    dfixul.o(.text) refers to llshl.o(.text) for __aeabi_llsl
    init.o(.text) refers to entry5.o(.ARM.Collect$$$$00000004) for __main_after_scatterload
    isspace_c.o(.text) refers to ctype_c.o(.text) for __ctype_lookup
    _scanf.o(.text) refers (Weak) to _scanf_int.o(.text) for _scanf_int
    dsqrt.o(.text) refers to llushr.o(.text) for __aeabi_llsr
    dsqrt.o(.text) refers to depilogue.o(.text) for _double_round
    ctype_c.o(.text) refers to ctype_c.o(.constdata) for .constdata


==============================================================================

Removing Unused input sections from the image.

    Removing malloc.o(.constdata), (12 bytes).
    Removing sys.o(.emb_text), (6 bytes).
    Removing sys.o(.text), (12 bytes).
    Removing core_cm3.o(.emb_text), (32 bytes).
    Removing stm32f10x_adc.o(.text), (1102 bytes).

5 unused section(s) (total 1164 bytes) removed from the image.

==============================================================================

Image Symbol Table

    Local Symbols

    Symbol Name                              Value     Ov Type        Size  Object(Section)

    ../clib/microlib/ctype/ctype.c           0x00000000   Number         0  ctype_c.o ABSOLUTE
    ../clib/microlib/ctype/ctype.c           0x00000000   Number         0  isspace_c.o ABSOLUTE
    ../clib/microlib/ctype/tolower.c         0x00000000   Number         0  tolower.o ABSOLUTE
    ../clib/microlib/division.c              0x00000000   Number         0  uldiv.o ABSOLUTE
    ../clib/microlib/division.c              0x00000000   Number         0  uidiv.o ABSOLUTE
    ../clib/microlib/errno.c                 0x00000000   Number         0  errno.o ABSOLUTE
    ../clib/microlib/init/entry.s            0x00000000   Number         0  entry8a.o ABSOLUTE
    ../clib/microlib/init/entry.s            0x00000000   Number         0  entry12a.o ABSOLUTE
    ../clib/microlib/init/entry.s            0x00000000   Number         0  entry2.o ABSOLUTE
    ../clib/microlib/init/entry.s            0x00000000   Number         0  entry5.o ABSOLUTE
    ../clib/microlib/init/entry.s            0x00000000   Number         0  entry11a.o ABSOLUTE
    ../clib/microlib/init/entry.s            0x00000000   Number         0  entry10b.o ABSOLUTE
    ../clib/microlib/init/entry.s            0x00000000   Number         0  entry.o ABSOLUTE
    ../clib/microlib/init/entry.s            0x00000000   Number         0  entry8b.o ABSOLUTE
    ../clib/microlib/init/entry.s            0x00000000   Number         0  entry7a.o ABSOLUTE
    ../clib/microlib/init/entry.s            0x00000000   Number         0  entry10a.o ABSOLUTE
    ../clib/microlib/init/entry.s            0x00000000   Number         0  entry9b.o ABSOLUTE
    ../clib/microlib/init/entry.s            0x00000000   Number         0  entry7b.o ABSOLUTE
    ../clib/microlib/init/entry.s            0x00000000   Number         0  entry9a.o ABSOLUTE
    ../clib/microlib/init/entry.s            0x00000000   Number         0  entry11b.o ABSOLUTE
    ../clib/microlib/init/entry.s            0x00000000   Number         0  entry12b.o ABSOLUTE
    ../clib/microlib/longlong.c              0x00000000   Number         0  llshl.o ABSOLUTE
    ../clib/microlib/longlong.c              0x00000000   Number         0  llushr.o ABSOLUTE
    ../clib/microlib/longlong.c              0x00000000   Number         0  llsshr.o ABSOLUTE
    ../clib/microlib/malloc/malloc.c         0x00000000   Number         0  mallocra.o ABSOLUTE
    ../clib/microlib/malloc/malloc.c         0x00000000   Number         0  malloca.o ABSOLUTE
    ../clib/microlib/malloc/malloc.c         0x00000000   Number         0  malloc.o ABSOLUTE
    ../clib/microlib/malloc/malloc.c         0x00000000   Number         0  mallocr.o ABSOLUTE
    ../clib/microlib/malloc/mvars.c          0x00000000   Number         0  mvars.o ABSOLUTE
    ../clib/microlib/printf/printf.c         0x00000000   Number         0  printf3.o ABSOLUTE
    ../clib/microlib/printf/printf.c         0x00000000   Number         0  printf2.o ABSOLUTE
    ../clib/microlib/printf/printf.c         0x00000000   Number         0  printf7.o ABSOLUTE
    ../clib/microlib/printf/printf.c         0x00000000   Number         0  printfb.o ABSOLUTE
    ../clib/microlib/printf/printf.c         0x00000000   Number         0  printf0.o ABSOLUTE
    ../clib/microlib/printf/printf.c         0x00000000   Number         0  printf6.o ABSOLUTE
    ../clib/microlib/printf/printf.c         0x00000000   Number         0  printf8.o ABSOLUTE
    ../clib/microlib/printf/printf.c         0x00000000   Number         0  printf1.o ABSOLUTE
    ../clib/microlib/printf/printf.c         0x00000000   Number         0  printf5.o ABSOLUTE
    ../clib/microlib/printf/printf.c         0x00000000   Number         0  printfa.o ABSOLUTE
    ../clib/microlib/printf/printf.c         0x00000000   Number         0  printf4.o ABSOLUTE
    ../clib/microlib/printf/stubs.s          0x00000000   Number         0  stubs.o ABSOLUTE
    ../clib/microlib/string/memcpy.c         0x00000000   Number         0  memcpyb.o ABSOLUTE
    ../clib/microlib/string/memcpy.c         0x00000000   Number         0  memcpya.o ABSOLUTE
    ../clib/microlib/string/memset.c         0x00000000   Number         0  memseta.o ABSOLUTE
    ../clib/microlib/string/strchr.c         0x00000000   Number         0  strchr.o ABSOLUTE
    ../clib/microlib/string/strcmp.c         0x00000000   Number         0  strcmp.o ABSOLUTE
    ../clib/microlib/string/strcpy.c         0x00000000   Number         0  strcpy.o ABSOLUTE
    ../clib/microlib/string/strlen.c         0x00000000   Number         0  strlen.o ABSOLUTE
    ../clib/microlib/string/strncmp.c        0x00000000   Number         0  strncmp.o ABSOLUTE
    ../clib/microlib/stubs.s                 0x00000000   Number         0  useno.o ABSOLUTE
    ../clib/microlib/stubs.s                 0x00000000   Number         0  iusefp.o ABSOLUTE
    ../clib/scanf.c                          0x00000000   Number         0  _scanf.o ABSOLUTE
    ../clib/scanf.c                          0x00000000   Number         0  _scanf_int.o ABSOLUTE
    ../clib/scanf.c                          0x00000000   Number         0  __0sscanf.o ABSOLUTE
    ../clib/scanf.c                          0x00000000   Number         0  _sgetc.o ABSOLUTE
    ../clib/scanf.c                          0x00000000   Number         0  scanf_char.o ABSOLUTE
    ../clib/scanf.c                          0x00000000   Number         0  _chval.o ABSOLUTE
    ../fplib/microlib/f2d.c                  0x00000000   Number         0  f2d.o ABSOLUTE
    ../fplib/microlib/fpadd.c                0x00000000   Number         0  dadd.o ABSOLUTE
    ../fplib/microlib/fpdiv.c                0x00000000   Number         0  ddiv.o ABSOLUTE
    ../fplib/microlib/fpepilogue.c           0x00000000   Number         0  depilogue.o ABSOLUTE
    ../fplib/microlib/fpfix.c                0x00000000   Number         0  dfixi.o ABSOLUTE
    ../fplib/microlib/fpfix.c                0x00000000   Number         0  dfixul.o ABSOLUTE
    ../fplib/microlib/fpflt.c                0x00000000   Number         0  dfltui.o ABSOLUTE
    ../fplib/microlib/fpflt.c                0x00000000   Number         0  dflti.o ABSOLUTE
    ../fplib/microlib/fpmul.c                0x00000000   Number         0  dmul.o ABSOLUTE
    ../fplib/microlib/fpscalb.c              0x00000000   Number         0  dscalb.o ABSOLUTE
    ../fplib/microlib/fpsqrt.c               0x00000000   Number         0  dsqrt.o ABSOLUTE
    ../mathlib/dunder.c                      0x00000000   Number         0  dunder.o ABSOLUTE
    ../mathlib/floor.c                       0x00000000   Number         0  floor.o ABSOLUTE
    ../mathlib/fpclassify.c                  0x00000000   Number         0  fpclassify.o ABSOLUTE
    ../mathlib/poly.c                        0x00000000   Number         0  poly.o ABSOLUTE
    ../mathlib/pow.c                         0x00000000   Number         0  pow_x.o ABSOLUTE
    ../mathlib/pow.c                         0x00000000   Number         0  pow.o ABSOLUTE
    ../mathlib/qnan.c                        0x00000000   Number         0  qnan.o ABSOLUTE
    ../mathlib/sqrt.c                        0x00000000   Number         0  sqrt_x.o ABSOLUTE
    ../mathlib/sqrt.c                        0x00000000   Number         0  sqrt.o ABSOLUTE
    ..\CORE\core_cm3.c                       0x00000000   Number         0  core_cm3.o ABSOLUTE
    ..\CORE\startup_stm32f10x_hd.s           0x00000000   Number         0  startup_stm32f10x_hd.o ABSOLUTE
    ..\HARDWARE\AES\aes.c                    0x00000000   Number         0  aes.o ABSOLUTE
    ..\HARDWARE\JSON\cJSON.c                 0x00000000   Number         0  cjson.o ABSOLUTE
    ..\HARDWARE\KEY\key.c                    0x00000000   Number         0  key.o ABSOLUTE
    ..\HARDWARE\LED\led.c                    0x00000000   Number         0  led.o ABSOLUTE
    ..\HARDWARE\MALLOC\malloc.c              0x00000000   Number         0  malloc.o ABSOLUTE
    ..\STM32F10x_FWLib\src\misc.c            0x00000000   Number         0  misc.o ABSOLUTE
    ..\STM32F10x_FWLib\src\stm32f10x_adc.c   0x00000000   Number         0  stm32f10x_adc.o ABSOLUTE
    ..\STM32F10x_FWLib\src\stm32f10x_gpio.c  0x00000000   Number         0  stm32f10x_gpio.o ABSOLUTE
    ..\STM32F10x_FWLib\src\stm32f10x_rcc.c   0x00000000   Number         0  stm32f10x_rcc.o ABSOLUTE
    ..\STM32F10x_FWLib\src\stm32f10x_usart.c 0x00000000   Number         0  stm32f10x_usart.o ABSOLUTE
    ..\SYSTEM\delay\delay.c                  0x00000000   Number         0  delay.o ABSOLUTE
    ..\SYSTEM\sys\sys.c                      0x00000000   Number         0  sys.o ABSOLUTE
    ..\SYSTEM\usart\usart.c                  0x00000000   Number         0  usart.o ABSOLUTE
    ..\\CORE\\core_cm3.c                     0x00000000   Number         0  core_cm3.o ABSOLUTE
    ..\\SYSTEM\\sys\\sys.c                   0x00000000   Number         0  sys.o ABSOLUTE
    cdcmple.s                                0x00000000   Number         0  cdcmple.o ABSOLUTE
    cdrcmple.s                               0x00000000   Number         0  cdrcmple.o ABSOLUTE
    dc.s                                     0x00000000   Number         0  dc.o ABSOLUTE
    handlers.s                               0x00000000   Number         0  handlers.o ABSOLUTE
    init.s                                   0x00000000   Number         0  init.o ABSOLUTE
    main.c                                   0x00000000   Number         0  main.o ABSOLUTE
    stm32f10x_it.c                           0x00000000   Number         0  stm32f10x_it.o ABSOLUTE
    system_stm32f10x.c                       0x00000000   Number         0  system_stm32f10x.o ABSOLUTE
    RESET                                    0x08000000   Section      304  startup_stm32f10x_hd.o(RESET)
    .ARM.Collect$$$$00000000                 0x08000130   Section        0  entry.o(.ARM.Collect$$$$00000000)
    .ARM.Collect$$$$00000001                 0x08000130   Section        4  entry2.o(.ARM.Collect$$$$00000001)
    .ARM.Collect$$$$00000004                 0x08000134   Section        4  entry5.o(.ARM.Collect$$$$00000004)
    .ARM.Collect$$$$00000008                 0x08000138   Section        0  entry7b.o(.ARM.Collect$$$$00000008)
    .ARM.Collect$$$$0000000A                 0x08000138   Section        0  entry8b.o(.ARM.Collect$$$$0000000A)
    .ARM.Collect$$$$0000000B                 0x08000138   Section        8  entry9a.o(.ARM.Collect$$$$0000000B)
    .ARM.Collect$$$$0000000E                 0x08000140   Section        4  entry12b.o(.ARM.Collect$$$$0000000E)
    .ARM.Collect$$$$0000000F                 0x08000144   Section        0  entry10a.o(.ARM.Collect$$$$0000000F)
    .ARM.Collect$$$$00000011                 0x08000144   Section        0  entry11a.o(.ARM.Collect$$$$00000011)
    .ARM.Collect$$$$00002712                 0x08000144   Section        4  entry2.o(.ARM.Collect$$$$00002712)
    __lit__00000000                          0x08000144   Data           4  entry2.o(.ARM.Collect$$$$00002712)
    .text                                    0x08000148   Section        0  main.o(.text)
    .text                                    0x080008d8   Section        0  stm32f10x_it.o(.text)
    .text                                    0x080008f4   Section        0  system_stm32f10x.o(.text)
    SetSysClockTo72                          0x080008f5   Thumb Code   214  system_stm32f10x.o(.text)
    SetSysClock                              0x080009cb   Thumb Code     8  system_stm32f10x.o(.text)
    .text                                    0x08000ad4   Section        0  led.o(.text)
    .text                                    0x08000b24   Section        0  cjson.o(.text)
    cJSON_strcasecmp                         0x08000b2b   Thumb Code    76  cjson.o(.text)
    cJSON_strdup                             0x08000b77   Thumb Code    42  cjson.o(.text)
    cJSON_New_Item                           0x08000bd1   Thumb Code    26  cjson.o(.text)
    parse_number                             0x08000c3d   Thumb Code   432  cjson.o(.text)
    pow2gt                                   0x08000ded   Thumb Code    28  cjson.o(.text)
    ensure                                   0x08000e09   Thumb Code   104  cjson.o(.text)
    update                                   0x08000e71   Thumb Code    32  cjson.o(.text)
    print_number                             0x08000e91   Thumb Code   406  cjson.o(.text)
    parse_hex4                               0x08001027   Thumb Code   276  cjson.o(.text)
    parse_string                             0x0800113b   Thumb Code   448  cjson.o(.text)
    print_string_ptr                         0x080012fb   Thumb Code   500  cjson.o(.text)
    print_string                             0x080014ef   Thumb Code    16  cjson.o(.text)
    skip                                     0x080014ff   Thumb Code    18  cjson.o(.text)
    parse_object                             0x08001511   Thumb Code   272  cjson.o(.text)
    parse_array                              0x08001621   Thumb Code   168  cjson.o(.text)
    parse_value                              0x080016c9   Thumb Code   212  cjson.o(.text)
    print_object                             0x0800180d   Thumb Code  1052  cjson.o(.text)
    print_array                              0x08001c29   Thumb Code   578  cjson.o(.text)
    print_value                              0x08001e6b   Thumb Code   290  cjson.o(.text)
    suffix_object                            0x08002029   Thumb Code     6  cjson.o(.text)
    create_reference                         0x0800202f   Thumb Code    48  cjson.o(.text)
    .text                                    0x080025b8   Section        0  malloc.o(.text)
    .text                                    0x08002750   Section        0  key.o(.text)
    .text                                    0x08002780   Section        0  aes.o(.text)
    rotation_word                            0x08002781   Thumb Code    18  aes.o(.text)
    xor_bytes                                0x08002793   Thumb Code    26  aes.o(.text)
    sub_bytes                                0x080027ad   Thumb Code    34  aes.o(.text)
    shift_rows                               0x080027cf   Thumb Code    94  aes.o(.text)
    gf_mult_by02                             0x0800282d   Thumb Code    22  aes.o(.text)
    mix_columns                              0x08002843   Thumb Code   254  aes.o(.text)
    block_encrypt                            0x08002941   Thumb Code    72  aes.o(.text)
    block_decrypt                            0x08002989   Thumb Code    78  aes.o(.text)
    .text                                    0x08002ae8   Section        0  delay.o(.text)
    .text                                    0x08002bbc   Section        0  usart.o(.text)
    .text                                    0x0800308c   Section       36  startup_stm32f10x_hd.o(.text)
    .text                                    0x080030b0   Section        0  stm32f10x_gpio.o(.text)
    .text                                    0x0800340c   Section        0  stm32f10x_rcc.o(.text)
    .text                                    0x080037b0   Section        0  stm32f10x_usart.o(.text)
    .text                                    0x08003bb8   Section        0  misc.o(.text)
    .text                                    0x08003c94   Section        0  tolower.o(.text)
    .text                                    0x08003ca0   Section        0  memcpya.o(.text)
    .text                                    0x08003cc4   Section        0  memseta.o(.text)
    .text                                    0x08003ce8   Section        0  strchr.o(.text)
    .text                                    0x08003cfc   Section        0  strlen.o(.text)
    .text                                    0x08003d0a   Section        0  strcmp.o(.text)
    .text                                    0x08003d26   Section        0  strcpy.o(.text)
    .text                                    0x08003d38   Section        0  strncmp.o(.text)
    .text                                    0x08003d58   Section        0  __0sscanf.o(.text)
    .text                                    0x08003d90   Section        0  _scanf_int.o(.text)
    .text                                    0x08003edc   Section        0  dadd.o(.text)
    .text                                    0x0800402a   Section        0  dmul.o(.text)
    .text                                    0x0800410e   Section        0  dflti.o(.text)
    .text                                    0x08004130   Section        0  dfltui.o(.text)
    .text                                    0x0800414a   Section        0  dfixi.o(.text)
    .text                                    0x08004188   Section        0  f2d.o(.text)
    .text                                    0x080041b0   Section       48  cdcmple.o(.text)
    .text                                    0x080041e0   Section       48  cdrcmple.o(.text)
    .text                                    0x08004210   Section        0  uidiv.o(.text)
    .text                                    0x0800423c   Section        0  uldiv.o(.text)
    .text                                    0x0800429e   Section        0  llshl.o(.text)
    .text                                    0x080042bc   Section        0  llushr.o(.text)
    .text                                    0x080042dc   Section        0  llsshr.o(.text)
    .text                                    0x08004300   Section        0  _chval.o(.text)
    .text                                    0x0800431c   Section        0  scanf_char.o(.text)
    _scanf_char_input                        0x0800431d   Thumb Code    12  scanf_char.o(.text)
    .text                                    0x08004344   Section        0  _sgetc.o(.text)
    .text                                    0x08004384   Section        0  iusefp.o(.text)
    .text                                    0x08004384   Section        0  depilogue.o(.text)
    .text                                    0x0800443e   Section        0  ddiv.o(.text)
    .text                                    0x0800451c   Section        0  dscalb.o(.text)
    .text                                    0x0800454a   Section        0  dfixul.o(.text)
    .text                                    0x0800457c   Section       36  init.o(.text)
    .text                                    0x080045a0   Section        0  isspace_c.o(.text)
    .text                                    0x080045ac   Section        0  _scanf.o(.text)
    .text                                    0x080048dc   Section        0  dsqrt.o(.text)
    .text                                    0x08004980   Section        0  ctype_c.o(.text)
    i.__0printf                              0x080049a8   Section        0  printfa.o(i.__0printf)
    i.__0sprintf                             0x080049c8   Section        0  printfa.o(i.__0sprintf)
    i.__0vsprintf                            0x080049f0   Section        0  printfa.o(i.__0vsprintf)
    i.__ARM_fpclassify                       0x08004a14   Section        0  fpclassify.o(i.__ARM_fpclassify)
    i.__kernel_poly                          0x08004a3c   Section        0  poly.o(i.__kernel_poly)
    i.__mathlib_dbl_divzero                  0x08004ae8   Section        0  dunder.o(i.__mathlib_dbl_divzero)
    i.__mathlib_dbl_infnan2                  0x08004af8   Section        0  dunder.o(i.__mathlib_dbl_infnan2)
    i.__mathlib_dbl_invalid                  0x08004afc   Section        0  dunder.o(i.__mathlib_dbl_invalid)
    i.__mathlib_dbl_overflow                 0x08004b08   Section        0  dunder.o(i.__mathlib_dbl_overflow)
    i.__mathlib_dbl_underflow                0x08004b18   Section        0  dunder.o(i.__mathlib_dbl_underflow)
    i.__scatterload_copy                     0x08004b28   Section       14  handlers.o(i.__scatterload_copy)
    i.__scatterload_null                     0x08004b36   Section        2  handlers.o(i.__scatterload_null)
    i.__scatterload_zeroinit                 0x08004b38   Section       14  handlers.o(i.__scatterload_zeroinit)
    i.__set_errno                            0x08004b48   Section        0  errno.o(i.__set_errno)
    i._fp_digits                             0x08004b54   Section        0  printfa.o(i._fp_digits)
    _fp_digits                               0x08004b55   Thumb Code   366  printfa.o(i._fp_digits)
    i._printf_core                           0x08004cd8   Section        0  printfa.o(i._printf_core)
    _printf_core                             0x08004cd9   Thumb Code  1704  printfa.o(i._printf_core)
    i._printf_post_padding                   0x0800538c   Section        0  printfa.o(i._printf_post_padding)
    _printf_post_padding                     0x0800538d   Thumb Code    36  printfa.o(i._printf_post_padding)
    i._printf_pre_padding                    0x080053b0   Section        0  printfa.o(i._printf_pre_padding)
    _printf_pre_padding                      0x080053b1   Thumb Code    46  printfa.o(i._printf_pre_padding)
    i._sputc                                 0x080053de   Section        0  printfa.o(i._sputc)
    _sputc                                   0x080053df   Thumb Code    10  printfa.o(i._sputc)
    i.floor                                  0x080053e8   Section        0  floor.o(i.floor)
    i.free                                   0x080054c4   Section        0  malloc.o(i.free)
    i.malloc                                 0x08005514   Section        0  malloc.o(i.malloc)
    i.pow                                    0x08005580   Section        0  pow.o(i.pow)
    i.sqrt                                   0x08005f58   Section        0  sqrt.o(i.sqrt)
    .constdata                               0x08005fa4   Section        7  cjson.o(.constdata)
    firstByteMark                            0x08005fa4   Data           7  cjson.o(.constdata)
    .constdata                               0x08005fab   Section      512  aes.o(.constdata)
    sBox                                     0x08005fab   Data         256  aes.o(.constdata)
    invSBox                                  0x080060ab   Data         256  aes.o(.constdata)
    .constdata                               0x080061b0   Section      136  pow.o(.constdata)
    bp                                       0x080061b0   Data          16  pow.o(.constdata)
    dp_h                                     0x080061c0   Data          16  pow.o(.constdata)
    dp_l                                     0x080061d0   Data          16  pow.o(.constdata)
    L                                        0x080061e0   Data          48  pow.o(.constdata)
    P                                        0x08006210   Data          40  pow.o(.constdata)
    .constdata                               0x08006238   Section        8  qnan.o(.constdata)
    .constdata                               0x08006240   Section       64  ctype_c.o(.constdata)
    .data                                    0x20000000   Section       52  main.o(.data)
    seq                                      0x20000020   Data           4  main.o(.data)
    need_send                                0x20000024   Data           1  main.o(.data)
    msg_cnt                                  0x20000025   Data           1  main.o(.data)
    have_people_count                        0x20000028   Data           4  main.o(.data)
    no_people_count                          0x2000002c   Data           4  main.o(.data)
    sleep_count                              0x20000030   Data           4  main.o(.data)
    .data                                    0x20000034   Section       20  system_stm32f10x.o(.data)
    .data                                    0x20000048   Section       12  cjson.o(.data)
    ep                                       0x20000048   Data           4  cjson.o(.data)
    cJSON_malloc                             0x2000004c   Data           4  cjson.o(.data)
    cJSON_free                               0x20000050   Data           4  cjson.o(.data)
    .data                                    0x20000054   Section       20  malloc.o(.data)
    .data                                    0x20000068   Section        4  delay.o(.data)
    fac_us                                   0x20000068   Data           1  delay.o(.data)
    fac_ms                                   0x2000006a   Data           2  delay.o(.data)
    .data                                    0x2000006c   Section       17  usart.o(.data)
    rx_state                                 0x20000076   Data           1  usart.o(.data)
    rx_len                                   0x20000078   Data           2  usart.o(.data)
    rx_cnt                                   0x2000007a   Data           2  usart.o(.data)
    in_frame                                 0x2000007c   Data           1  usart.o(.data)
    .data                                    0x2000007d   Section       20  stm32f10x_rcc.o(.data)
    APBAHBPrescTable                         0x2000007d   Data          16  stm32f10x_rcc.o(.data)
    ADCPrescTable                            0x2000008d   Data           4  stm32f10x_rcc.o(.data)
    .data                                    0x20000094   Section        4  mvars.o(.data)
    .data                                    0x20000098   Section        4  mvars.o(.data)
    .data                                    0x2000009c   Section        4  errno.o(.data)
    _errno                                   0x2000009c   Data           4  errno.o(.data)
    .bss                                     0x200000a0   Section       12  main.o(.bss)
    sg_date                                  0x200000a0   Data          12  main.o(.bss)
    .bss                                     0x200000ac   Section    17408  malloc.o(.bss)
    .bss                                     0x200044ac   Section      176  aes.o(.bss)
    g_roundKeyTable                          0x200044ac   Data         176  aes.o(.bss)
    .bss                                     0x2000455c   Section      712  usart.o(.bss)
    HEAP                                     0x20004828   Section      512  startup_stm32f10x_hd.o(HEAP)
    STACK                                    0x20004a28   Section     1024  startup_stm32f10x_hd.o(STACK)

    Global Symbols

    Symbol Name                              Value     Ov Type        Size  Object(Section)

    BuildAttributes$$THM_ISAv4$P$D$K$B$S$PE$A:L22UL41UL21$X:L11$S22US41US21$IEEE1$IW$USESV6$~STKCKD$USESV7$~SHL$OTIME$ROPI$IEEEX$EBA8$MICROLIB$REQ8$PRES8$EABIv2 0x00000000   Number         0  anon$$obj.o ABSOLUTE
    __ARM_use_no_argv                        0x00000000   Number         0  main.o ABSOLUTE
    __use_no_errno                           0x00000000   Number         0  useno.o ABSOLUTE
    __use_no_exception_handling              0x00000000   Number         0  useno.o ABSOLUTE
    __use_no_fp                              0x00000000   Number         0  useno.o ABSOLUTE
    __use_no_heap                            0x00000000   Number         0  useno.o ABSOLUTE
    __use_no_heap_region                     0x00000000   Number         0  useno.o ABSOLUTE
    __use_no_semihosting                     0x00000000   Number         0  useno.o ABSOLUTE
    __use_no_semihosting_swi                 0x00000000   Number         0  useno.o ABSOLUTE
    __use_no_signal_handling                 0x00000000   Number         0  useno.o ABSOLUTE
    _printf_a                                0x00000000   Number         0  stubs.o ABSOLUTE
    _printf_c                                0x00000000   Number         0  stubs.o ABSOLUTE
    _printf_charcount                        0x00000000   Number         0  stubs.o ABSOLUTE
    _printf_d                                0x00000000   Number         0  stubs.o ABSOLUTE
    _printf_e                                0x00000000   Number         0  stubs.o ABSOLUTE
    _printf_f                                0x00000000   Number         0  stubs.o ABSOLUTE
    _printf_flags                            0x00000000   Number         0  stubs.o ABSOLUTE
    _printf_fp_dec                           0x00000000   Number         0  stubs.o ABSOLUTE
    _printf_fp_hex                           0x00000000   Number         0  stubs.o ABSOLUTE
    _printf_g                                0x00000000   Number         0  stubs.o ABSOLUTE
    _printf_i                                0x00000000   Number         0  stubs.o ABSOLUTE
    _printf_int_dec                          0x00000000   Number         0  stubs.o ABSOLUTE
    _printf_l                                0x00000000   Number         0  stubs.o ABSOLUTE
    _printf_lc                               0x00000000   Number         0  stubs.o ABSOLUTE
    _printf_ll                               0x00000000   Number         0  stubs.o ABSOLUTE
    _printf_lld                              0x00000000   Number         0  stubs.o ABSOLUTE
    _printf_lli                              0x00000000   Number         0  stubs.o ABSOLUTE
    _printf_llo                              0x00000000   Number         0  stubs.o ABSOLUTE
    _printf_llu                              0x00000000   Number         0  stubs.o ABSOLUTE
    _printf_llx                              0x00000000   Number         0  stubs.o ABSOLUTE
    _printf_longlong_dec                     0x00000000   Number         0  stubs.o ABSOLUTE
    _printf_longlong_hex                     0x00000000   Number         0  stubs.o ABSOLUTE
    _printf_longlong_oct                     0x00000000   Number         0  stubs.o ABSOLUTE
    _printf_ls                               0x00000000   Number         0  stubs.o ABSOLUTE
    _printf_mbtowc                           0x00000000   Number         0  stubs.o ABSOLUTE
    _printf_n                                0x00000000   Number         0  stubs.o ABSOLUTE
    _printf_o                                0x00000000   Number         0  stubs.o ABSOLUTE
    _printf_p                                0x00000000   Number         0  stubs.o ABSOLUTE
    _printf_percent                          0x00000000   Number         0  stubs.o ABSOLUTE
    _printf_pre_padding                      0x00000000   Number         0  stubs.o ABSOLUTE
    _printf_return_value                     0x00000000   Number         0  stubs.o ABSOLUTE
    _printf_s                                0x00000000   Number         0  stubs.o ABSOLUTE
    _printf_sizespec                         0x00000000   Number         0  stubs.o ABSOLUTE
    _printf_str                              0x00000000   Number         0  stubs.o ABSOLUTE
    _printf_truncate_signed                  0x00000000   Number         0  stubs.o ABSOLUTE
    _printf_truncate_unsigned                0x00000000   Number         0  stubs.o ABSOLUTE
    _printf_u                                0x00000000   Number         0  stubs.o ABSOLUTE
    _printf_wc                               0x00000000   Number         0  stubs.o ABSOLUTE
    _printf_wctomb                           0x00000000   Number         0  stubs.o ABSOLUTE
    _printf_widthprec                        0x00000000   Number         0  stubs.o ABSOLUTE
    _printf_x                                0x00000000   Number         0  stubs.o ABSOLUTE
    __arm_fini_                               - Undefined Weak Reference
    __cpp_initialize__aeabi_                  - Undefined Weak Reference
    __cxa_finalize                            - Undefined Weak Reference
    __decompress                              - Undefined Weak Reference
    _clock_init                               - Undefined Weak Reference
    _microlib_exit                            - Undefined Weak Reference
    _scanf_longlong                           - Undefined Weak Reference
    _scanf_real                               - Undefined Weak Reference
    _scanf_string                             - Undefined Weak Reference
    __Vectors_Size                           0x00000130   Number         0  startup_stm32f10x_hd.o ABSOLUTE
    __Vectors                                0x08000000   Data           4  startup_stm32f10x_hd.o(RESET)
    __Vectors_End                            0x08000130   Data           0  startup_stm32f10x_hd.o(RESET)
    __main                                   0x08000131   Thumb Code     0  entry.o(.ARM.Collect$$$$00000000)
    _main_stk                                0x08000131   Thumb Code     0  entry2.o(.ARM.Collect$$$$00000001)
    _main_scatterload                        0x08000135   Thumb Code     0  entry5.o(.ARM.Collect$$$$00000004)
    __main_after_scatterload                 0x08000139   Thumb Code     0  entry5.o(.ARM.Collect$$$$00000004)
    _main_clock                              0x08000139   Thumb Code     0  entry7b.o(.ARM.Collect$$$$00000008)
    _main_cpp_init                           0x08000139   Thumb Code     0  entry8b.o(.ARM.Collect$$$$0000000A)
    _main_init                               0x08000139   Thumb Code     0  entry9a.o(.ARM.Collect$$$$0000000B)
    __rt_lib_shutdown_fini                   0x08000141   Thumb Code     0  entry12b.o(.ARM.Collect$$$$0000000E)
    __rt_final_cpp                           0x08000145   Thumb Code     0  entry10a.o(.ARM.Collect$$$$0000000F)
    __rt_final_exit                          0x08000145   Thumb Code     0  entry11a.o(.ARM.Collect$$$$00000011)
    dump_hex                                 0x08000149   Thumb Code   100  main.o(.text)
    hc13_send_date                           0x080001ad   Thumb Code   326  main.o(.text)
    parse_distance                           0x080002f3   Thumb Code    22  main.o(.text)
    hc13_recv_process                        0x08000309   Thumb Code   340  main.o(.text)
    ld2402_recv_process                      0x0800045d   Thumb Code   698  main.o(.text)
    main                                     0x08000717   Thumb Code   386  main.o(.text)
    NMI_Handler                              0x080008d9   Thumb Code     2  stm32f10x_it.o(.text)
    HardFault_Handler                        0x080008db   Thumb Code     4  stm32f10x_it.o(.text)
    MemManage_Handler                        0x080008df   Thumb Code     4  stm32f10x_it.o(.text)
    BusFault_Handler                         0x080008e3   Thumb Code     4  stm32f10x_it.o(.text)
    UsageFault_Handler                       0x080008e7   Thumb Code     4  stm32f10x_it.o(.text)
    SVC_Handler                              0x080008eb   Thumb Code     2  stm32f10x_it.o(.text)
    DebugMon_Handler                         0x080008ed   Thumb Code     2  stm32f10x_it.o(.text)
    PendSV_Handler                           0x080008ef   Thumb Code     2  stm32f10x_it.o(.text)
    SysTick_Handler                          0x080008f1   Thumb Code     2  stm32f10x_it.o(.text)
    SystemInit                               0x080009d3   Thumb Code    78  system_stm32f10x.o(.text)
    SystemCoreClockUpdate                    0x08000a21   Thumb Code   142  system_stm32f10x.o(.text)
    LED_Init                                 0x08000ad5   Thumb Code    72  led.o(.text)
    cJSON_GetErrorPtr                        0x08000b25   Thumb Code     6  cjson.o(.text)
    cJSON_InitHooks                          0x08000ba1   Thumb Code    48  cjson.o(.text)
    cJSON_Delete                             0x08000beb   Thumb Code    82  cjson.o(.text)
    cJSON_ParseWithOpts                      0x0800179d   Thumb Code    96  cjson.o(.text)
    cJSON_Parse                              0x080017fd   Thumb Code    16  cjson.o(.text)
    cJSON_Print                              0x08001f8d   Thumb Code    18  cjson.o(.text)
    cJSON_PrintUnformatted                   0x08001f9f   Thumb Code    18  cjson.o(.text)
    cJSON_PrintBuffered                      0x08001fb1   Thumb Code    54  cjson.o(.text)
    cJSON_GetArraySize                       0x08001fe7   Thumb Code    18  cjson.o(.text)
    cJSON_GetArrayItem                       0x08001ff9   Thumb Code    18  cjson.o(.text)
    cJSON_GetObjectItem                      0x0800200b   Thumb Code    30  cjson.o(.text)
    cJSON_AddItemToArray                     0x0800205f   Thumb Code    42  cjson.o(.text)
    cJSON_AddItemToObject                    0x08002089   Thumb Code    44  cjson.o(.text)
    cJSON_AddItemToObjectCS                  0x080020b5   Thumb Code    54  cjson.o(.text)
    cJSON_AddItemReferenceToArray            0x080020eb   Thumb Code    24  cjson.o(.text)
    cJSON_AddItemReferenceToObject           0x08002103   Thumb Code    32  cjson.o(.text)
    cJSON_DetachItemFromArray                0x08002123   Thumb Code    66  cjson.o(.text)
    cJSON_DeleteItemFromArray                0x08002165   Thumb Code    22  cjson.o(.text)
    cJSON_DetachItemFromObject               0x0800217b   Thumb Code    50  cjson.o(.text)
    cJSON_DeleteItemFromObject               0x080021ad   Thumb Code    22  cjson.o(.text)
    cJSON_InsertItemInArray                  0x080021c3   Thumb Code    64  cjson.o(.text)
    cJSON_ReplaceItemInArray                 0x08002203   Thumb Code    76  cjson.o(.text)
    cJSON_ReplaceItemInObject                0x0800224f   Thumb Code    62  cjson.o(.text)
    cJSON_CreateNull                         0x0800228d   Thumb Code    18  cjson.o(.text)
    cJSON_CreateTrue                         0x0800229f   Thumb Code    18  cjson.o(.text)
    cJSON_CreateFalse                        0x080022b1   Thumb Code    18  cjson.o(.text)
    cJSON_CreateBool                         0x080022c3   Thumb Code    26  cjson.o(.text)
    cJSON_CreateNumber                       0x080022dd   Thumb Code    36  cjson.o(.text)
    cJSON_CreateString                       0x08002301   Thumb Code    28  cjson.o(.text)
    cJSON_CreateArray                        0x0800231d   Thumb Code    18  cjson.o(.text)
    cJSON_CreateObject                       0x0800232f   Thumb Code    18  cjson.o(.text)
    cJSON_CreateIntArray                     0x08002341   Thumb Code    68  cjson.o(.text)
    cJSON_CreateFloatArray                   0x08002385   Thumb Code    68  cjson.o(.text)
    cJSON_CreateDoubleArray                  0x080023c9   Thumb Code    68  cjson.o(.text)
    cJSON_CreateStringArray                  0x0800240d   Thumb Code    62  cjson.o(.text)
    cJSON_Duplicate                          0x0800244b   Thumb Code   180  cjson.o(.text)
    cJSON_Minify                             0x080024ff   Thumb Code   186  cjson.o(.text)
    mymemcpy                                 0x080025b9   Thumb Code    26  malloc.o(.text)
    mymemset                                 0x080025d3   Thumb Code    20  malloc.o(.text)
    mem_init                                 0x080025e7   Thumb Code    38  malloc.o(.text)
    mem_perused                              0x0800260d   Thumb Code    36  malloc.o(.text)
    mem_malloc                               0x08002631   Thumb Code   116  malloc.o(.text)
    mem_free                                 0x080026a5   Thumb Code    66  malloc.o(.text)
    myfree                                   0x080026e7   Thumb Code    24  malloc.o(.text)
    mymalloc                                 0x080026ff   Thumb Code    28  malloc.o(.text)
    myrealloc                                0x0800271b   Thumb Code    50  malloc.o(.text)
    KEY_Init                                 0x08002751   Thumb Code    40  key.o(.text)
    aes_init                                 0x080029d7   Thumb Code   114  aes.o(.text)
    aes_encrypt                              0x08002a49   Thumb Code    62  aes.o(.text)
    aes_decrypt                              0x08002a87   Thumb Code    82  aes.o(.text)
    delay_init                               0x08002ae9   Thumb Code    50  delay.o(.text)
    delay_us                                 0x08002b1b   Thumb Code    72  delay.o(.text)
    delay_ms                                 0x08002b63   Thumb Code    72  delay.o(.text)
    _sys_exit                                0x08002bbd   Thumb Code     6  usart.o(.text)
    fputc                                    0x08002bc3   Thumb Code    24  usart.o(.text)
    uart_init                                0x08002bdb   Thumb Code   152  usart.o(.text)
    USART1_IRQHandler                        0x08002c73   Thumb Code   122  usart.o(.text)
    usart2_init                              0x08002ced   Thumb Code   154  usart.o(.text)
    USART2_IRQHandler                        0x08002d87   Thumb Code   122  usart.o(.text)
    u2_printf                                0x08002e01   Thumb Code    72  usart.o(.text)
    USART3_IRQHandler                        0x08002e49   Thumb Code   228  usart.o(.text)
    usart3_init                              0x08002f2d   Thumb Code   226  usart.o(.text)
    u3_printf                                0x0800300f   Thumb Code    72  usart.o(.text)
    u3_send_bytes                            0x08003057   Thumb Code    44  usart.o(.text)
    Reset_Handler                            0x0800308d   Thumb Code     8  startup_stm32f10x_hd.o(.text)
    ADC1_2_IRQHandler                        0x080030a7   Thumb Code     0  startup_stm32f10x_hd.o(.text)
    ADC3_IRQHandler                          0x080030a7   Thumb Code     0  startup_stm32f10x_hd.o(.text)
    CAN1_RX1_IRQHandler                      0x080030a7   Thumb Code     0  startup_stm32f10x_hd.o(.text)
    CAN1_SCE_IRQHandler                      0x080030a7   Thumb Code     0  startup_stm32f10x_hd.o(.text)
    DMA1_Channel1_IRQHandler                 0x080030a7   Thumb Code     0  startup_stm32f10x_hd.o(.text)
    DMA1_Channel2_IRQHandler                 0x080030a7   Thumb Code     0  startup_stm32f10x_hd.o(.text)
    DMA1_Channel3_IRQHandler                 0x080030a7   Thumb Code     0  startup_stm32f10x_hd.o(.text)
    DMA1_Channel4_IRQHandler                 0x080030a7   Thumb Code     0  startup_stm32f10x_hd.o(.text)
    DMA1_Channel5_IRQHandler                 0x080030a7   Thumb Code     0  startup_stm32f10x_hd.o(.text)
    DMA1_Channel6_IRQHandler                 0x080030a7   Thumb Code     0  startup_stm32f10x_hd.o(.text)
    DMA1_Channel7_IRQHandler                 0x080030a7   Thumb Code     0  startup_stm32f10x_hd.o(.text)
    DMA2_Channel1_IRQHandler                 0x080030a7   Thumb Code     0  startup_stm32f10x_hd.o(.text)
    DMA2_Channel2_IRQHandler                 0x080030a7   Thumb Code     0  startup_stm32f10x_hd.o(.text)
    DMA2_Channel3_IRQHandler                 0x080030a7   Thumb Code     0  startup_stm32f10x_hd.o(.text)
    DMA2_Channel4_5_IRQHandler               0x080030a7   Thumb Code     0  startup_stm32f10x_hd.o(.text)
    EXTI0_IRQHandler                         0x080030a7   Thumb Code     0  startup_stm32f10x_hd.o(.text)
    EXTI15_10_IRQHandler                     0x080030a7   Thumb Code     0  startup_stm32f10x_hd.o(.text)
    EXTI1_IRQHandler                         0x080030a7   Thumb Code     0  startup_stm32f10x_hd.o(.text)
    EXTI2_IRQHandler                         0x080030a7   Thumb Code     0  startup_stm32f10x_hd.o(.text)
    EXTI3_IRQHandler                         0x080030a7   Thumb Code     0  startup_stm32f10x_hd.o(.text)
    EXTI4_IRQHandler                         0x080030a7   Thumb Code     0  startup_stm32f10x_hd.o(.text)
    EXTI9_5_IRQHandler                       0x080030a7   Thumb Code     0  startup_stm32f10x_hd.o(.text)
    FLASH_IRQHandler                         0x080030a7   Thumb Code     0  startup_stm32f10x_hd.o(.text)
    FSMC_IRQHandler                          0x080030a7   Thumb Code     0  startup_stm32f10x_hd.o(.text)
    I2C1_ER_IRQHandler                       0x080030a7   Thumb Code     0  startup_stm32f10x_hd.o(.text)
    I2C1_EV_IRQHandler                       0x080030a7   Thumb Code     0  startup_stm32f10x_hd.o(.text)
    I2C2_ER_IRQHandler                       0x080030a7   Thumb Code     0  startup_stm32f10x_hd.o(.text)
    I2C2_EV_IRQHandler                       0x080030a7   Thumb Code     0  startup_stm32f10x_hd.o(.text)
    PVD_IRQHandler                           0x080030a7   Thumb Code     0  startup_stm32f10x_hd.o(.text)
    RCC_IRQHandler                           0x080030a7   Thumb Code     0  startup_stm32f10x_hd.o(.text)
    RTCAlarm_IRQHandler                      0x080030a7   Thumb Code     0  startup_stm32f10x_hd.o(.text)
    RTC_IRQHandler                           0x080030a7   Thumb Code     0  startup_stm32f10x_hd.o(.text)
    SDIO_IRQHandler                          0x080030a7   Thumb Code     0  startup_stm32f10x_hd.o(.text)
    SPI1_IRQHandler                          0x080030a7   Thumb Code     0  startup_stm32f10x_hd.o(.text)
    SPI2_IRQHandler                          0x080030a7   Thumb Code     0  startup_stm32f10x_hd.o(.text)
    SPI3_IRQHandler                          0x080030a7   Thumb Code     0  startup_stm32f10x_hd.o(.text)
    TAMPER_IRQHandler                        0x080030a7   Thumb Code     0  startup_stm32f10x_hd.o(.text)
    TIM1_BRK_IRQHandler                      0x080030a7   Thumb Code     0  startup_stm32f10x_hd.o(.text)
    TIM1_CC_IRQHandler                       0x080030a7   Thumb Code     0  startup_stm32f10x_hd.o(.text)
    TIM1_TRG_COM_IRQHandler                  0x080030a7   Thumb Code     0  startup_stm32f10x_hd.o(.text)
    TIM1_UP_IRQHandler                       0x080030a7   Thumb Code     0  startup_stm32f10x_hd.o(.text)
    TIM2_IRQHandler                          0x080030a7   Thumb Code     0  startup_stm32f10x_hd.o(.text)
    TIM3_IRQHandler                          0x080030a7   Thumb Code     0  startup_stm32f10x_hd.o(.text)
    TIM4_IRQHandler                          0x080030a7   Thumb Code     0  startup_stm32f10x_hd.o(.text)
    TIM5_IRQHandler                          0x080030a7   Thumb Code     0  startup_stm32f10x_hd.o(.text)
    TIM6_IRQHandler                          0x080030a7   Thumb Code     0  startup_stm32f10x_hd.o(.text)
    TIM7_IRQHandler                          0x080030a7   Thumb Code     0  startup_stm32f10x_hd.o(.text)
    TIM8_BRK_IRQHandler                      0x080030a7   Thumb Code     0  startup_stm32f10x_hd.o(.text)
    TIM8_CC_IRQHandler                       0x080030a7   Thumb Code     0  startup_stm32f10x_hd.o(.text)
    TIM8_TRG_COM_IRQHandler                  0x080030a7   Thumb Code     0  startup_stm32f10x_hd.o(.text)
    TIM8_UP_IRQHandler                       0x080030a7   Thumb Code     0  startup_stm32f10x_hd.o(.text)
    UART4_IRQHandler                         0x080030a7   Thumb Code     0  startup_stm32f10x_hd.o(.text)
    UART5_IRQHandler                         0x080030a7   Thumb Code     0  startup_stm32f10x_hd.o(.text)
    USBWakeUp_IRQHandler                     0x080030a7   Thumb Code     0  startup_stm32f10x_hd.o(.text)
    USB_HP_CAN1_TX_IRQHandler                0x080030a7   Thumb Code     0  startup_stm32f10x_hd.o(.text)
    USB_LP_CAN1_RX0_IRQHandler               0x080030a7   Thumb Code     0  startup_stm32f10x_hd.o(.text)
    WWDG_IRQHandler                          0x080030a7   Thumb Code     0  startup_stm32f10x_hd.o(.text)
    GPIO_DeInit                              0x080030b1   Thumb Code   172  stm32f10x_gpio.o(.text)
    GPIO_AFIODeInit                          0x0800315d   Thumb Code    20  stm32f10x_gpio.o(.text)
    GPIO_Init                                0x08003171   Thumb Code   278  stm32f10x_gpio.o(.text)
    GPIO_StructInit                          0x08003287   Thumb Code    16  stm32f10x_gpio.o(.text)
    GPIO_ReadInputDataBit                    0x08003297   Thumb Code    18  stm32f10x_gpio.o(.text)
    GPIO_ReadInputData                       0x080032a9   Thumb Code     8  stm32f10x_gpio.o(.text)
    GPIO_ReadOutputDataBit                   0x080032b1   Thumb Code    18  stm32f10x_gpio.o(.text)
    GPIO_ReadOutputData                      0x080032c3   Thumb Code     8  stm32f10x_gpio.o(.text)
    GPIO_SetBits                             0x080032cb   Thumb Code     4  stm32f10x_gpio.o(.text)
    GPIO_ResetBits                           0x080032cf   Thumb Code     4  stm32f10x_gpio.o(.text)
    GPIO_WriteBit                            0x080032d3   Thumb Code    10  stm32f10x_gpio.o(.text)
    GPIO_Write                               0x080032dd   Thumb Code     4  stm32f10x_gpio.o(.text)
    GPIO_PinLockConfig                       0x080032e1   Thumb Code    18  stm32f10x_gpio.o(.text)
    GPIO_EventOutputConfig                   0x080032f3   Thumb Code    26  stm32f10x_gpio.o(.text)
    GPIO_EventOutputCmd                      0x0800330d   Thumb Code     6  stm32f10x_gpio.o(.text)
    GPIO_PinRemapConfig                      0x08003313   Thumb Code   138  stm32f10x_gpio.o(.text)
    GPIO_EXTILineConfig                      0x0800339d   Thumb Code    66  stm32f10x_gpio.o(.text)
    GPIO_ETH_MediaInterfaceConfig            0x080033df   Thumb Code     8  stm32f10x_gpio.o(.text)
    RCC_DeInit                               0x0800340d   Thumb Code    64  stm32f10x_rcc.o(.text)
    RCC_HSEConfig                            0x0800344d   Thumb Code    70  stm32f10x_rcc.o(.text)
    RCC_GetFlagStatus                        0x08003493   Thumb Code    56  stm32f10x_rcc.o(.text)
    RCC_WaitForHSEStartUp                    0x080034cb   Thumb Code    56  stm32f10x_rcc.o(.text)
    RCC_AdjustHSICalibrationValue            0x08003503   Thumb Code    20  stm32f10x_rcc.o(.text)
    RCC_HSICmd                               0x08003517   Thumb Code     6  stm32f10x_rcc.o(.text)
    RCC_PLLConfig                            0x0800351d   Thumb Code    24  stm32f10x_rcc.o(.text)
    RCC_PLLCmd                               0x08003535   Thumb Code     6  stm32f10x_rcc.o(.text)
    RCC_SYSCLKConfig                         0x0800353b   Thumb Code    18  stm32f10x_rcc.o(.text)
    RCC_GetSYSCLKSource                      0x0800354d   Thumb Code    10  stm32f10x_rcc.o(.text)
    RCC_HCLKConfig                           0x08003557   Thumb Code    18  stm32f10x_rcc.o(.text)
    RCC_PCLK1Config                          0x08003569   Thumb Code    18  stm32f10x_rcc.o(.text)
    RCC_PCLK2Config                          0x0800357b   Thumb Code    20  stm32f10x_rcc.o(.text)
    RCC_ITConfig                             0x0800358f   Thumb Code    26  stm32f10x_rcc.o(.text)
    RCC_USBCLKConfig                         0x080035a9   Thumb Code     8  stm32f10x_rcc.o(.text)
    RCC_ADCCLKConfig                         0x080035b1   Thumb Code    18  stm32f10x_rcc.o(.text)
    RCC_LSEConfig                            0x080035c3   Thumb Code    50  stm32f10x_rcc.o(.text)
    RCC_LSICmd                               0x080035f5   Thumb Code     6  stm32f10x_rcc.o(.text)
    RCC_RTCCLKConfig                         0x080035fb   Thumb Code    12  stm32f10x_rcc.o(.text)
    RCC_RTCCLKCmd                            0x08003607   Thumb Code     8  stm32f10x_rcc.o(.text)
    RCC_GetClocksFreq                        0x0800360f   Thumb Code   192  stm32f10x_rcc.o(.text)
    RCC_AHBPeriphClockCmd                    0x080036cf   Thumb Code    26  stm32f10x_rcc.o(.text)
    RCC_APB2PeriphClockCmd                   0x080036e9   Thumb Code    26  stm32f10x_rcc.o(.text)
    RCC_APB1PeriphClockCmd                   0x08003703   Thumb Code    26  stm32f10x_rcc.o(.text)
    RCC_APB2PeriphResetCmd                   0x0800371d   Thumb Code    26  stm32f10x_rcc.o(.text)
    RCC_APB1PeriphResetCmd                   0x08003737   Thumb Code    26  stm32f10x_rcc.o(.text)
    RCC_BackupResetCmd                       0x08003751   Thumb Code     8  stm32f10x_rcc.o(.text)
    RCC_ClockSecuritySystemCmd               0x08003759   Thumb Code     6  stm32f10x_rcc.o(.text)
    RCC_MCOConfig                            0x0800375f   Thumb Code     6  stm32f10x_rcc.o(.text)
    RCC_ClearFlag                            0x08003765   Thumb Code    14  stm32f10x_rcc.o(.text)
    RCC_GetITStatus                          0x08003773   Thumb Code    20  stm32f10x_rcc.o(.text)
    RCC_ClearITPendingBit                    0x08003787   Thumb Code     6  stm32f10x_rcc.o(.text)
    USART_DeInit                             0x080037b1   Thumb Code   134  stm32f10x_usart.o(.text)
    USART_Init                               0x08003837   Thumb Code   210  stm32f10x_usart.o(.text)
    USART_StructInit                         0x08003909   Thumb Code    24  stm32f10x_usart.o(.text)
    USART_ClockInit                          0x08003921   Thumb Code    34  stm32f10x_usart.o(.text)
    USART_ClockStructInit                    0x08003943   Thumb Code    12  stm32f10x_usart.o(.text)
    USART_Cmd                                0x0800394f   Thumb Code    24  stm32f10x_usart.o(.text)
    USART_ITConfig                           0x08003967   Thumb Code    74  stm32f10x_usart.o(.text)
    USART_DMACmd                             0x080039b1   Thumb Code    18  stm32f10x_usart.o(.text)
    USART_SetAddress                         0x080039c3   Thumb Code    18  stm32f10x_usart.o(.text)
    USART_WakeUpConfig                       0x080039d5   Thumb Code    18  stm32f10x_usart.o(.text)
    USART_ReceiverWakeUpCmd                  0x080039e7   Thumb Code    24  stm32f10x_usart.o(.text)
    USART_LINBreakDetectLengthConfig         0x080039ff   Thumb Code    18  stm32f10x_usart.o(.text)
    USART_LINCmd                             0x08003a11   Thumb Code    24  stm32f10x_usart.o(.text)
    USART_SendData                           0x08003a29   Thumb Code     8  stm32f10x_usart.o(.text)
    USART_ReceiveData                        0x08003a31   Thumb Code    10  stm32f10x_usart.o(.text)
    USART_SendBreak                          0x08003a3b   Thumb Code    10  stm32f10x_usart.o(.text)
    USART_SetGuardTime                       0x08003a45   Thumb Code    16  stm32f10x_usart.o(.text)
    USART_SetPrescaler                       0x08003a55   Thumb Code    16  stm32f10x_usart.o(.text)
    USART_SmartCardCmd                       0x08003a65   Thumb Code    24  stm32f10x_usart.o(.text)
    USART_SmartCardNACKCmd                   0x08003a7d   Thumb Code    24  stm32f10x_usart.o(.text)
    USART_HalfDuplexCmd                      0x08003a95   Thumb Code    24  stm32f10x_usart.o(.text)
    USART_OverSampling8Cmd                   0x08003aad   Thumb Code    22  stm32f10x_usart.o(.text)
    USART_OneBitMethodCmd                    0x08003ac3   Thumb Code    24  stm32f10x_usart.o(.text)
    USART_IrDAConfig                         0x08003adb   Thumb Code    18  stm32f10x_usart.o(.text)
    USART_IrDACmd                            0x08003aed   Thumb Code    24  stm32f10x_usart.o(.text)
    USART_GetFlagStatus                      0x08003b05   Thumb Code    26  stm32f10x_usart.o(.text)
    USART_ClearFlag                          0x08003b1f   Thumb Code    18  stm32f10x_usart.o(.text)
    USART_GetITStatus                        0x08003b31   Thumb Code    84  stm32f10x_usart.o(.text)
    USART_ClearITPendingBit                  0x08003b85   Thumb Code    52  stm32f10x_usart.o(.text)
    NVIC_PriorityGroupConfig                 0x08003bb9   Thumb Code    10  misc.o(.text)
    NVIC_Init                                0x08003bc3   Thumb Code   100  misc.o(.text)
    NVIC_SetVectorTable                      0x08003c27   Thumb Code    14  misc.o(.text)
    NVIC_SystemLPConfig                      0x08003c35   Thumb Code    34  misc.o(.text)
    SysTick_CLKSourceConfig                  0x08003c57   Thumb Code    40  misc.o(.text)
    tolower                                  0x08003c95   Thumb Code    12  tolower.o(.text)
    __aeabi_memcpy                           0x08003ca1   Thumb Code    36  memcpya.o(.text)
    __aeabi_memcpy4                          0x08003ca1   Thumb Code     0  memcpya.o(.text)
    __aeabi_memcpy8                          0x08003ca1   Thumb Code     0  memcpya.o(.text)
    __aeabi_memset                           0x08003cc5   Thumb Code    14  memseta.o(.text)
    __aeabi_memset4                          0x08003cc5   Thumb Code     0  memseta.o(.text)
    __aeabi_memset8                          0x08003cc5   Thumb Code     0  memseta.o(.text)
    __aeabi_memclr                           0x08003cd3   Thumb Code     4  memseta.o(.text)
    __aeabi_memclr4                          0x08003cd3   Thumb Code     0  memseta.o(.text)
    __aeabi_memclr8                          0x08003cd3   Thumb Code     0  memseta.o(.text)
    _memset$wrapper                          0x08003cd7   Thumb Code    18  memseta.o(.text)
    strchr                                   0x08003ce9   Thumb Code    20  strchr.o(.text)
    strlen                                   0x08003cfd   Thumb Code    14  strlen.o(.text)
    strcmp                                   0x08003d0b   Thumb Code    28  strcmp.o(.text)
    strcpy                                   0x08003d27   Thumb Code    18  strcpy.o(.text)
    strncmp                                  0x08003d39   Thumb Code    30  strncmp.o(.text)
    __0sscanf                                0x08003d59   Thumb Code    48  __0sscanf.o(.text)
    _scanf_int                               0x08003d91   Thumb Code   332  _scanf_int.o(.text)
    __aeabi_dadd                             0x08003edd   Thumb Code   322  dadd.o(.text)
    __aeabi_dsub                             0x0800401f   Thumb Code     6  dadd.o(.text)
    __aeabi_drsub                            0x08004025   Thumb Code     6  dadd.o(.text)
    __aeabi_dmul                             0x0800402b   Thumb Code   228  dmul.o(.text)
    __aeabi_i2d                              0x0800410f   Thumb Code    34  dflti.o(.text)
    __aeabi_ui2d                             0x08004131   Thumb Code    26  dfltui.o(.text)
    __aeabi_d2iz                             0x0800414b   Thumb Code    62  dfixi.o(.text)
    __aeabi_f2d                              0x08004189   Thumb Code    38  f2d.o(.text)
    __aeabi_cdcmpeq                          0x080041b1   Thumb Code     0  cdcmple.o(.text)
    __aeabi_cdcmple                          0x080041b1   Thumb Code    48  cdcmple.o(.text)
    __aeabi_cdrcmple                         0x080041e1   Thumb Code    48  cdrcmple.o(.text)
    __aeabi_uidiv                            0x08004211   Thumb Code     0  uidiv.o(.text)
    __aeabi_uidivmod                         0x08004211   Thumb Code    44  uidiv.o(.text)
    __aeabi_uldivmod                         0x0800423d   Thumb Code    98  uldiv.o(.text)
    __aeabi_llsl                             0x0800429f   Thumb Code    30  llshl.o(.text)
    _ll_shift_l                              0x0800429f   Thumb Code     0  llshl.o(.text)
    __aeabi_llsr                             0x080042bd   Thumb Code    32  llushr.o(.text)
    _ll_ushift_r                             0x080042bd   Thumb Code     0  llushr.o(.text)
    __aeabi_lasr                             0x080042dd   Thumb Code    36  llsshr.o(.text)
    _ll_sshift_r                             0x080042dd   Thumb Code     0  llsshr.o(.text)
    _chval                                   0x08004301   Thumb Code    28  _chval.o(.text)
    __vfscanf_char                           0x08004329   Thumb Code    20  scanf_char.o(.text)
    _sgetc                                   0x08004345   Thumb Code    30  _sgetc.o(.text)
    _sbackspace                              0x08004363   Thumb Code    34  _sgetc.o(.text)
    __I$use$fp                               0x08004385   Thumb Code     0  iusefp.o(.text)
    _double_round                            0x08004385   Thumb Code    30  depilogue.o(.text)
    _double_epilogue                         0x080043a3   Thumb Code   156  depilogue.o(.text)
    __aeabi_ddiv                             0x0800443f   Thumb Code   222  ddiv.o(.text)
    __ARM_scalbn                             0x0800451d   Thumb Code    46  dscalb.o(.text)
    scalbn                                   0x0800451d   Thumb Code     0  dscalb.o(.text)
    __aeabi_d2ulz                            0x0800454b   Thumb Code    48  dfixul.o(.text)
    __scatterload                            0x0800457d   Thumb Code    28  init.o(.text)
    __scatterload_rt2                        0x0800457d   Thumb Code     0  init.o(.text)
    isspace                                  0x080045a1   Thumb Code    10  isspace_c.o(.text)
    __vfscanf                                0x080045ad   Thumb Code   810  _scanf.o(.text)
    _dsqrt                                   0x080048dd   Thumb Code   162  dsqrt.o(.text)
    __ctype_lookup                           0x08004981   Thumb Code    34  ctype_c.o(.text)
    __0printf                                0x080049a9   Thumb Code    22  printfa.o(i.__0printf)
    __1printf                                0x080049a9   Thumb Code     0  printfa.o(i.__0printf)
    __2printf                                0x080049a9   Thumb Code     0  printfa.o(i.__0printf)
    __c89printf                              0x080049a9   Thumb Code     0  printfa.o(i.__0printf)
    printf                                   0x080049a9   Thumb Code     0  printfa.o(i.__0printf)
    __0sprintf                               0x080049c9   Thumb Code    34  printfa.o(i.__0sprintf)
    __1sprintf                               0x080049c9   Thumb Code     0  printfa.o(i.__0sprintf)
    __2sprintf                               0x080049c9   Thumb Code     0  printfa.o(i.__0sprintf)
    __c89sprintf                             0x080049c9   Thumb Code     0  printfa.o(i.__0sprintf)
    sprintf                                  0x080049c9   Thumb Code     0  printfa.o(i.__0sprintf)
    __0vsprintf                              0x080049f1   Thumb Code    30  printfa.o(i.__0vsprintf)
    __1vsprintf                              0x080049f1   Thumb Code     0  printfa.o(i.__0vsprintf)
    __2vsprintf                              0x080049f1   Thumb Code     0  printfa.o(i.__0vsprintf)
    __c89vsprintf                            0x080049f1   Thumb Code     0  printfa.o(i.__0vsprintf)
    vsprintf                                 0x080049f1   Thumb Code     0  printfa.o(i.__0vsprintf)
    __ARM_fpclassify                         0x08004a15   Thumb Code    40  fpclassify.o(i.__ARM_fpclassify)
    __kernel_poly                            0x08004a3d   Thumb Code   170  poly.o(i.__kernel_poly)
    __mathlib_dbl_divzero                    0x08004ae9   Thumb Code    12  dunder.o(i.__mathlib_dbl_divzero)
    __mathlib_dbl_infnan2                    0x08004af9   Thumb Code     4  dunder.o(i.__mathlib_dbl_infnan2)
    __mathlib_dbl_invalid                    0x08004afd   Thumb Code    12  dunder.o(i.__mathlib_dbl_invalid)
    __mathlib_dbl_overflow                   0x08004b09   Thumb Code    14  dunder.o(i.__mathlib_dbl_overflow)
    __mathlib_dbl_underflow                  0x08004b19   Thumb Code    10  dunder.o(i.__mathlib_dbl_underflow)
    __scatterload_copy                       0x08004b29   Thumb Code    14  handlers.o(i.__scatterload_copy)
    __scatterload_null                       0x08004b37   Thumb Code     2  handlers.o(i.__scatterload_null)
    __scatterload_zeroinit                   0x08004b39   Thumb Code    14  handlers.o(i.__scatterload_zeroinit)
    __set_errno                              0x08004b49   Thumb Code     6  errno.o(i.__set_errno)
    floor                                    0x080053e9   Thumb Code   204  floor.o(i.floor)
    free                                     0x080054c5   Thumb Code    76  malloc.o(i.free)
    malloc                                   0x08005515   Thumb Code    92  malloc.o(i.malloc)
    pow                                      0x08005581   Thumb Code  2512  pow.o(i.pow)
    sqrt                                     0x08005f59   Thumb Code    76  sqrt.o(i.sqrt)
    __mathlib_zero                           0x08006238   Data           8  qnan.o(.constdata)
    __ctype_categories                       0x08006240   Data          64  ctype_c.o(.constdata)
    Region$$Table$$Base                      0x08006280   Number         0  anon$$obj.o(Region$$Table)
    Region$$Table$$Limit                     0x080062a0   Number         0  anon$$obj.o(Region$$Table)
    AES128key                                0x20000000   Data          16  main.o(.data)
    AES_IV                                   0x20000010   Data          16  main.o(.data)
    SystemCoreClock                          0x20000034   Data           4  system_stm32f10x.o(.data)
    AHBPrescTable                            0x20000038   Data          16  system_stm32f10x.o(.data)
    mallco_dev                               0x20000054   Data          20  malloc.o(.data)
    __stdout                                 0x2000006c   Data           4  usart.o(.data)
    USART_RX_STA                             0x20000070   Data           2  usart.o(.data)
    USART2_RX_STA                            0x20000072   Data           2  usart.o(.data)
    USART3_RX_STA                            0x20000074   Data           2  usart.o(.data)
    __microlib_freelist                      0x20000094   Data           4  mvars.o(.data)
    __microlib_freelist_initialised          0x20000098   Data           4  mvars.o(.data)
    membase                                  0x200000ac   Data       16384  malloc.o(.bss)
    memmapbase                               0x200040ac   Data        1024  malloc.o(.bss)
    USART_RX_BUF                             0x2000455c   Data         100  usart.o(.bss)
    USART2_RX_BUF                            0x200045c0   Data          50  usart.o(.bss)
    USART2_TX_BUF                            0x200045f2   Data          50  usart.o(.bss)
    USART3_RX_BUF                            0x20004624   Data         256  usart.o(.bss)
    USART3_TX_BUF                            0x20004724   Data         256  usart.o(.bss)
    __heap_base                              0x20004828   Data           0  startup_stm32f10x_hd.o(HEAP)
    __heap_limit                             0x20004a28   Data           0  startup_stm32f10x_hd.o(HEAP)
    __initial_sp                             0x20004e28   Data           0  startup_stm32f10x_hd.o(STACK)



==============================================================================

Memory Map of the image

  Image Entry point : 0x08000131

  Load Region LR_IROM1 (Base: 0x08000000, Size: 0x00006340, Max: 0x00010000, ABSOLUTE)

    Execution Region ER_IROM1 (Exec base: 0x08000000, Load base: 0x08000000, Size: 0x000062a0, Max: 0x00010000, ABSOLUTE)

    Exec Addr    Load Addr    Size         Type   Attr      Idx    E Section Name        Object

    0x08000000   0x08000000   0x00000130   Data   RO          373    RESET               startup_stm32f10x_hd.o
    0x08000130   0x08000130   0x00000000   Code   RO          454  * .ARM.Collect$$$$00000000  mc_w.l(entry.o)
    0x08000130   0x08000130   0x00000004   Code   RO          811    .ARM.Collect$$$$00000001  mc_w.l(entry2.o)
    0x08000134   0x08000134   0x00000004   Code   RO          814    .ARM.Collect$$$$00000004  mc_w.l(entry5.o)
    0x08000138   0x08000138   0x00000000   Code   RO          816    .ARM.Collect$$$$00000008  mc_w.l(entry7b.o)
    0x08000138   0x08000138   0x00000000   Code   RO          818    .ARM.Collect$$$$0000000A  mc_w.l(entry8b.o)
    0x08000138   0x08000138   0x00000008   Code   RO          819    .ARM.Collect$$$$0000000B  mc_w.l(entry9a.o)
    0x08000140   0x08000140   0x00000004   Code   RO          826    .ARM.Collect$$$$0000000E  mc_w.l(entry12b.o)
    0x08000144   0x08000144   0x00000000   Code   RO          821    .ARM.Collect$$$$0000000F  mc_w.l(entry10a.o)
    0x08000144   0x08000144   0x00000000   Code   RO          823    .ARM.Collect$$$$00000011  mc_w.l(entry11a.o)
    0x08000144   0x08000144   0x00000004   Code   RO          812    .ARM.Collect$$$$00002712  mc_w.l(entry2.o)
    0x08000148   0x08000148   0x00000790   Code   RO            1    .text               main.o
    0x080008d8   0x080008d8   0x0000001a   Code   RO          144    .text               stm32f10x_it.o
    0x080008f2   0x080008f2   0x00000002   PAD
    0x080008f4   0x080008f4   0x000001e0   Code   RO          185    .text               system_stm32f10x.o
    0x08000ad4   0x08000ad4   0x00000050   Code   RO          203    .text               led.o
    0x08000b24   0x08000b24   0x00001a94   Code   RO          215    .text               cjson.o
    0x080025b8   0x080025b8   0x00000198   Code   RO          257    .text               malloc.o
    0x08002750   0x08002750   0x00000030   Code   RO          277    .text               key.o
    0x08002780   0x08002780   0x00000368   Code   RO          289    .text               aes.o
    0x08002ae8   0x08002ae8   0x000000d4   Code   RO          304    .text               delay.o
    0x08002bbc   0x08002bbc   0x000004d0   Code   RO          335    .text               usart.o
    0x0800308c   0x0800308c   0x00000024   Code   RO          374    .text               startup_stm32f10x_hd.o
    0x080030b0   0x080030b0   0x0000035c   Code   RO          378    .text               stm32f10x_gpio.o
    0x0800340c   0x0800340c   0x000003a4   Code   RO          390    .text               stm32f10x_rcc.o
    0x080037b0   0x080037b0   0x00000408   Code   RO          404    .text               stm32f10x_usart.o
    0x08003bb8   0x08003bb8   0x000000dc   Code   RO          416    .text               misc.o
    0x08003c94   0x08003c94   0x0000000c   Code   RO          457    .text               mc_w.l(tolower.o)
    0x08003ca0   0x08003ca0   0x00000024   Code   RO          459    .text               mc_w.l(memcpya.o)
    0x08003cc4   0x08003cc4   0x00000024   Code   RO          461    .text               mc_w.l(memseta.o)
    0x08003ce8   0x08003ce8   0x00000014   Code   RO          463    .text               mc_w.l(strchr.o)
    0x08003cfc   0x08003cfc   0x0000000e   Code   RO          465    .text               mc_w.l(strlen.o)
    0x08003d0a   0x08003d0a   0x0000001c   Code   RO          467    .text               mc_w.l(strcmp.o)
    0x08003d26   0x08003d26   0x00000012   Code   RO          469    .text               mc_w.l(strcpy.o)
    0x08003d38   0x08003d38   0x0000001e   Code   RO          471    .text               mc_w.l(strncmp.o)
    0x08003d56   0x08003d56   0x00000002   PAD
    0x08003d58   0x08003d58   0x00000038   Code   RO          764    .text               mc_w.l(__0sscanf.o)
    0x08003d90   0x08003d90   0x0000014c   Code   RO          766    .text               mc_w.l(_scanf_int.o)
    0x08003edc   0x08003edc   0x0000014e   Code   RO          768    .text               mf_w.l(dadd.o)
    0x0800402a   0x0800402a   0x000000e4   Code   RO          770    .text               mf_w.l(dmul.o)
    0x0800410e   0x0800410e   0x00000022   Code   RO          772    .text               mf_w.l(dflti.o)
    0x08004130   0x08004130   0x0000001a   Code   RO          774    .text               mf_w.l(dfltui.o)
    0x0800414a   0x0800414a   0x0000003e   Code   RO          776    .text               mf_w.l(dfixi.o)
    0x08004188   0x08004188   0x00000026   Code   RO          778    .text               mf_w.l(f2d.o)
    0x080041ae   0x080041ae   0x00000002   PAD
    0x080041b0   0x080041b0   0x00000030   Code   RO          780    .text               mf_w.l(cdcmple.o)
    0x080041e0   0x080041e0   0x00000030   Code   RO          782    .text               mf_w.l(cdrcmple.o)
    0x08004210   0x08004210   0x0000002c   Code   RO          827    .text               mc_w.l(uidiv.o)
    0x0800423c   0x0800423c   0x00000062   Code   RO          829    .text               mc_w.l(uldiv.o)
    0x0800429e   0x0800429e   0x0000001e   Code   RO          831    .text               mc_w.l(llshl.o)
    0x080042bc   0x080042bc   0x00000020   Code   RO          833    .text               mc_w.l(llushr.o)
    0x080042dc   0x080042dc   0x00000024   Code   RO          835    .text               mc_w.l(llsshr.o)
    0x08004300   0x08004300   0x0000001c   Code   RO          846    .text               mc_w.l(_chval.o)
    0x0800431c   0x0800431c   0x00000028   Code   RO          848    .text               mc_w.l(scanf_char.o)
    0x08004344   0x08004344   0x00000040   Code   RO          850    .text               mc_w.l(_sgetc.o)
    0x08004384   0x08004384   0x00000000   Code   RO          852    .text               mc_w.l(iusefp.o)
    0x08004384   0x08004384   0x000000ba   Code   RO          853    .text               mf_w.l(depilogue.o)
    0x0800443e   0x0800443e   0x000000de   Code   RO          855    .text               mf_w.l(ddiv.o)
    0x0800451c   0x0800451c   0x0000002e   Code   RO          857    .text               mf_w.l(dscalb.o)
    0x0800454a   0x0800454a   0x00000030   Code   RO          859    .text               mf_w.l(dfixul.o)
    0x0800457a   0x0800457a   0x00000002   PAD
    0x0800457c   0x0800457c   0x00000024   Code   RO          861    .text               mc_w.l(init.o)
    0x080045a0   0x080045a0   0x0000000a   Code   RO          863    .text               mc_w.l(isspace_c.o)
    0x080045aa   0x080045aa   0x00000002   PAD
    0x080045ac   0x080045ac   0x00000330   Code   RO          865    .text               mc_w.l(_scanf.o)
    0x080048dc   0x080048dc   0x000000a2   Code   RO          867    .text               mf_w.l(dsqrt.o)
    0x0800497e   0x0800497e   0x00000002   PAD
    0x08004980   0x08004980   0x00000028   Code   RO          869    .text               mc_w.l(ctype_c.o)
    0x080049a8   0x080049a8   0x00000020   Code   RO          708    i.__0printf         mc_w.l(printfa.o)
    0x080049c8   0x080049c8   0x00000028   Code   RO          710    i.__0sprintf        mc_w.l(printfa.o)
    0x080049f0   0x080049f0   0x00000024   Code   RO          714    i.__0vsprintf       mc_w.l(printfa.o)
    0x08004a14   0x08004a14   0x00000028   Code   RO          798    i.__ARM_fpclassify  m_ws.l(fpclassify.o)
    0x08004a3c   0x08004a3c   0x000000aa   Code   RO          800    i.__kernel_poly     m_ws.l(poly.o)
    0x08004ae6   0x08004ae6   0x00000002   PAD
    0x08004ae8   0x08004ae8   0x00000010   Code   RO          784    i.__mathlib_dbl_divzero  m_ws.l(dunder.o)
    0x08004af8   0x08004af8   0x00000004   Code   RO          786    i.__mathlib_dbl_infnan2  m_ws.l(dunder.o)
    0x08004afc   0x08004afc   0x0000000c   Code   RO          787    i.__mathlib_dbl_invalid  m_ws.l(dunder.o)
    0x08004b08   0x08004b08   0x0000000e   Code   RO          788    i.__mathlib_dbl_overflow  m_ws.l(dunder.o)
    0x08004b16   0x08004b16   0x00000002   PAD
    0x08004b18   0x08004b18   0x00000010   Code   RO          790    i.__mathlib_dbl_underflow  m_ws.l(dunder.o)
    0x08004b28   0x08004b28   0x0000000e   Code   RO          874    i.__scatterload_copy  mc_w.l(handlers.o)
    0x08004b36   0x08004b36   0x00000002   Code   RO          875    i.__scatterload_null  mc_w.l(handlers.o)
    0x08004b38   0x08004b38   0x0000000e   Code   RO          876    i.__scatterload_zeroinit  mc_w.l(handlers.o)
    0x08004b46   0x08004b46   0x00000002   PAD
    0x08004b48   0x08004b48   0x0000000c   Code   RO          841    i.__set_errno       mc_w.l(errno.o)
    0x08004b54   0x08004b54   0x00000184   Code   RO          715    i._fp_digits        mc_w.l(printfa.o)
    0x08004cd8   0x08004cd8   0x000006b4   Code   RO          716    i._printf_core      mc_w.l(printfa.o)
    0x0800538c   0x0800538c   0x00000024   Code   RO          717    i._printf_post_padding  mc_w.l(printfa.o)
    0x080053b0   0x080053b0   0x0000002e   Code   RO          718    i._printf_pre_padding  mc_w.l(printfa.o)
    0x080053de   0x080053de   0x0000000a   Code   RO          720    i._sputc            mc_w.l(printfa.o)
    0x080053e8   0x080053e8   0x000000dc   Code   RO          441    i.floor             m_ws.l(floor.o)
    0x080054c4   0x080054c4   0x00000050   Code   RO          736    i.free              mc_w.l(malloc.o)
    0x08005514   0x08005514   0x0000006c   Code   RO          737    i.malloc            mc_w.l(malloc.o)
    0x08005580   0x08005580   0x000009d8   Code   RO          445    i.pow               m_ws.l(pow.o)
    0x08005f58   0x08005f58   0x0000004c   Code   RO          804    i.sqrt              m_ws.l(sqrt.o)
    0x08005fa4   0x08005fa4   0x00000007   Data   RO          216    .constdata          cjson.o
    0x08005fab   0x08005fab   0x00000200   Data   RO          291    .constdata          aes.o
    0x080061ab   0x080061ab   0x00000005   PAD
    0x080061b0   0x080061b0   0x00000088   Data   RO          446    .constdata          m_ws.l(pow.o)
    0x08006238   0x08006238   0x00000008   Data   RO          802    .constdata          m_ws.l(qnan.o)
    0x08006240   0x08006240   0x00000040   Data   RO          870    .constdata          mc_w.l(ctype_c.o)
    0x08006280   0x08006280   0x00000020   Data   RO          872    Region$$Table       anon$$obj.o


    Execution Region RW_IRAM1 (Exec base: 0x20000000, Load base: 0x080062a0, Size: 0x00004e28, Max: 0x00005000, ABSOLUTE)

    Exec Addr    Load Addr    Size         Type   Attr      Idx    E Section Name        Object

    0x20000000   0x080062a0   0x00000034   Data   RW            3    .data               main.o
    0x20000034   0x080062d4   0x00000014   Data   RW          186    .data               system_stm32f10x.o
    0x20000048   0x080062e8   0x0000000c   Data   RW          217    .data               cjson.o
    0x20000054   0x080062f4   0x00000014   Data   RW          260    .data               malloc.o
    0x20000068   0x08006308   0x00000004   Data   RW          305    .data               delay.o
    0x2000006c   0x0800630c   0x00000011   Data   RW          337    .data               usart.o
    0x2000007d   0x0800631d   0x00000014   Data   RW          391    .data               stm32f10x_rcc.o
    0x20000091   0x08006331   0x00000003   PAD
    0x20000094   0x08006334   0x00000004   Data   RW          837    .data               mc_w.l(mvars.o)
    0x20000098   0x08006338   0x00000004   Data   RW          838    .data               mc_w.l(mvars.o)
    0x2000009c   0x0800633c   0x00000004   Data   RW          842    .data               mc_w.l(errno.o)
    0x200000a0        -       0x0000000c   Zero   RW            2    .bss                main.o
    0x200000ac        -       0x00004400   Zero   RW          258    .bss                malloc.o
    0x200044ac        -       0x000000b0   Zero   RW          290    .bss                aes.o
    0x2000455c        -       0x000002c8   Zero   RW          336    .bss                usart.o
    0x20004824   0x08006340   0x00000004   PAD
    0x20004828        -       0x00000200   Zero   RW          372    HEAP                startup_stm32f10x_hd.o
    0x20004a28        -       0x00000400   Zero   RW          371    STACK               startup_stm32f10x_hd.o


==============================================================================

Image component sizes


      Code (inc. data)   RO Data    RW Data    ZI Data      Debug   Object Name

       872         16        512          0        176       4279   aes.o
      6804        218          7         12          0      24700   cjson.o
       212         18          0          4          0       1055   delay.o
        48          8          0          0          0        491   key.o
        80          8          0          0          0        503   led.o
      1936        510          0         52         12     237843   main.o
       408          4          0         20      17408       4141   malloc.o
       220         22          0          0          0       1817   misc.o
        36          8        304          0       1536        788   startup_stm32f10x_hd.o
       860         38          0          0          0       5749   stm32f10x_gpio.o
        26          0          0          0          0       1186   stm32f10x_it.o
       932         36          0         20          0       8932   stm32f10x_rcc.o
      1032         22          0          0          0       8472   stm32f10x_usart.o
         0          0          0          0          0         32   sys.o
       480         38          0         20          0       1763   system_stm32f10x.o
      1232         82          0         17        712       6388   usart.o

    ----------------------------------------------------------------------
     15180       1028        860        148      19848     308139   Object Totals
         0          0         32          0          0          0   (incl. Generated)
         2          0          5          3          4          0   (incl. Padding)

    ----------------------------------------------------------------------

      Code (inc. data)   RO Data    RW Data    ZI Data      Debug   Library Member Name

        62         10          0          0          0        340   dunder.o
       220         16          0          0          0         84   floor.o
        40          0          0          0          0         68   fpclassify.o
       170          0          0          0          0         96   poly.o
      2520        190        136          0          0        324   pow.o
         0          0          8          0          0          0   qnan.o
        76          0          0          0          0         84   sqrt.o
        56          8          0          0          0         84   __0sscanf.o
        28          0          0          0          0         68   _chval.o
       816          6          0          0          0        112   _scanf.o
       332          0          0          0          0         96   _scanf_int.o
        64          0          0          0          0         84   _sgetc.o
        40          6         64          0          0         68   ctype_c.o
         0          0          0          0          0          0   entry.o
         0          0          0          0          0          0   entry10a.o
         0          0          0          0          0          0   entry11a.o
         4          0          0          0          0          0   entry12b.o
         8          4          0          0          0          0   entry2.o
         4          0          0          0          0          0   entry5.o
         0          0          0          0          0          0   entry7b.o
         0          0          0          0          0          0   entry8b.o
         8          4          0          0          0          0   entry9a.o
        12          6          0          4          0         68   errno.o
        30          0          0          0          0          0   handlers.o
        36          8          0          0          0         68   init.o
        10          0          0          0          0         68   isspace_c.o
         0          0          0          0          0          0   iusefp.o
        30          0          0          0          0         68   llshl.o
        36          0          0          0          0         68   llsshr.o
        32          0          0          0          0         68   llushr.o
       188         20          0          0          0        160   malloc.o
        36          0          0          0          0         68   memcpya.o
        36          0          0          0          0        108   memseta.o
         0          0          0          8          0          0   mvars.o
      2304        102          0          0          0        696   printfa.o
        40          8          0          0          0         84   scanf_char.o
        20          0          0          0          0         68   strchr.o
        28          0          0          0          0         76   strcmp.o
        18          0          0          0          0         68   strcpy.o
        14          0          0          0          0         68   strlen.o
        30          0          0          0          0         80   strncmp.o
        12          0          0          0          0         68   tolower.o
        44          0          0          0          0         80   uidiv.o
        98          0          0          0          0         92   uldiv.o
        48          0          0          0          0         68   cdcmple.o
        48          0          0          0          0         68   cdrcmple.o
       334          0          0          0          0        148   dadd.o
       222          0          0          0          0        100   ddiv.o
       186          0          0          0          0        176   depilogue.o
        62          0          0          0          0         80   dfixi.o
        48          0          0          0          0         68   dfixul.o
        34          0          0          0          0         76   dflti.o
        26          0          0          0          0         76   dfltui.o
       228          0          0          0          0         96   dmul.o
        46          0          0          0          0         80   dscalb.o
       162          0          0          0          0        100   dsqrt.o
        38          0          0          0          0         68   f2d.o

    ----------------------------------------------------------------------
      9000        388        208         12          0       4836   Library Totals
        16          0          0          0          0          0   (incl. Padding)

    ----------------------------------------------------------------------

      Code (inc. data)   RO Data    RW Data    ZI Data      Debug   Library Name

      3088        216        144          0          0        996   m_ws.l
      4414        172         64         12          0       2636   mc_w.l
      1482          0          0          0          0       1204   mf_w.l

    ----------------------------------------------------------------------
      9000        388        208         12          0       4836   Library Totals

    ----------------------------------------------------------------------

==============================================================================


      Code (inc. data)   RO Data    RW Data    ZI Data      Debug   

     24180       1416       1068        160      19848     309279   Grand Totals
     24180       1416       1068        160      19848     309279   ELF Image Totals
     24180       1416       1068        160          0          0   ROM Totals

==============================================================================

    Total RO  Size (Code + RO Data)                25248 (  24.66kB)
    Total RW  Size (RW Data + ZI Data)             20008 (  19.54kB)
    Total ROM Size (Code + RO Data + RW Data)      25408 (  24.81kB)

==============================================================================

